35.85.230.150 - - [19/Feb/2022:10:25:22 +0800] "GET / HTTP/1.1" 200 806 "-" "Mozilla/5.0 (Windows NT 10.0; Win64; x64) AppleWebKit/537.36 (KHTML, like Gecko; compatible; BW/1.1; bit.ly/2W6Px8S; 16d85f799d) Chrome/84.0.4147.105 Safari/537.36"
35.85.230.150 - - [19/Feb/2022:10:25:24 +0800] "GET /robots.txt HTTP/1.1" 404 963 "-" "Mozilla/5.0 (Windows NT 10.0; Win64; x64) AppleWebKit/537.36 (KHTML, like Gecko; compatible; BW/1.1; bit.ly/2W6Px8S; 16d85f799d) Chrome/84.0.4147.105 Safari/537.36"
193.56.29.127 - - [19/Feb/2022:14:20:04 +0800] "GET / HTTP/1.1" 200 953 "-" "Mozilla/5.0 (Windows NT 10.0; Win64; x64) AppleWebKit/537.36 (KHTML, like Gecko) Chrome/79.0 Safari/537.36"
193.56.29.127 - - [19/Feb/2022:14:20:04 +0800] "GET //wp-includes/wlwmanifest.xml HTTP/1.1" 404 1126 "-" "Mozilla/5.0 (Windows NT 10.0; Win64; x64) AppleWebKit/537.36 (KHTML, like Gecko) Chrome/79.0 Safari/537.36"
193.56.29.127 - - [19/Feb/2022:14:20:04 +0800] "GET //xmlrpc.php?rsd HTTP/1.1" 404 1126 "-" "Mozilla/5.0 (Windows NT 10.0; Win64; x64) AppleWebKit/537.36 (KHTML, like Gecko) Chrome/79.0 Safari/537.36"
193.56.29.127 - - [19/Feb/2022:14:20:04 +0800] "GET / HTTP/1.1" 200 775 "-" "Mozilla/5.0 (Windows NT 10.0; Win64; x64) AppleWebKit/537.36 (KHTML, like Gecko) Chrome/79.0 Safari/537.36"
193.56.29.127 - - [19/Feb/2022:14:20:04 +0800] "GET //blog/wp-includes/wlwmanifest.xml HTTP/1.1" 404 1126 "-" "Mozilla/5.0 (Windows NT 10.0; Win64; x64) AppleWebKit/537.36 (KHTML, like Gecko) Chrome/79.0 Safari/537.36"
193.56.29.127 - - [19/Feb/2022:14:20:05 +0800] "GET //web/wp-includes/wlwmanifest.xml HTTP/1.1" 404 1126 "-" "Mozilla/5.0 (Windows NT 10.0; Win64; x64) AppleWebKit/537.36 (KHTML, like Gecko) Chrome/79.0 Safari/537.36"
193.56.29.127 - - [19/Feb/2022:14:20:05 +0800] "GET //wordpress/wp-includes/wlwmanifest.xml HTTP/1.1" 404 1126 "-" "Mozilla/5.0 (Windows NT 10.0; Win64; x64) AppleWebKit/537.36 (KHTML, like Gecko) Chrome/79.0 Safari/537.36"
193.56.29.127 - - [19/Feb/2022:14:20:05 +0800] "GET //website/wp-includes/wlwmanifest.xml HTTP/1.1" 404 1126 "-" "Mozilla/5.0 (Windows NT 10.0; Win64; x64) AppleWebKit/537.36 (KHTML, like Gecko) Chrome/79.0 Safari/537.36"
193.56.29.127 - - [19/Feb/2022:14:20:05 +0800] "GET //wp/wp-includes/wlwmanifest.xml HTTP/1.1" 404 1126 "-" "Mozilla/5.0 (Windows NT 10.0; Win64; x64) AppleWebKit/537.36 (KHTML, like Gecko) Chrome/79.0 Safari/537.36"
193.56.29.127 - - [19/Feb/2022:14:20:05 +0800] "GET //news/wp-includes/wlwmanifest.xml HTTP/1.1" 404 1126 "-" "Mozilla/5.0 (Windows NT 10.0; Win64; x64) AppleWebKit/537.36 (KHTML, like Gecko) Chrome/79.0 Safari/537.36"
193.56.29.127 - - [19/Feb/2022:14:20:06 +0800] "GET //wp1/wp-includes/wlwmanifest.xml HTTP/1.1" 404 1126 "-" "Mozilla/5.0 (Windows NT 10.0; Win64; x64) AppleWebKit/537.36 (KHTML, like Gecko) Chrome/79.0 Safari/537.36"
193.56.29.127 - - [19/Feb/2022:14:20:06 +0800] "GET //test/wp-includes/wlwmanifest.xml HTTP/1.1" 404 1126 "-" "Mozilla/5.0 (Windows NT 10.0; Win64; x64) AppleWebKit/537.36 (KHTML, like Gecko) Chrome/79.0 Safari/537.36"
193.56.29.127 - - [19/Feb/2022:14:20:06 +0800] "GET //wp2/wp-includes/wlwmanifest.xml HTTP/1.1" 404 1126 "-" "Mozilla/5.0 (Windows NT 10.0; Win64; x64) AppleWebKit/537.36 (KHTML, like Gecko) Chrome/79.0 Safari/537.36"
193.56.29.127 - - [19/Feb/2022:14:20:06 +0800] "GET //site/wp-includes/wlwmanifest.xml HTTP/1.1" 404 1126 "-" "Mozilla/5.0 (Windows NT 10.0; Win64; x64) AppleWebKit/537.36 (KHTML, like Gecko) Chrome/79.0 Safari/537.36"
193.56.29.127 - - [19/Feb/2022:14:20:06 +0800] "GET //cms/wp-includes/wlwmanifest.xml HTTP/1.1" 404 1126 "-" "Mozilla/5.0 (Windows NT 10.0; Win64; x64) AppleWebKit/537.36 (KHTML, like Gecko) Chrome/79.0 Safari/537.36"
193.56.29.127 - - [19/Feb/2022:14:20:06 +0800] "GET //sito/wp-includes/wlwmanifest.xml HTTP/1.1" 404 1126 "-" "Mozilla/5.0 (Windows NT 10.0; Win64; x64) AppleWebKit/537.36 (KHTML, like Gecko) Chrome/79.0 Safari/537.36"
207.46.13.235 - - [20/Feb/2022:00:59:02 +0800] "GET /robots.txt HTTP/2" 404 457 "-" "Mozilla/5.0 (compatible; bingbot/2.0; +http://www.bing.com/bingbot.htm)"
207.46.13.124 - - [20/Feb/2022:00:59:10 +0800] "GET / HTTP/2" 200 307 "-" "Mozilla/5.0 (compatible; bingbot/2.0; +http://www.bing.com/bingbot.htm)"
66.249.71.221 - - [20/Feb/2022:08:40:37 +0800] "GET /robots.txt HTTP/1.1" 404 910 "-" "Mozilla/5.0 (compatible; Googlebot/2.1; +http://www.google.com/bot.html)"
66.249.71.219 - - [20/Feb/2022:08:40:39 +0800] "GET /ads.txt HTTP/1.1" 404 910 "-" "Mozilla/5.0 (compatible; Googlebot/2.1; +http://www.google.com/bot.html)"
66.249.71.219 - - [20/Feb/2022:14:58:29 +0800] "GET /ads.txt HTTP/1.1" 404 910 "-" "Mozilla/5.0 (compatible; Googlebot/2.1; +http://www.google.com/bot.html)"
207.46.13.124 - - [20/Feb/2022:15:43:35 +0800] "GET / HTTP/2" 200 307 "-" "Mozilla/5.0 (compatible; bingbot/2.0; +http://www.bing.com/bingbot.htm)"
207.46.13.124 - - [21/Feb/2022:01:35:03 +0800] "GET / HTTP/2" 200 307 "-" "Mozilla/5.0 (compatible; bingbot/2.0; +http://www.bing.com/bingbot.htm)"
66.249.71.223 - - [21/Feb/2022:08:34:00 +0800] "GET /robots.txt HTTP/1.1" 404 910 "-" "Mozilla/5.0 (compatible; Googlebot/2.1; +http://www.google.com/bot.html)"
66.249.71.219 - - [21/Feb/2022:14:40:03 +0800] "GET /ads.txt HTTP/1.1" 404 910 "-" "Mozilla/5.0 (compatible; Googlebot/2.1; +http://www.google.com/bot.html)"
207.46.13.124 - - [21/Feb/2022:16:29:50 +0800] "GET / HTTP/2" 200 307 "-" "Mozilla/5.0 (compatible; bingbot/2.0; +http://www.bing.com/bingbot.htm)"
66.249.71.219 - - [22/Feb/2022:00:30:32 +0800] "GET /robots.txt HTTP/1.1" 404 910 "-" "Mozilla/5.0 (compatible; Googlebot/2.1; +http://www.google.com/bot.html)"
66.249.71.221 - - [22/Feb/2022:00:30:33 +0800] "GET / HTTP/1.1" 200 732 "-" "Mozilla/5.0 (compatible; Googlebot/2.1; +http://www.google.com/bot.html)"
207.46.13.235 - - [22/Feb/2022:02:18:42 +0800] "GET /robots.txt HTTP/2" 404 457 "-" "Mozilla/5.0 (compatible; bingbot/2.0; +http://www.bing.com/bingbot.htm)"
207.46.13.124 - - [22/Feb/2022:02:18:46 +0800] "GET / HTTP/2" 200 307 "-" "Mozilla/5.0 (compatible; bingbot/2.0; +http://www.bing.com/bingbot.htm)"
66.249.71.223 - - [22/Feb/2022:02:45:33 +0800] "GET / HTTP/1.1" 200 732 "-" "Mozilla/5.0 (Linux; Android 6.0.1; Nexus 5X Build/MMB29P) AppleWebKit/537.36 (KHTML, like Gecko) Chrome/98.0.4758.102 Mobile Safari/537.36 (compatible; Googlebot/2.1; +http://www.google.com/bot.html)"
201.149.55.226 - - [22/Feb/2022:03:56:56 +0800] "GET /wp/3index.php?f=/NmRtJOUjAdutReQj/scRjKUhleBpzmTyO.txt HTTP/1.1" 404 1267 "mypage.my" "Mozilla/5.0 (Windows NT 6.1; WOW64) AppleWebKit/537.36 (KHTML, like Gecko) Chrome/50.0.2661.75 Safari/537.36"
201.149.55.226 - - [22/Feb/2022:03:56:58 +0800] "GET /3index.php?f=/NmRtJOUjAdutReQj/scRjKUhleBpzmTyO.txt HTTP/1.1" 404 1267 "mypage.my" "Mozilla/5.0 (Windows NT 6.1; WOW64) AppleWebKit/537.36 (KHTML, like Gecko) Chrome/50.0.2661.75 Safari/537.36"
201.149.55.226 - - [22/Feb/2022:03:57:45 +0800] "GET /wp/admin.php?f=/NmRtJOUjAdutReQj/scRjKUhleBpzmTyO.txt HTTP/1.1" 404 1267 "mypage.my" "Mozilla/5.0 (Windows NT 6.1; WOW64) AppleWebKit/537.36 (KHTML, like Gecko) Chrome/50.0.2661.75 Safari/537.36"
201.149.55.226 - - [22/Feb/2022:03:57:59 +0800] "GET /admin.php?f=/NmRtJOUjAdutReQj/scRjKUhleBpzmTyO.txt HTTP/1.1" 404 1267 "mypage.my" "Mozilla/5.0 (Windows NT 6.1; WOW64) AppleWebKit/537.36 (KHTML, like Gecko) Chrome/50.0.2661.75 Safari/537.36"
120.235.165.224 - - [22/Feb/2022:05:50:29 +0800] "GET / HTTP/1.1" 200 775 "-" "-"
66.249.71.221 - - [22/Feb/2022:14:12:01 +0800] "GET /robots.txt HTTP/1.1" 404 910 "-" "Mozilla/5.0 (compatible; Googlebot/2.1; +http://www.google.com/bot.html)"
66.249.71.221 - - [22/Feb/2022:14:12:05 +0800] "GET /ads.txt HTTP/1.1" 404 910 "-" "Mozilla/5.0 (compatible; Googlebot/2.1; +http://www.google.com/bot.html)"
207.46.13.124 - - [22/Feb/2022:17:09:03 +0800] "GET / HTTP/2" 200 307 "-" "Mozilla/5.0 (compatible; bingbot/2.0; +http://www.bing.com/bingbot.htm)"
207.46.13.124 - - [23/Feb/2022:02:51:21 +0800] "GET / HTTP/2" 200 307 "-" "Mozilla/5.0 (compatible; bingbot/2.0; +http://www.bing.com/bingbot.htm)"
165.154.230.113 - - [23/Feb/2022:03:14:40 +0800] "GET / HTTP/1.1" 200 775 "-" "-"
34.245.187.174 - - [23/Feb/2022:04:36:48 +0800] "GET / HTTP/2" 200 198 "-" "Mozilla/5.0 (X11; Linux x86_64) AppleWebKit/537.36 (KHTML, like Gecko) HeadlessChrome/78.0.3882.0 Safari/537.36"
34.251.37.80 - - [23/Feb/2022:05:57:29 +0800] "GET / HTTP/2" 200 198 "-" "Mozilla/5.0 (X11; Linux x86_64) AppleWebKit/537.36 (KHTML, like Gecko) HeadlessChrome/78.0.3882.0 Safari/537.36"
54.74.254.168 - - [23/Feb/2022:07:38:06 +0800] "GET / HTTP/2" 200 198 "-" "Mozilla/5.0 (X11; Linux x86_64) AppleWebKit/537.36 (KHTML, like Gecko) HeadlessChrome/78.0.3882.0 Safari/537.36"
66.249.71.201 - - [23/Feb/2022:07:49:27 +0800] "GET /robots.txt HTTP/1.1" 404 910 "-" "Mozilla/5.0 (compatible; Googlebot/2.1; +http://www.google.com/bot.html)"
66.249.71.201 - - [23/Feb/2022:07:49:32 +0800] "GET /ads.txt HTTP/1.1" 404 910 "-" "Mozilla/5.0 (compatible; Googlebot/2.1; +http://www.google.com/bot.html)"
40.77.167.61 - - [23/Feb/2022:18:02:48 +0800] "GET / HTTP/2" 200 307 "-" "Mozilla/5.0 (compatible; bingbot/2.0; +http://www.bing.com/bingbot.htm)"
66.249.71.223 - - [23/Feb/2022:23:18:44 +0800] "GET /robots.txt HTTP/1.1" 404 910 "-" "Mozilla/5.0 (compatible; Googlebot/2.1; +http://www.google.com/bot.html)"
66.249.71.223 - - [23/Feb/2022:23:18:44 +0800] "GET /feed/ HTTP/1.1" 404 732 "-" "Mozilla/5.0 (Linux; Android 6.0.1; Nexus 5X Build/MMB29P) AppleWebKit/537.36 (KHTML, like Gecko) Chrome/98.0.4758.102 Mobile Safari/537.36 (compatible; Googlebot/2.1; +http://www.google.com/bot.html)"
66.249.71.219 - - [24/Feb/2022:00:49:29 +0800] "GET / HTTP/1.1" 200 732 "-" "Mozilla/5.0 (compatible; Googlebot/2.1; +http://www.google.com/bot.html)"
66.249.71.221 - - [24/Feb/2022:00:51:10 +0800] "GET / HTTP/1.1" 200 732 "-" "Mozilla/5.0 (Linux; Android 6.0.1; Nexus 5X Build/MMB29P) AppleWebKit/537.36 (KHTML, like Gecko) Chrome/98.0.4758.102 Mobile Safari/537.36 (compatible; Googlebot/2.1; +http://www.google.com/bot.html)"
66.249.71.223 - - [24/Feb/2022:01:09:10 +0800] "GET /robots.txt HTTP/1.1" 404 910 "-" "Mozilla/5.0 (compatible; Googlebot/2.1; +http://www.google.com/bot.html)"
165.154.230.113 - - [24/Feb/2022:01:18:24 +0800] "GET / HTTP/1.1" 200 775 "-" "-"
207.46.13.235 - - [24/Feb/2022:03:30:56 +0800] "GET /robots.txt HTTP/2" 404 457 "-" "Mozilla/5.0 (compatible; bingbot/2.0; +http://www.bing.com/bingbot.htm)"
40.77.167.61 - - [24/Feb/2022:03:31:03 +0800] "GET / HTTP/2" 200 307 "-" "Mozilla/5.0 (compatible; bingbot/2.0; +http://www.bing.com/bingbot.htm)"
115.164.206.222 - - [24/Feb/2022:04:30:33 +0800] "GET / HTTP/2" 200 198 "-" "Mozilla/5.0 (Windows NT 10.0; Win64; x64) AppleWebKit/537.36 (KHTML, like Gecko) Chrome/98.0.4758.102 Safari/537.36"
115.164.206.222 - - [24/Feb/2022:04:30:43 +0800] "GET /telegram.php HTTP/1.1" 200 0 "-" "Mozilla/5.0 (Windows NT 10.0; Win64; x64) AppleWebKit/537.36 (KHTML, like Gecko) Chrome/98.0.4758.102 Safari/537.36"
115.164.206.222 - - [24/Feb/2022:04:30:46 +0800] "GET /favicon.ico HTTP/1.1" 404 0 "https://mypage.my/telegram.php" "Mozilla/5.0 (Windows NT 10.0; Win64; x64) AppleWebKit/537.36 (KHTML, like Gecko) Chrome/98.0.4758.102 Safari/537.36"
115.164.206.222 - - [24/Feb/2022:04:32:09 +0800] "GET /telegram.php HTTP/1.1" 200 0 "-" "Mozilla/5.0 (Windows NT 10.0; Win64; x64) AppleWebKit/537.36 (KHTML, like Gecko) Chrome/98.0.4758.102 Safari/537.36"
115.164.206.222 - - [24/Feb/2022:04:39:55 +0800] "GET /telegram.php HTTP/1.1" 200 0 "-" "Mozilla/5.0 (Windows NT 10.0; Win64; x64) AppleWebKit/537.36 (KHTML, like Gecko) Chrome/98.0.4758.102 Safari/537.36"
66.249.71.219 - - [24/Feb/2022:07:30:57 +0800] "GET /ads.txt HTTP/1.1" 404 910 "-" "Mozilla/5.0 (compatible; Googlebot/2.1; +http://www.google.com/bot.html)"
66.249.71.221 - - [24/Feb/2022:07:31:01 +0800] "GET /ads.txt HTTP/1.1" 404 910 "-" "Mozilla/5.0 (compatible; Googlebot/2.1; +http://www.google.com/bot.html)"
54.205.97.151 - - [24/Feb/2022:13:10:57 +0800] "GET / HTTP/1.1" 200 953 "-" "Mozilla/5.0 (X11; Linux x86_64) AppleWebKit/537.36 (KHTML, like Gecko) Chrome/58.0.3029.110 Safari/537.36"
66.249.71.221 - - [24/Feb/2022:13:19:46 +0800] "GET /robots.txt HTTP/1.1" 404 910 "-" "Mozilla/5.0 (compatible; Googlebot/2.1; +http://www.google.com/bot.html)"
185.181.60.189 - - [24/Feb/2022:14:24:45 +0800] "GET / HTTP/2" 200 307 "-" "Mozilla/5.0 (Windows NT 10.0; Win64; x64) AppleWebKit/537.36 (KHTML, like Gecko) Chrome/91.0.4472.114 Safari/537.36 Edg/91.0.864.54"
40.77.167.61 - - [24/Feb/2022:18:38:31 +0800] "GET / HTTP/2" 200 307 "-" "Mozilla/5.0 (compatible; bingbot/2.0; +http://www.bing.com/bingbot.htm)"
66.249.71.223 - - [24/Feb/2022:21:04:50 +0800] "GET /feed/ HTTP/1.1" 404 910 "-" "Mozilla/5.0 (compatible; Googlebot/2.1; +http://www.google.com/bot.html)"
66.249.71.219 - - [25/Feb/2022:00:07:38 +0800] "GET /feed/ HTTP/1.1" 404 910 "-" "Mozilla/5.0 (Linux; Android 6.0.1; Nexus 5X Build/MMB29P) AppleWebKit/537.36 (KHTML, like Gecko) Chrome/98.0.4758.102 Mobile Safari/537.36 (compatible; Googlebot/2.1; +http://www.google.com/bot.html)"
34.254.154.222 - - [25/Feb/2022:03:53:08 +0800] "GET / HTTP/2" 200 198 "-" "Mozilla/5.0 (X11; Linux x86_64) AppleWebKit/537.36 (KHTML, like Gecko) HeadlessChrome/78.0.3882.0 Safari/537.36"
40.77.167.61 - - [25/Feb/2022:04:00:26 +0800] "GET / HTTP/2" 200 307 "-" "Mozilla/5.0 (compatible; bingbot/2.0; +http://www.bing.com/bingbot.htm)"
138.246.253.24 - - [25/Feb/2022:04:49:23 +0800] "GET /robots.txt HTTP/1.1" 404 1304 "-" "Mozilla/5.0 (Windows NT 10.0; Win64; x64) AppleWebKit/537.36 (KHTML, like Gecko) Chrome/88.0.4324.146 Safari/537.36"
54.36.148.136 - - [25/Feb/2022:04:50:27 +0800] "GET /robots.txt HTTP/2" 404 369 "-" "Mozilla/5.0 (compatible; AhrefsBot/7.0; +http://ahrefs.com/robot/)"
66.249.71.223 - - [25/Feb/2022:07:12:54 +0800] "GET /ads.txt HTTP/1.1" 404 910 "-" "Mozilla/5.0 (compatible; Googlebot/2.1; +http://www.google.com/bot.html)"
66.249.71.221 - - [25/Feb/2022:07:12:53 +0800] "GET /robots.txt HTTP/1.1" 404 910 "-" "Mozilla/5.0 (compatible; Googlebot/2.1; +http://www.google.com/bot.html)"
138.246.253.15 - - [25/Feb/2022:13:31:04 +0800] "HEAD / HTTP/1.1" 200 0 "-" "quic-go-HTTP/3"
40.77.167.61 - - [25/Feb/2022:15:35:33 +0800] "GET / HTTP/2" 200 307 "-" "Mozilla/5.0 (compatible; bingbot/2.0; +http://www.bing.com/bingbot.htm)"
3.248.250.42 - - [25/Feb/2022:21:19:00 +0800] "GET / HTTP/2" 200 198 "-" "Mozilla/5.0 (X11; Linux x86_64) AppleWebKit/537.36 (KHTML, like Gecko) HeadlessChrome/78.0.3882.0 Safari/537.36"
144.217.135.228 - - [25/Feb/2022:21:56:10 +0800] "GET / HTTP/1.1" 200 916 "-" "Mozilla/5.0 (compatible; Dataprovider.com)"
144.217.135.228 - - [25/Feb/2022:21:56:13 +0800] "GET /robots.txt HTTP/1.1" 404 1267 "-" "Mozilla/5.0 (compatible; Dataprovider.com)"
144.217.135.228 - - [25/Feb/2022:21:56:14 +0800] "GET /sitemap.xml HTTP/1.1" 404 1267 "-" "Mozilla/5.0 (compatible; Dataprovider.com)"
144.217.135.228 - - [25/Feb/2022:21:56:15 +0800] "GET / HTTP/1.1" 200 916 "-" "Mozilla/5.0 (compatible; Dataprovider.com)"
144.217.135.228 - - [25/Feb/2022:21:56:16 +0800] "GET /ads.txt HTTP/1.1" 404 1267 "-" "Mozilla/5.0 (compatible; Dataprovider.com)"
144.217.135.228 - - [25/Feb/2022:21:56:17 +0800] "GET / HTTP/1.1" 200 916 "-" "Mozilla/5.0 (Linux; Android 5.1.1; SM-G925F Build/LMY47X) AppleWebKit/537.36 (KHTML, like Gecko) Chrome/45.0.2454.94 Mobile Safari/537.36"
144.217.135.213 - - [25/Feb/2022:21:56:30 +0800] "GET / HTTP/2" 200 198 "-" "Mozilla/5.0 (compatible; Dataprovider.com)"
207.46.13.235 - - [26/Feb/2022:05:01:49 +0800] "GET /robots.txt HTTP/2" 404 457 "-" "Mozilla/5.0 (compatible; bingbot/2.0; +http://www.bing.com/bingbot.htm)"
207.46.13.78 - - [26/Feb/2022:05:01:58 +0800] "GET / HTTP/2" 200 307 "-" "Mozilla/5.0 (compatible; bingbot/2.0; +http://www.bing.com/bingbot.htm)"
66.249.71.219 - - [26/Feb/2022:07:08:16 +0800] "GET /robots.txt HTTP/1.1" 404 910 "-" "Mozilla/5.0 (compatible; Googlebot/2.1; +http://www.google.com/bot.html)"
66.249.71.221 - - [26/Feb/2022:07:58:12 +0800] "GET / HTTP/1.1" 200 732 "-" "Mozilla/5.0 (compatible; Googlebot/2.1; +http://www.google.com/bot.html)"
66.249.71.219 - - [26/Feb/2022:08:11:03 +0800] "GET / HTTP/1.1" 200 732 "-" "Mozilla/5.0 (Linux; Android 6.0.1; Nexus 5X Build/MMB29P) AppleWebKit/537.36 (KHTML, like Gecko) Chrome/98.0.4758.102 Mobile Safari/537.36 (compatible; Googlebot/2.1; +http://www.google.com/bot.html)"
66.249.71.223 - - [26/Feb/2022:12:53:07 +0800] "GET /ads.txt HTTP/1.1" 404 910 "-" "Mozilla/5.0 (compatible; Googlebot/2.1; +http://www.google.com/bot.html)"
94.130.108.113 - - [26/Feb/2022:14:19:36 +0800] "GET / HTTP/1.1" 200 843 "http://mypage.my" "Mozilla/5.0 (Windows NT 6.1; WOW64; rv:54.0) Gecko/20100101 Firefox/73.0"
157.55.39.127 - - [26/Feb/2022:16:27:28 +0800] "GET / HTTP/2" 200 307 "-" "Mozilla/5.0 (compatible; bingbot/2.0; +http://www.bing.com/bingbot.htm)"
157.55.39.127 - - [27/Feb/2022:03:38:13 +0800] "GET / HTTP/2" 200 307 "-" "Mozilla/5.0 (compatible; bingbot/2.0; +http://www.bing.com/bingbot.htm)"
66.249.71.221 - - [27/Feb/2022:06:43:28 +0800] "GET /robots.txt HTTP/1.1" 404 910 "-" "Mozilla/5.0 (compatible; Googlebot/2.1; +http://www.google.com/bot.html)"
66.249.71.221 - - [27/Feb/2022:06:43:30 +0800] "GET /ads.txt HTTP/1.1" 404 732 "-" "Mozilla/5.0 (compatible; Googlebot/2.1; +http://www.google.com/bot.html)"
66.249.71.223 - - [27/Feb/2022:12:25:57 +0800] "GET /ads.txt HTTP/1.1" 404 910 "-" "Mozilla/5.0 (compatible; Googlebot/2.1; +http://www.google.com/bot.html)"
51.178.17.108 - - [27/Feb/2022:13:08:36 +0800] "GET /class-wp-widget-archives.php HTTP/1.1" 404 1304 "-" "Mozilla/5.0 (iPhone; CPU iPhone OS 13_6 like Mac OS X) AppleWebKit/605.1.15 (KHTML, like Gecko) Version/13.1.2 Mobile/15E148 Safari/604.1"
51.178.17.108 - - [27/Feb/2022:13:08:36 +0800] "GET /1index.php HTTP/1.1" 404 1304 "-" "Mozilla/5.0 (iPad; CPU OS 13_7 like Mac OS X) AppleWebKit/605.1.15 (KHTML, like Gecko) Version/13.1.2 Mobile/15E148 Safari/604.1"
51.178.17.108 - - [27/Feb/2022:13:08:36 +0800] "GET /2index.php HTTP/1.1" 404 1304 "-" "Mozilla/5.0 (Linux; Android 10; Mi 9T) AppleWebKit/537.36 (KHTML, like Gecko) Chrome/83.0.4103.106 Mobile Safari/537.36"
51.178.17.108 - - [27/Feb/2022:13:08:36 +0800] "GET /admin.php HTTP/1.1" 404 1304 "-" "Mozilla/5.0 (Linux; Android 10; HRY-LX1) AppleWebKit/537.36 (KHTML, like Gecko) Chrome/83.0.4103.106 Mobile Safari/537.36"
51.178.17.108 - - [27/Feb/2022:13:08:36 +0800] "GET /wikindex.php HTTP/1.1" 404 1304 "-" "Mozilla/5.0 (Linux; Android 7.0; Moto G (4)) AppleWebKit/537.36 (KHTML, like Gecko) Chrome/84.0.4143.7 Mobile Safari/537.36 Chrome-Lighthouse"
51.178.17.108 - - [27/Feb/2022:13:08:36 +0800] "GET /3index.php HTTP/1.1" 404 1304 "-" "Mozilla/5.0 (Windows NT 10.0; Win64; x64) AppleWebKit/537.36 (KHTML, like Gecko) Chrome/91.0.4472.77 Safari/537.36"
157.55.39.127 - - [27/Feb/2022:15:11:27 +0800] "GET / HTTP/2" 200 307 "-" "Mozilla/5.0 (compatible; bingbot/2.0; +http://www.bing.com/bingbot.htm)"
34.244.48.140 - - [28/Feb/2022:01:49:06 +0800] "GET / HTTP/2" 200 198 "-" "Mozilla/5.0 (X11; Linux x86_64) AppleWebKit/537.36 (KHTML, like Gecko) HeadlessChrome/78.0.3882.0 Safari/537.36"
157.55.39.127 - - [28/Feb/2022:04:11:42 +0800] "GET / HTTP/2" 200 307 "-" "Mozilla/5.0 (compatible; bingbot/2.0; +http://www.bing.com/bingbot.htm)"
54.246.222.157 - - [28/Feb/2022:04:14:11 +0800] "GET / HTTP/2" 200 198 "-" "Mozilla/5.0 (X11; Linux x86_64) AppleWebKit/537.36 (KHTML, like Gecko) HeadlessChrome/78.0.3882.0 Safari/537.36"
51.222.253.11 - - [28/Feb/2022:05:27:32 +0800] "GET /robots.txt HTTP/2" 404 369 "-" "Mozilla/5.0 (compatible; AhrefsBot/7.0; +http://ahrefs.com/robot/)"
66.249.71.221 - - [28/Feb/2022:06:23:07 +0800] "GET /robots.txt HTTP/1.1" 404 910 "-" "Mozilla/5.0 (compatible; Googlebot/2.1; +http://www.google.com/bot.html)"
66.249.71.223 - - [28/Feb/2022:11:56:34 +0800] "GET /ads.txt HTTP/1.1" 404 910 "-" "Mozilla/5.0 (compatible; Googlebot/2.1; +http://www.google.com/bot.html)"
207.46.13.235 - - [28/Feb/2022:15:41:28 +0800] "GET /robots.txt HTTP/2" 404 457 "-" "Mozilla/5.0 (compatible; bingbot/2.0; +http://www.bing.com/bingbot.htm)"
157.55.39.127 - - [28/Feb/2022:15:41:38 +0800] "GET / HTTP/2" 200 307 "-" "Mozilla/5.0 (compatible; bingbot/2.0; +http://www.bing.com/bingbot.htm)"
157.55.39.127 - - [01/Mar/2022:05:02:53 +0800] "GET / HTTP/2" 200 307 "-" "Mozilla/5.0 (compatible; bingbot/2.0; +http://www.bing.com/bingbot.htm)"
66.249.71.195 - - [01/Mar/2022:06:23:22 +0800] "GET /robots.txt HTTP/1.1" 404 910 "-" "Mozilla/5.0 (compatible; Googlebot/2.1; +http://www.google.com/bot.html)"
66.249.71.197 - - [01/Mar/2022:15:57:44 +0800] "GET /ads.txt HTTP/1.1" 404 910 "-" "Mozilla/5.0 (compatible; Googlebot/2.1; +http://www.google.com/bot.html)"
157.55.39.127 - - [01/Mar/2022:16:19:38 +0800] "GET / HTTP/2" 200 307 "-" "Mozilla/5.0 (compatible; bingbot/2.0; +http://www.bing.com/bingbot.htm)"
157.55.39.127 - - [01/Mar/2022:22:12:22 +0800] "GET / HTTP/2" 304 0 "-" "Mozilla/5.0 (compatible; bingbot/2.0; +http://www.bing.com/bingbot.htm)"
34.66.20.23 - - [02/Mar/2022:00:07:42 +0800] "GET / HTTP/1.1" 200 843 "-" "Mozilla/5.0 (X11; Linux x86_64) AppleWebKit/537.36 (KHTML, like Gecko) Chrome/57.0.2987.110 Safari/537.36"
35.88.34.13 - - [02/Mar/2022:03:38:21 +0800] "GET / HTTP/1.1" 200 806 "-" "Mozilla/5.0 (Macintosh; Intel Mac OS X 10_8_3) AppleWebKit/537.31 (KHTML, like Gecko) Chrome/26.0.1410.65 Safari/537.31"
157.55.39.127 - - [02/Mar/2022:06:00:47 +0800] "GET / HTTP/2" 200 307 "-" "Mozilla/5.0 (compatible; bingbot/2.0; +http://www.bing.com/bingbot.htm)"
66.249.71.195 - - [02/Mar/2022:06:15:58 +0800] "GET /robots.txt HTTP/1.1" 404 910 "-" "Mozilla/5.0 (compatible; Googlebot/2.1; +http://www.google.com/bot.html)"
116.203.193.175 - - [02/Mar/2022:08:23:35 +0800] "GET / HTTP/1.0" 200 916 "-" "Mozilla/5.0 (X11; Linux x86_64; rv:15.0) Gecko/20100101 Firefox/15.0.1"
116.203.193.175 - - [02/Mar/2022:08:23:36 +0800] "GET /wp-login.php HTTP/1.0" 404 1267 "-" "Mozilla/5.0 (X11; Linux x86_64; rv:15.0) Gecko/20100101 Firefox/15.0.1"
64.246.165.180 - - [02/Mar/2022:13:49:02 +0800] "GET / HTTP/1.1" 200 806 "-" "Mozilla/5.0 (Macintosh; Intel Mac OS X 10.10; rv:59.0) Gecko/20100101 Firefox/59.0"
20.110.194.18 - - [02/Mar/2022:14:59:50 +0800] "GET /ALFA_DATA/alfacgiapi/ HTTP/1.1" 404 1000 "-" "python-requests/2.26.0"
20.110.194.18 - - [02/Mar/2022:14:59:52 +0800] "GET /wp-admin/ALFA_DATA/alfacgiapi/ HTTP/1.1" 404 1000 "-" "python-requests/2.26.0"
20.110.194.18 - - [02/Mar/2022:14:59:53 +0800] "GET /wp-content/ALFA_DATA/alfacgiapi/ HTTP/1.1" 404 1000 "-" "python-requests/2.26.0"
20.110.194.18 - - [02/Mar/2022:14:59:55 +0800] "GET /wp-plugins/ALFA_DATA/alfacgiapi/ HTTP/1.1" 404 1000 "-" "python-requests/2.26.0"
20.110.194.18 - - [02/Mar/2022:14:59:56 +0800] "GET /wp-includes/ALFA_DATA/alfacgiapi/ HTTP/1.1" 404 1000 "-" "python-requests/2.26.0"
20.110.194.18 - - [02/Mar/2022:14:59:58 +0800] "GET /wp-content/plugins/wp-file-manager/lib/php/connector.minimal.php HTTP/1.1" 404 1000 "-" "python-requests/2.26.0"
66.249.71.195 - - [02/Mar/2022:15:29:19 +0800] "GET /ads.txt HTTP/1.1" 404 910 "-" "Mozilla/5.0 (compatible; Googlebot/2.1; +http://www.google.com/bot.html)"
185.181.60.12 - - [02/Mar/2022:18:23:52 +0800] "GET / HTTP/2" 200 307 "-" "Mozilla/5.0 (Windows NT 10.0; Win64; x64) AppleWebKit/537.36 (KHTML, like Gecko) Chrome/91.0.4472.114 Safari/537.36 Edg/91.0.864.54"
93.158.90.69 - - [02/Mar/2022:22:36:07 +0800] "GET /robots.txt HTTP/1.1" 404 963 "http://mypage.my/robots.txt" "Mozilla/5.0 (Macintosh; Intel Mac OS X 10_13_6) AppleWebKit/537.36 (KHTML, like Gecko) Chrome/91.0.4472.114 Safari/537.36"
93.158.90.68 - - [02/Mar/2022:22:36:08 +0800] "GET /humans.txt HTTP/1.1" 404 963 "http://mypage.my/humans.txt" "Mozilla/5.0 (Macintosh; Intel Mac OS X 10_13_6) AppleWebKit/537.36 (KHTML, like Gecko) Chrome/91.0.4472.114 Safari/537.36"
93.158.90.67 - - [02/Mar/2022:22:36:09 +0800] "GET /ads.txt HTTP/1.1" 404 963 "http://mypage.my/ads.txt" "Mozilla/5.0 (Macintosh; Intel Mac OS X 10_13_6) AppleWebKit/537.36 (KHTML, like Gecko) Chrome/91.0.4472.114 Safari/537.36"
93.158.90.70 - - [02/Mar/2022:22:36:12 +0800] "GET / HTTP/1.1" 200 806 "http://mypage.my/" "Mozilla/5.0 (Macintosh; Intel Mac OS X 10_13_6) AppleWebKit/537.36 (KHTML, like Gecko) Chrome/91.0.4472.114 Safari/537.36"
207.46.13.235 - - [03/Mar/2022:02:36:57 +0800] "GET /robots.txt HTTP/2" 404 457 "-" "Mozilla/5.0 (compatible; bingbot/2.0; +http://www.bing.com/bingbot.htm)"
157.55.39.127 - - [03/Mar/2022:02:37:05 +0800] "GET / HTTP/2" 200 307 "-" "Mozilla/5.0 (compatible; bingbot/2.0; +http://www.bing.com/bingbot.htm)"
66.249.71.195 - - [03/Mar/2022:06:08:25 +0800] "GET /robots.txt HTTP/1.1" 404 910 "-" "Mozilla/5.0 (compatible; Googlebot/2.1; +http://www.google.com/bot.html)"
95.217.109.26 - - [03/Mar/2022:10:03:13 +0800] "GET /robots.txt HTTP/1.1" 404 1304 "-" "Mozilla/5.0 (compatible; MJ12bot/v1.4.8; http://mj12bot.com/)"
95.217.109.26 - - [03/Mar/2022:10:03:20 +0800] "GET / HTTP/1.1" 200 554 "-" "Mozilla/5.0 (compatible; MJ12bot/v1.4.8; http://mj12bot.com/)"
95.217.109.26 - - [03/Mar/2022:10:09:26 +0800] "GET /robots.txt HTTP/1.1" 404 1304 "-" "Mozilla/5.0 (compatible; MJ12bot/v1.4.8; http://mj12bot.com/)"
95.217.109.26 - - [03/Mar/2022:10:09:31 +0800] "GET / HTTP/1.1" 200 554 "-" "Mozilla/5.0 (compatible; MJ12bot/v1.4.8; http://mj12bot.com/)"
3.250.155.188 - - [03/Mar/2022:12:33:24 +0800] "GET / HTTP/2" 200 198 "-" "Mozilla/5.0 (X11; Linux x86_64) AppleWebKit/537.36 (KHTML, like Gecko) HeadlessChrome/78.0.3882.0 Safari/537.36"
92.204.220.71 - - [03/Mar/2022:12:58:01 +0800] "GET /1ndex.php HTTP/2" 404 808 "-" "Mozilla/5.0 (Windows NT 10.0; Win64; x64) AppleWebKit/537.36 (KHTML, like Gecko) Chrome/89.0.4389.114 Safari/537.36"
92.204.220.71 - - [03/Mar/2022:12:58:01 +0800] "GET /auto-seo.php HTTP/2" 404 808 "-" "Mozilla/5.0 (Linux; Android 9.0; Pixel 2 XL Build/PPP4.180612.004; Windows 10 Mobile) AppleWebKit/537.36 (KHTML, like Gecko) Chrome/71.0.3552.0 Mobile Safari/537.36"
92.204.220.71 - - [03/Mar/2022:12:58:01 +0800] "GET /xx.php HTTP/2" 404 808 "-" "Mozilla/5.0 (Linux; Android 11; SM-A125F) AppleWebKit/537.36 (KHTML, like Gecko) Chrome/89.0.4389.105 Mobile Safari/537.36 OPR/63.3.3216.58675"
92.204.220.71 - - [03/Mar/2022:12:58:01 +0800] "GET /shell.php HTTP/2" 404 808 "-" "Mozilla/5.0 (Linux; arm_64; Android 7.1.1; Lenovo TB-8504X) AppleWebKit/537.36 (KHTML, like Gecko) Chrome/85.0.4183.127 YaBrowser/20.9.1.66.01 Safari/537.36"
92.204.220.71 - - [03/Mar/2022:12:58:01 +0800] "GET /wp-2019.php HTTP/2" 404 808 "-" "Mozilla/5.0 (iPhone; CPU iPhone OS 14_7_1 like Mac OS X) AppleWebKit/605.1.15 (KHTML, like Gecko) Version/14.1.2 Mobile/15E148 Safari/604.1"
92.204.220.71 - - [03/Mar/2022:12:58:01 +0800] "GET /logs.php HTTP/2" 404 808 "-" "Mozilla/5.0 (Windows NT 10.0; Win64; x64; rv:89.0) Gecko/20100101 Firefox/89.0"
92.204.220.71 - - [03/Mar/2022:12:58:01 +0800] "GET /WSO.php HTTP/2" 404 808 "-" "Mozilla/5.0 (Linux; Android 9; Redmi Note 7) AppleWebKit/537.36 (KHTML, like Gecko) Chrome/83.0.4103.106 Mobile Safari/537.36"
92.204.220.71 - - [03/Mar/2022:12:58:01 +0800] "GET /alwso.php HTTP/2" 404 808 "-" "Mozilla/5.0 (X11; Linux x86_64) AppleWebKit/537.36 (KHTML, like Gecko) HeadlessChrome/88.0.4298.0 Safari/537.36"
92.204.220.71 - - [03/Mar/2022:12:58:01 +0800] "GET /wp-info.php HTTP/2" 404 808 "-" "Mozilla/5.0 (iPhone; CPU iPhone OS 13_3 like Mac OS X) AppleWebKit/605.1.15 (KHTML, like Gecko) Version/13.0.4 Mobile/15E148 Safari/604.1"
92.204.220.71 - - [03/Mar/2022:12:58:02 +0800] "GET /wp-fox.php HTTP/2" 404 808 "-" "Mozilla/5.0 (Linux; Android 5.1.1; SM-J111F) AppleWebKit/537.36 (KHTML, like Gecko) Chrome/73.0.3683.90 Mobile Safari/537.36"
92.204.220.71 - - [03/Mar/2022:12:58:02 +0800] "GET /autoload_classmap.php HTTP/2" 404 808 "-" "Mozilla/5.0 (iPhone; CPU iPhone OS 13_4_1 like Mac OS X) AppleWebKit/605.1.15 (KHTML, like Gecko) Version/13.1 Mobile/15E148 Safari/604.1"
92.204.220.71 - - [03/Mar/2022:12:58:01 +0800] "GET /wso.php HTTP/2" 404 808 "-" "Mozilla/5.0 (Windows NT 10.0; Win64; x64) AppleWebKit/537.36 (KHTML, like Gecko) Chrome/88.0.4324.104 Safari/537.36"
157.55.39.127 - - [03/Mar/2022:14:03:40 +0800] "GET / HTTP/2" 200 307 "-" "Mozilla/5.0 (compatible; bingbot/2.0; +http://www.bing.com/bingbot.htm)"
66.249.71.195 - - [03/Mar/2022:15:11:28 +0800] "GET /ads.txt HTTP/1.1" 404 910 "-" "Mozilla/5.0 (compatible; Googlebot/2.1; +http://www.google.com/bot.html)"
216.244.66.232 - - [03/Mar/2022:15:12:09 +0800] "GET /robots.txt HTTP/1.1" 404 1304 "-" "Mozilla/5.0 (compatible; DotBot/1.2; +https://opensiteexplorer.org/dotbot; help@moz.com)"
216.244.66.232 - - [03/Mar/2022:15:13:33 +0800] "GET /mypage/components/com_djclassifieds/images/item/91_images_thb.jpg HTTP/1.1" 404 1304 "-" "Mozilla/5.0 (compatible; DotBot/1.2; +https://opensiteexplorer.org/dotbot; help@moz.com)"
66.249.71.197 - - [04/Mar/2022:06:08:31 +0800] "GET /robots.txt HTTP/1.1" 404 910 "-" "Mozilla/5.0 (compatible; Googlebot/2.1; +http://www.google.com/bot.html)"
185.191.34.215 - - [04/Mar/2022:06:50:56 +0800] "HEAD / HTTP/1.1" 200 536 "-" "Mozilla/5.0 (Windows NT 10.0; Win64; x64; rv:66.0) Gecko/20100101 Firefox/66.0"
52.51.54.13 - - [04/Mar/2022:08:48:39 +0800] "GET / HTTP/2" 200 198 "-" "Mozilla/5.0 (X11; Linux x86_64) AppleWebKit/537.36 (KHTML, like Gecko) HeadlessChrome/78.0.3882.0 Safari/537.36"
66.249.71.193 - - [04/Mar/2022:11:30:23 +0800] "GET /comments/feed/ HTTP/1.1" 404 910 "-" "Mozilla/5.0 (compatible; Googlebot/2.1; +http://www.google.com/bot.html)"
66.249.71.193 - - [04/Mar/2022:11:36:52 +0800] "GET /comments/feed/ HTTP/1.1" 404 910 "-" "Mozilla/5.0 (Linux; Android 6.0.1; Nexus 5X Build/MMB29P) AppleWebKit/537.36 (KHTML, like Gecko) Chrome/98.0.4758.102 Mobile Safari/537.36 (compatible; Googlebot/2.1; +http://www.google.com/bot.html)"
157.55.39.127 - - [04/Mar/2022:14:38:56 +0800] "GET / HTTP/2" 200 307 "-" "Mozilla/5.0 (compatible; bingbot/2.0; +http://www.bing.com/bingbot.htm)"
66.249.71.197 - - [04/Mar/2022:14:50:17 +0800] "GET /ads.txt HTTP/1.1" 404 910 "-" "Mozilla/5.0 (compatible; Googlebot/2.1; +http://www.google.com/bot.html)"
207.46.13.235 - - [05/Mar/2022:03:43:23 +0800] "GET /robots.txt HTTP/2" 404 457 "-" "Mozilla/5.0 (compatible; bingbot/2.0; +http://www.bing.com/bingbot.htm)"
157.55.39.127 - - [05/Mar/2022:03:43:31 +0800] "GET / HTTP/2" 200 307 "-" "Mozilla/5.0 (compatible; bingbot/2.0; +http://www.bing.com/bingbot.htm)"
66.249.71.197 - - [05/Mar/2022:05:38:45 +0800] "GET /robots.txt HTTP/1.1" 404 910 "-" "Mozilla/5.0 (compatible; Googlebot/2.1; +http://www.google.com/bot.html)"
66.249.71.197 - - [05/Mar/2022:05:38:49 +0800] "GET /ads.txt HTTP/1.1" 404 732 "-" "Mozilla/5.0 (compatible; Googlebot/2.1; +http://www.google.com/bot.html)"
216.244.66.232 - - [05/Mar/2022:05:43:07 +0800] "GET /robots.txt HTTP/1.1" 404 1304 "-" "Mozilla/5.0 (compatible; DotBot/1.2; +https://opensiteexplorer.org/dotbot; help@moz.com)"
216.244.66.232 - - [05/Mar/2022:05:45:03 +0800] "GET /client-register HTTP/1.1" 404 1304 "-" "Mozilla/5.0 (compatible; DotBot/1.2; +https://opensiteexplorer.org/dotbot; help@moz.com)"
138.246.253.24 - - [05/Mar/2022:08:29:03 +0800] "GET /robots.txt HTTP/1.1" 404 1304 "-" "Mozilla/5.0 (Windows NT 10.0; Win64; x64) AppleWebKit/537.36 (KHTML, like Gecko) Chrome/88.0.4324.146 Safari/537.36"
45.55.41.53 - - [05/Mar/2022:09:23:55 +0800] "GET /css/load.php HTTP/1.1" 404 1267 "mypage.my" "Mozilla/5.0 (Windows NT 6.1; WOW64) AppleWebKit/537.36 (KHTML, like Gecko) Chrome/50.0.2661.75 Safari/537.36"
45.55.41.53 - - [05/Mar/2022:09:24:22 +0800] "GET /wp/css/load.php HTTP/1.1" 404 1267 "mypage.my" "Mozilla/5.0 (Windows NT 6.1; WOW64) AppleWebKit/537.36 (KHTML, like Gecko) Chrome/50.0.2661.75 Safari/537.36"
74.125.209.55 - - [05/Mar/2022:14:17:05 +0800] "GET /wp-content/uploads/2019/09/mypage-logo-web4.png HTTP/1.1" 404 910 "-" "Mozilla/5.0 (Windows NT 5.1; rv:11.0) Gecko Firefox/11.0 (via ggpht.com GoogleImageProxy)"
74.125.209.55 - - [05/Mar/2022:14:17:07 +0800] "GET /wp-content/uploads/2019/09/mypage-logo-web4.png HTTP/1.1" 404 732 "-" "Mozilla/5.0 (Windows NT 5.1; rv:11.0) Gecko Firefox/11.0 (via ggpht.com GoogleImageProxy)"
157.55.39.127 - - [05/Mar/2022:14:18:21 +0800] "GET / HTTP/2" 200 307 "-" "Mozilla/5.0 (compatible; bingbot/2.0; +http://www.bing.com/bingbot.htm)"
216.244.66.232 - - [05/Mar/2022:20:33:45 +0800] "GET /robots.txt HTTP/1.1" 404 1304 "-" "Mozilla/5.0 (compatible; DotBot/1.2; +https://opensiteexplorer.org/dotbot; help@moz.com)"
216.244.66.232 - - [05/Mar/2022:20:35:14 +0800] "GET /client-register?step=plan&cs=610d549f70b512.80906129 HTTP/1.1" 404 1304 "-" "Mozilla/5.0 (compatible; DotBot/1.2; +https://opensiteexplorer.org/dotbot; help@moz.com)"
157.55.39.127 - - [06/Mar/2022:03:14:06 +0800] "GET / HTTP/2" 200 307 "-" "Mozilla/5.0 (compatible; bingbot/2.0; +http://www.bing.com/bingbot.htm)"
66.249.71.195 - - [06/Mar/2022:05:13:50 +0800] "GET /robots.txt HTTP/1.1" 404 910 "-" "Mozilla/5.0 (compatible; Googlebot/2.1; +http://www.google.com/bot.html)"
66.249.71.195 - - [06/Mar/2022:05:13:52 +0800] "GET /ads.txt HTTP/1.1" 404 732 "-" "Mozilla/5.0 (compatible; Googlebot/2.1; +http://www.google.com/bot.html)"
54.195.20.4 - - [06/Mar/2022:07:49:15 +0800] "GET / HTTP/2" 200 198 "-" "Mozilla/5.0 (X11; Linux x86_64) AppleWebKit/537.36 (KHTML, like Gecko) HeadlessChrome/78.0.3882.0 Safari/537.36"
34.244.48.140 - - [06/Mar/2022:09:44:14 +0800] "GET / HTTP/2" 200 198 "-" "Mozilla/5.0 (X11; Linux x86_64) AppleWebKit/537.36 (KHTML, like Gecko) HeadlessChrome/78.0.3882.0 Safari/537.36"
216.244.66.232 - - [06/Mar/2022:12:48:16 +0800] "GET /robots.txt HTTP/1.1" 404 1304 "-" "Mozilla/5.0 (compatible; DotBot/1.2; +https://opensiteexplorer.org/dotbot; help@moz.com)"
216.244.66.232 - - [06/Mar/2022:12:49:42 +0800] "GET /client-register?step=plan&cs=61089dcc062176.47800771 HTTP/1.1" 404 1304 "-" "Mozilla/5.0 (compatible; DotBot/1.2; +https://opensiteexplorer.org/dotbot; help@moz.com)"
157.55.39.127 - - [06/Mar/2022:13:52:35 +0800] "GET / HTTP/2" 200 307 "-" "Mozilla/5.0 (compatible; bingbot/2.0; +http://www.bing.com/bingbot.htm)"
34.244.196.114 - - [06/Mar/2022:18:08:33 +0800] "GET / HTTP/2" 200 198 "-" "Mozilla/5.0 (X11; Linux x86_64) AppleWebKit/537.36 (KHTML, like Gecko) HeadlessChrome/78.0.3882.0 Safari/537.36"
157.55.39.127 - - [07/Mar/2022:02:43:38 +0800] "GET / HTTP/2" 200 307 "-" "Mozilla/5.0 (compatible; bingbot/2.0; +http://www.bing.com/bingbot.htm)"
66.249.71.197 - - [07/Mar/2022:05:13:47 +0800] "GET /robots.txt HTTP/1.1" 404 910 "-" "Mozilla/5.0 (compatible; Googlebot/2.1; +http://www.google.com/bot.html)"
66.249.71.193 - - [07/Mar/2022:05:13:50 +0800] "GET /ads.txt HTTP/1.1" 404 910 "-" "Mozilla/5.0 (compatible; Googlebot/2.1; +http://www.google.com/bot.html)"
5.196.4.40 - - [07/Mar/2022:09:33:02 +0800] "GET /radio.php HTTP/1.1" 404 1304 "-" "Mozilla/5.0 (iPad; CPU OS 13_7 like Mac OS X) AppleWebKit/605.1.15 (KHTML, like Gecko) Version/13.1.2 Mobile/15E148 Safari/604.1"
207.46.13.235 - - [07/Mar/2022:13:22:05 +0800] "GET /robots.txt HTTP/2" 404 457 "-" "Mozilla/5.0 (compatible; bingbot/2.0; +http://www.bing.com/bingbot.htm)"
157.55.39.127 - - [07/Mar/2022:13:22:10 +0800] "GET / HTTP/2" 200 307 "-" "Mozilla/5.0 (compatible; bingbot/2.0; +http://www.bing.com/bingbot.htm)"
134.96.225.236 - - [07/Mar/2022:21:02:17 +0800] "GET / HTTP/2" 200 198 "-" "Mozilla/5.0 (X11; Fedora; Linux x86_64) AppleWebKit/537.36 (KHTML, like Gecko) Chrome/96.0.4664.110 Safari/537.36"
157.55.39.127 - - [08/Mar/2022:02:15:43 +0800] "GET / HTTP/2" 200 307 "-" "Mozilla/5.0 (compatible; bingbot/2.0; +http://www.bing.com/bingbot.htm)"
3.249.224.177 - - [08/Mar/2022:02:42:37 +0800] "GET / HTTP/2" 200 198 "-" "Mozilla/5.0 (X11; Linux x86_64) AppleWebKit/537.36 (KHTML, like Gecko) HeadlessChrome/78.0.3882.0 Safari/537.36"
66.249.71.195 - - [08/Mar/2022:04:44:01 +0800] "GET /robots.txt HTTP/1.1" 404 910 "-" "Mozilla/5.0 (compatible; Googlebot/2.1; +http://www.google.com/bot.html)"
66.249.71.193 - - [08/Mar/2022:04:44:02 +0800] "GET /ads.txt HTTP/1.1" 404 910 "-" "Mozilla/5.0 (compatible; Googlebot/2.1; +http://www.google.com/bot.html)"
52.213.94.107 - - [08/Mar/2022:11:01:43 +0800] "GET / HTTP/2" 200 198 "-" "Mozilla/5.0 (X11; Linux x86_64) AppleWebKit/537.36 (KHTML, like Gecko) HeadlessChrome/78.0.3882.0 Safari/537.36"
157.55.39.127 - - [08/Mar/2022:12:52:53 +0800] "GET / HTTP/2" 200 307 "-" "Mozilla/5.0 (compatible; bingbot/2.0; +http://www.bing.com/bingbot.htm)"
81.169.136.222 - - [08/Mar/2022:17:49:48 +0800] "GET / HTTP/2" 200 307 "-" "Mozilla/5.0 (Windows NT 10.0; Win64; x64) AppleWebKit/537.36 (KHTML, like Gecko) Chrome/91.0.4472.114 Safari/537.36 Edg/91.0.864.54"
157.55.39.127 - - [09/Mar/2022:01:45:07 +0800] "GET / HTTP/2" 200 307 "-" "Mozilla/5.0 (compatible; bingbot/2.0; +http://www.bing.com/bingbot.htm)"
66.249.71.195 - - [09/Mar/2022:04:15:03 +0800] "GET /robots.txt HTTP/1.1" 404 910 "-" "Mozilla/5.0 (compatible; Googlebot/2.1; +http://www.google.com/bot.html)"
66.249.71.197 - - [09/Mar/2022:04:15:04 +0800] "GET /ads.txt HTTP/1.1" 404 910 "-" "Mozilla/5.0 (compatible; Googlebot/2.1; +http://www.google.com/bot.html)"
157.55.39.127 - - [09/Mar/2022:12:18:38 +0800] "GET / HTTP/2" 200 307 "-" "Mozilla/5.0 (compatible; bingbot/2.0; +http://www.bing.com/bingbot.htm)"
183.64.28.186 - - [09/Mar/2022:18:40:05 +0800] "GET / HTTP/1.1" 200 843 "-" "Mozilla/5.0 (Windows NT 10.0; WOW64; Trident/7.0; rv:11.0) like Gecko"
221.226.101.162 - - [09/Mar/2022:18:43:09 +0800] "GET / HTTP/1.1" 200 843 "-" "Mozilla/5.0 (Windows NT 6.1; WOW64; Trident/7.0; rv:11.0) like Gecko"
219.238.0.101 - - [09/Mar/2022:18:48:19 +0800] "GET / HTTP/1.1" 200 843 "-" "Mozilla/5.0 (Windows NT 10.0; WOW64; Trident/7.0; rv:11.0) like Gecko"
61.147.15.67 - - [09/Mar/2022:18:50:29 +0800] "GET / HTTP/1.1" 200 843 "-" "Dalvik/2.1.0 (Linux; U; Android 9.0; ZTE BA520 Build/MRA58K)"
61.147.15.67 - - [09/Mar/2022:18:50:58 +0800] "GET / HTTP/1.1" 200 843 "-" "Dalvik/2.1.0 (Linux; U; Android 9.0; ZTE BA520 Build/MRA58K)"
61.147.15.67 - - [09/Mar/2022:18:51:01 +0800] "GET / HTTP/1.1" 200 843 "-" "Mozilla/5.0 (Macintosh; Intel Mac OS X 10_11) AppleWebKit/601.1.27 (KHTML, like Gecko) Chrome/47.0.2526.106 Safari/601.1.27"
61.147.15.67 - - [09/Mar/2022:18:51:06 +0800] "GET / HTTP/1.1" 200 843 "-" "Mozilla/5.0 (Macintosh; Intel Mac OS X 10_11) AppleWebKit/601.1.27 (KHTML, like Gecko) Chrome/47.0.2526.106 Safari/601.1.27"
52.175.150.5 - - [09/Mar/2022:21:59:42 +0800] "GET / HTTP/1.1" 200 738 "-" "-"
207.46.13.235 - - [10/Mar/2022:01:17:45 +0800] "GET /robots.txt HTTP/2" 404 457 "-" "Mozilla/5.0 (compatible; bingbot/2.0; +http://www.bing.com/bingbot.htm)"
157.55.39.127 - - [10/Mar/2022:01:17:50 +0800] "GET / HTTP/2" 200 307 "-" "Mozilla/5.0 (compatible; bingbot/2.0; +http://www.bing.com/bingbot.htm)"
66.249.71.195 - - [10/Mar/2022:03:45:17 +0800] "GET /robots.txt HTTP/1.1" 404 910 "-" "Mozilla/5.0 (compatible; Googlebot/2.1; +http://www.google.com/bot.html)"
66.249.71.193 - - [10/Mar/2022:03:45:17 +0800] "GET /ads.txt HTTP/1.1" 404 910 "-" "Mozilla/5.0 (compatible; Googlebot/2.1; +http://www.google.com/bot.html)"
92.204.65.13 - - [10/Mar/2022:04:37:59 +0800] "GET /wp-scripts.php HTTP/2" 404 808 "-" "Mozilla/5.0 (Linux; Android 10; SM-A505FN) AppleWebKit/537.36 (KHTML, like Gecko) Chrome/86.0.4240.110 Mobile Safari/537.36"
92.204.65.13 - - [10/Mar/2022:04:37:59 +0800] "GET /xleet-shell.php HTTP/2" 404 808 "-" "Mozilla/5.0 (iPhone; CPU iPhone OS 13_5_1 like Mac OS X) AppleWebKit/605.1.15 (KHTML, like Gecko) Version/13.1.1 Mobile/15E148 Safari/604.1"
92.204.65.13 - - [10/Mar/2022:04:37:59 +0800] "GET /takeout.php HTTP/2" 404 808 "-" "Mozilla/5.0 (iPhone; CPU iPhone OS 13_4_1 like Mac OS X) AppleWebKit/605.1.15 (KHTML, like Gecko) Version/13.1 Mobile/15E148 Safari/604.1"
92.204.65.13 - - [10/Mar/2022:04:37:59 +0800] "GET /admin.php HTTP/2" 404 808 "-" "Mozilla/5.0 (Linux; Android 9.0; Pixel 2 XL Build/PPP4.180612.004; Windows 10 Mobile) AppleWebKit/537.36 (KHTML, like Gecko) Chrome/71.0.3552.0 Mobile Safari/537.36"
92.204.65.13 - - [10/Mar/2022:04:37:59 +0800] "GET /1.php HTTP/2" 404 808 "-" "Mozilla/5.0 (Linux; Android 11; SM-A125F) AppleWebKit/537.36 (KHTML, like Gecko) Chrome/89.0.4389.105 Mobile Safari/537.36 OPR/63.3.3216.58675"
92.204.65.13 - - [10/Mar/2022:04:37:59 +0800] "GET /wp-file.php HTTP/2" 404 808 "-" "Mozilla/5.0 (iPhone; CPU iPhone OS 11_0 like Mac OS X) AppleWebKit/604.1.38 (KHTML, like Gecko) Version/11.0 Mobile/15A372 Safari/604.1"
92.204.65.13 - - [10/Mar/2022:04:37:59 +0800] "GET /jindex.php HTTP/2" 404 808 "-" "Mozilla/5.0 (Windows NT 10.0; Win64; x64) AppleWebKit/537.36 (KHTML, like Gecko) Chrome/89.0.4389.90 Safari/537.36"
92.204.65.13 - - [10/Mar/2022:04:37:59 +0800] "GET /xleet.php HTTP/2" 404 808 "-" "Mozilla/5.0 (Windows NT 10.0; Win64; x64; rv:84.0) Gecko/20100101 Firefox/84.0"
92.204.65.13 - - [10/Mar/2022:04:38:00 +0800] "GET /wp-content/themes/twentyseventeen/404.php HTTP/2" 404 808 "-" "Mozilla/5.0 (Windows NT 10.0; Win64; x64) AppleWebKit/537.36 (KHTML, like Gecko) Chrome/90.0.4430.93 Safari/537.36"
157.55.39.127 - - [10/Mar/2022:11:51:11 +0800] "GET / HTTP/2" 200 307 "-" "Mozilla/5.0 (compatible; bingbot/2.0; +http://www.bing.com/bingbot.htm)"
20.211.172.163 - - [10/Mar/2022:12:09:01 +0800] "GET / HTTP/1.1" 200 738 "-" "-"
167.71.87.152 - - [10/Mar/2022:13:47:36 +0800] "GET / HTTP/1.0" 200 916 "-" "Mozilla/5.0 (compatible; NetcraftSurveyAgent/1.0; +info@netcraft.com)"
54.202.63.31 - - [10/Mar/2022:14:26:11 +0800] "HEAD / HTTP/1.1" 200 536 "-" "Mozilla/5.0 (Windows NT 10.0; Win64; x64) AppleWebKit/537.36 (KHTML, like Gecko) Chrome/91.0.4472.124 Safari/537.36"
54.92.255.131 - - [10/Mar/2022:17:49:24 +0800] "GET / HTTP/1.1" 200 843 "-" "Mozilla/5.0 (Windows NT 6.2) AppleWebKit/537.36 (KHTML, like Gecko) Chrome/28.0.1467.0 Safari/537.36"
185.27.99.122 - - [10/Mar/2022:18:16:04 +0800] "GET /robots.txt HTTP/1.1" 404 963 "http://mypage.my/robots.txt" "Mozilla/5.0 (Macintosh; Intel Mac OS X 10_13_6) AppleWebKit/537.36 (KHTML, like Gecko) Chrome/91.0.4472.114 Safari/537.36"
185.27.99.138 - - [10/Mar/2022:18:16:05 +0800] "GET /humans.txt HTTP/1.1" 404 963 "http://mypage.my/humans.txt" "Mozilla/5.0 (Macintosh; Intel Mac OS X 10_13_6) AppleWebKit/537.36 (KHTML, like Gecko) Chrome/91.0.4472.114 Safari/537.36"
185.27.99.134 - - [10/Mar/2022:18:16:07 +0800] "GET /ads.txt HTTP/1.1" 404 963 "http://mypage.my/ads.txt" "Mozilla/5.0 (Macintosh; Intel Mac OS X 10_13_6) AppleWebKit/537.36 (KHTML, like Gecko) Chrome/91.0.4472.114 Safari/537.36"
185.27.99.123 - - [10/Mar/2022:18:16:08 +0800] "GET / HTTP/1.1" 200 806 "http://mypage.my/" "Mozilla/5.0 (Macintosh; Intel Mac OS X 10_13_6) AppleWebKit/537.36 (KHTML, like Gecko) Chrome/91.0.4472.114 Safari/537.36"
34.244.85.37 - - [10/Mar/2022:19:28:02 +0800] "GET / HTTP/2" 200 198 "-" "Mozilla/5.0 (X11; Linux x86_64) AppleWebKit/537.36 (KHTML, like Gecko) HeadlessChrome/78.0.3882.0 Safari/537.36"
157.55.39.127 - - [11/Mar/2022:00:42:44 +0800] "GET / HTTP/2" 200 307 "-" "Mozilla/5.0 (compatible; bingbot/2.0; +http://www.bing.com/bingbot.htm)"
66.249.71.195 - - [11/Mar/2022:03:15:40 +0800] "GET /robots.txt HTTP/1.1" 404 910 "-" "Mozilla/5.0 (compatible; Googlebot/2.1; +http://www.google.com/bot.html)"
66.249.71.193 - - [11/Mar/2022:03:15:42 +0800] "GET /ads.txt HTTP/1.1" 404 910 "-" "Mozilla/5.0 (compatible; Googlebot/2.1; +http://www.google.com/bot.html)"
