34.221.255.206 - - [17/Jan/2022:18:16:39 +0800] "GET /.well-known/acme-challenge/oC4-LdVSZfvTB8s5MIbZ4FOgOqVd0jfdmVRjluAm1MU HTTP/1.1" 200 511 "http://mypage.my/.well-known/acme-challenge/oC4-LdVSZfvTB8s5MIbZ4FOgOqVd0jfdmVRjluAm1MU" "Mozilla/5.0 (compatible; Let's Encrypt validation server; +https://www.letsencrypt.org)"
18.116.86.117 - - [17/Jan/2022:18:16:39 +0800] "GET /.well-known/acme-challenge/oC4-LdVSZfvTB8s5MIbZ4FOgOqVd0jfdmVRjluAm1MU HTTP/1.1" 200 511 "http://mypage.my/.well-known/acme-challenge/oC4-LdVSZfvTB8s5MIbZ4FOgOqVd0jfdmVRjluAm1MU" "Mozilla/5.0 (compatible; Let's Encrypt validation server; +https://www.letsencrypt.org)"
64.78.149.164 - - [17/Jan/2022:18:16:41 +0800] "GET /.well-known/acme-challenge/oC4-LdVSZfvTB8s5MIbZ4FOgOqVd0jfdmVRjluAm1MU HTTP/1.1" 200 511 "http://mypage.my/.well-known/acme-challenge/oC4-LdVSZfvTB8s5MIbZ4FOgOqVd0jfdmVRjluAm1MU" "Mozilla/5.0 (compatible; Let's Encrypt validation server; +https://www.letsencrypt.org)"
18.192.36.99 - - [17/Jan/2022:18:16:41 +0800] "GET /.well-known/acme-challenge/oC4-LdVSZfvTB8s5MIbZ4FOgOqVd0jfdmVRjluAm1MU HTTP/1.1" 200 511 "http://mypage.my/.well-known/acme-challenge/oC4-LdVSZfvTB8s5MIbZ4FOgOqVd0jfdmVRjluAm1MU" "Mozilla/5.0 (compatible; Let's Encrypt validation server; +https://www.letsencrypt.org)"
14.192.213.118 - - [17/Jan/2022:18:18:57 +0800] "GET / HTTP/2" 200 198 "https://panel.jimathosting.com:8443/" "Mozilla/5.0 (Windows NT 6.1) AppleWebKit/537.36 (KHTML, like Gecko) Chrome/97.0.4692.71 Safari/537.36"
65.154.226.165 - - [17/Jan/2022:18:20:20 +0800] "GET / HTTP/1.1" 200 763 "http://mypage.my/" "Mozilla/5.0 (Windows NT 10.0; Win64; x64) AppleWebKit/537.36 (KHTML, like Gecko) Chrome/76.0.3809.71 Safari/537.36"
44.236.207.248 - - [17/Jan/2022:18:24:44 +0800] "GET / HTTP/2" 200 198 "-" "Mozilla/5.0 (X11; Linux x86_64) AppleWebKit/537.36 (KHTML, like Gecko) Chrome/95.0.4638.69 Safari/537.36"
54.189.230.128 - - [17/Jan/2022:18:24:54 +0800] "GET / HTTP/2" 200 198 "-" "Mozilla/5.0 (X11; Linux x86_64) AppleWebKit/537.36 (KHTML, like Gecko) Chrome/96.0.4664.110 Safari/537.36"
78.138.117.190 - - [17/Jan/2022:18:26:13 +0800] "GET /robots.txt HTTP/2" 404 457 "-" "Mozilla/5.0 (compatible; XoviOnpageCrawler; +http://www.xovi.de/)"
78.138.117.190 - - [17/Jan/2022:18:26:13 +0800] "GET / HTTP/2" 200 307 "-" "Mozilla/5.0 (compatible; XoviOnpageCrawler; +http://www.xovi.de/)"
14.192.213.118 - - [17/Jan/2022:18:32:24 +0800] "GET / HTTP/1.1" 304 0 "-" "Mozilla/5.0 (Windows NT 6.1) AppleWebKit/537.36 (KHTML, like Gecko) Chrome/97.0.4692.71 Safari/537.36"
14.192.213.118 - - [17/Jan/2022:19:16:14 +0800] "GET / HTTP/1.1" 304 0 "-" "Mozilla/5.0 (Windows NT 6.1) AppleWebKit/537.36 (KHTML, like Gecko) Chrome/97.0.4692.71 Safari/537.36"
133.242.174.119 - - [17/Jan/2022:20:19:32 +0800] "GET / HTTP/1.1" 200 843 "-" "Mozilla/5.0 (Linux; U; Android 2.2; ja-jp; SC-02B Build/FROYO) AppleWebKit/533.1 (KHTML, like Gecko) Version/4.0 Mobile Safari/533.1"
34.252.73.226 - - [17/Jan/2022:21:30:35 +0800] "GET / HTTP/1.1" 200 732 "www.wolframalpha.com" "Mozilla/5.0 (X11; Linux x86_64; rv:83.0) Gecko/20100101 Firefox/83.0"
34.252.73.226 - - [17/Jan/2022:21:30:39 +0800] "GET /favicon.ico HTTP/1.1" 404 910 "www.ask.com" "Mozilla/5.0 (X11; Linux x86_64; rv:83.0) Gecko/20100101 Firefox/83.0"
207.46.13.235 - - [17/Jan/2022:22:38:18 +0800] "GET /robots.txt HTTP/2" 404 457 "-" "Mozilla/5.0 (compatible; bingbot/2.0; +http://www.bing.com/bingbot.htm)"
207.46.13.235 - - [17/Jan/2022:22:38:19 +0800] "GET /robots.txt HTTP/2" 404 457 "-" "Mozilla/5.0 (compatible; bingbot/2.0; +http://www.bing.com/bingbot.htm)"
40.77.167.10 - - [17/Jan/2022:22:38:27 +0800] "GET / HTTP/2" 200 307 "-" "Mozilla/5.0 (compatible; bingbot/2.0; +http://www.bing.com/bingbot.htm)"
66.249.71.221 - - [18/Jan/2022:02:05:23 +0800] "GET /robots.txt HTTP/1.1" 404 910 "-" "Mozilla/5.0 (compatible; Googlebot/2.1; +http://www.google.com/bot.html)"
66.249.71.219 - - [18/Jan/2022:02:05:24 +0800] "GET /ads.txt HTTP/1.1" 404 910 "-" "Mozilla/5.0 (compatible; Googlebot/2.1; +http://www.google.com/bot.html)"
176.53.223.231 - - [18/Jan/2022:02:07:36 +0800] "GET / HTTP/1.1" 200 843 "-" "Mozilla/5.0 (Windows NT 10.0; Win64; x64) AppleWebKit/537.36 (KHTML, like Gecko) Chrome/94.0.4606.61 Safari/537.36"
176.53.223.231 - - [18/Jan/2022:02:07:37 +0800] "GET /favicon.ico HTTP/1.1" 404 822 "-" "Mozilla/5.0 (Windows NT 10.0; Win64; x64) AppleWebKit/537.36 (KHTML, like Gecko) Chrome/94.0.4606.61 Safari/537.36"
54.221.27.173 - - [18/Jan/2022:06:21:58 +0800] "GET / HTTP/1.1" 200 806 "http://mypage.my" "Mozilla/5.0 (Windows NT 10.0; Win64; x64) AppleWebKit/537.36 (KHTML, like Gecko) Chrome/88.0.4324.150 Safari/537.36"
40.77.167.10 - - [18/Jan/2022:10:30:11 +0800] "GET / HTTP/2" 200 307 "-" "Mozilla/5.0 (compatible; bingbot/2.0; +http://www.bing.com/bingbot.htm)"
116.203.193.175 - - [18/Jan/2022:11:44:18 +0800] "GET / HTTP/1.0" 200 916 "-" "Mozilla/5.0 (X11; Linux x86_64; rv:15.0) Gecko/20100101 Firefox/15.0.1"
116.203.193.175 - - [18/Jan/2022:11:44:18 +0800] "GET /wp-login.php HTTP/1.0" 404 1267 "-" "Mozilla/5.0 (X11; Linux x86_64; rv:15.0) Gecko/20100101 Firefox/15.0.1"
14.192.213.118 - - [18/Jan/2022:12:11:08 +0800] "GET / HTTP/1.1" 304 0 "-" "Mozilla/5.0 (Windows NT 6.1) AppleWebKit/537.36 (KHTML, like Gecko) Chrome/97.0.4692.71 Safari/537.36"
198.240.89.232 - - [18/Jan/2022:16:46:37 +0800] "GET / HTTP/1.1" 200 843 "-" "Mozilla/5.0 (Windows NT 10.0; Win64; x64) AppleWebKit/537.36 (KHTML, like Gecko) Chrome/95.0.4638.69 Safari/537.36"
209.242.215.209 - - [18/Jan/2022:16:46:46 +0800] "GET / HTTP/1.1" 200 843 "-" "Mozilla/5.0 (Windows NT 10.0; Win64; x64) AppleWebKit/537.36 (KHTML, like Gecko) Chrome/95.0.4638.69 Safari/537.36"
45.227.162.53 - - [18/Jan/2022:19:49:33 +0800] "GET /wp/wp-content/plugins/ubh/up.php HTTP/1.1" 404 1267 "mypage.my" "Mozilla/5.0 (Windows NT 6.1; WOW64) AppleWebKit/537.36 (KHTML, like Gecko) Chrome/50.0.2661.75 Safari/537.36"
45.227.162.53 - - [18/Jan/2022:19:50:20 +0800] "GET /wp/alfa.php HTTP/1.1" 404 1267 "mypage.my" "Mozilla/5.0 (Windows NT 6.1; WOW64) AppleWebKit/537.36 (KHTML, like Gecko) Chrome/50.0.2661.75 Safari/537.36"
45.227.162.53 - - [18/Jan/2022:19:50:28 +0800] "GET /wp/wp-content/wp-1ogin_bak.php HTTP/1.1" 404 1267 "mypage.my" "Mozilla/5.0 (Windows NT 6.1; WOW64) AppleWebKit/537.36 (KHTML, like Gecko) Chrome/50.0.2661.75 Safari/537.36"
40.77.167.10 - - [18/Jan/2022:22:21:19 +0800] "GET / HTTP/2" 200 307 "-" "Mozilla/5.0 (compatible; bingbot/2.0; +http://www.bing.com/bingbot.htm)"
115.164.85.224 - - [18/Jan/2022:22:31:20 +0800] "GET / HTTP/2" 304 0 "-" "Mozilla/5.0 (Windows NT 6.1) AppleWebKit/537.36 (KHTML, like Gecko) Chrome/97.0.4692.71 Safari/537.36"
45.90.60.245 - - [19/Jan/2022:02:12:32 +0800] "GET / HTTP/1.1" 200 843 "-" "Mozilla/5.0 (Windows NT 10.0; Win64; x64) AppleWebKit/537.36 (KHTML, like Gecko) Chrome/94.0.4606.61 Safari/537.36"
45.90.60.245 - - [19/Jan/2022:02:12:33 +0800] "GET /favicon.ico HTTP/1.1" 404 822 "-" "Mozilla/5.0 (Windows NT 10.0; Win64; x64) AppleWebKit/537.36 (KHTML, like Gecko) Chrome/94.0.4606.61 Safari/537.36"
40.77.167.10 - - [19/Jan/2022:08:51:42 +0800] "GET / HTTP/2" 200 307 "-" "Mozilla/5.0 (compatible; bingbot/2.0; +http://www.bing.com/bingbot.htm)"
207.46.13.211 - - [19/Jan/2022:18:16:19 +0800] "GET / HTTP/2" 200 307 "-" "Mozilla/5.0 (compatible; bingbot/2.0; +http://www.bing.com/bingbot.htm)"
63.32.105.231 - - [19/Jan/2022:21:15:00 +0800] "GET / HTTP/2" 200 198 "-" "Mozilla/5.0 (X11; Linux x86_64) AppleWebKit/537.36 (KHTML, like Gecko) HeadlessChrome/78.0.3882.0 Safari/537.36"
159.65.86.130 - - [20/Jan/2022:01:46:17 +0800] "GET /wp-load.php?daksldlkdsadas=1 HTTP/1.1" 404 1267 "mypage.my" "Mozilla/5.0 (Windows NT 6.1; WOW64) AppleWebKit/537.36 (KHTML, like Gecko) Chrome/50.0.2661.75 Safari/537.36"
159.65.86.130 - - [20/Jan/2022:01:46:26 +0800] "GET /old-index.php?daksldlkdsadas=1 HTTP/1.1" 404 1267 "mypage.my" "Mozilla/5.0 (Windows NT 6.1; WOW64) AppleWebKit/537.36 (KHTML, like Gecko) Chrome/50.0.2661.75 Safari/537.36"
54.74.16.99 - - [20/Jan/2022:04:35:20 +0800] "GET / HTTP/2" 200 198 "-" "Mozilla/5.0 (X11; Linux x86_64) AppleWebKit/537.36 (KHTML, like Gecko) HeadlessChrome/78.0.3882.0 Safari/537.36"
130.255.166.26 - - [20/Jan/2022:05:55:25 +0800] "GET /robots.txt HTTP/1.1" 404 963 "http://mypage.my/robots.txt" "Mozilla/5.0 (Macintosh; Intel Mac OS X 10_13_6) AppleWebKit/537.36 (KHTML, like Gecko) Chrome/91.0.4472.114 Safari/537.36"
130.255.166.142 - - [20/Jan/2022:05:55:26 +0800] "GET /humans.txt HTTP/1.1" 404 963 "http://mypage.my/humans.txt" "Mozilla/5.0 (Macintosh; Intel Mac OS X 10_13_6) AppleWebKit/537.36 (KHTML, like Gecko) Chrome/91.0.4472.114 Safari/537.36"
130.255.166.115 - - [20/Jan/2022:05:55:27 +0800] "GET /ads.txt HTTP/1.1" 404 963 "http://mypage.my/ads.txt" "Mozilla/5.0 (Macintosh; Intel Mac OS X 10_13_6) AppleWebKit/537.36 (KHTML, like Gecko) Chrome/91.0.4472.114 Safari/537.36"
130.255.166.142 - - [20/Jan/2022:05:55:29 +0800] "GET / HTTP/1.1" 200 806 "http://mypage.my/" "Mozilla/5.0 (Macintosh; Intel Mac OS X 10_13_6) AppleWebKit/537.36 (KHTML, like Gecko) Chrome/91.0.4472.114 Safari/537.36"
149.202.180.22 - - [20/Jan/2022:07:30:29 +0800] "GET / HTTP/1.1" 200 843 "http://www.mypage.my" "Mozilla/5.0 (Windows NT 10.0; Win64; x64; rv:89.0) Gecko/20100101 Firefox/89.0"
149.202.180.22 - - [20/Jan/2022:07:30:30 +0800] "GET /ads.txt HTTP/1.1" 404 1000 "http://mypage.my/ads.txt" "Mozilla/5.0 (Windows NT 10.0; Win64; x64; rv:89.0) Gecko/20100101 Firefox/89.0"
207.46.13.235 - - [20/Jan/2022:07:34:07 +0800] "GET /robots.txt HTTP/2" 404 457 "-" "Mozilla/5.0 (compatible; bingbot/2.0; +http://www.bing.com/bingbot.htm)"
207.46.13.235 - - [20/Jan/2022:07:34:07 +0800] "GET /robots.txt HTTP/2" 404 457 "-" "Mozilla/5.0 (compatible; bingbot/2.0; +http://www.bing.com/bingbot.htm)"
207.46.13.211 - - [20/Jan/2022:07:34:16 +0800] "GET / HTTP/2" 200 307 "-" "Mozilla/5.0 (compatible; bingbot/2.0; +http://www.bing.com/bingbot.htm)"
45.227.162.53 - - [20/Jan/2022:11:51:01 +0800] "GET /wp/wp-load.php?daksldlkdsadas=1 HTTP/1.1" 404 1267 "mypage.my" "Mozilla/5.0 (Windows NT 6.1; WOW64) AppleWebKit/537.36 (KHTML, like Gecko) Chrome/50.0.2661.75 Safari/537.36"
45.227.162.53 - - [20/Jan/2022:11:51:23 +0800] "GET /wp/old-index.php?daksldlkdsadas=1 HTTP/1.1" 404 1267 "mypage.my" "Mozilla/5.0 (Windows NT 6.1; WOW64) AppleWebKit/537.36 (KHTML, like Gecko) Chrome/50.0.2661.75 Safari/537.36"
52.57.58.176 - - [20/Jan/2022:12:56:01 +0800] "GET / HTTP/1.1" 200 916 "-" "webprosbot/2.0 (+mailto:abuse-6337@webpros.com)"
66.249.71.169 - - [20/Jan/2022:16:08:40 +0800] "GET /robots.txt HTTP/1.1" 404 910 "-" "Mozilla/5.0 (compatible; Googlebot/2.1; +http://www.google.com/bot.html)"
66.249.71.169 - - [20/Jan/2022:16:08:40 +0800] "GET /ads.txt HTTP/1.1" 404 910 "-" "Mozilla/5.0 (compatible; Googlebot/2.1; +http://www.google.com/bot.html)"
207.46.13.211 - - [20/Jan/2022:16:58:30 +0800] "GET / HTTP/2" 200 307 "-" "Mozilla/5.0 (compatible; bingbot/2.0; +http://www.bing.com/bingbot.htm)"
178.32.61.31 - - [20/Jan/2022:21:18:28 +0800] "GET /index.php?2020abc_url1=qqqqqqqqqqqqqqqqqqq HTTP/1.1" 404 1267 "mypage.my" "Mozilla/5.0 (Windows NT 6.1; WOW64) AppleWebKit/537.36 (KHTML, like Gecko) Chrome/50.0.2661.75 Safari/537.36"
63.250.47.200 - - [20/Jan/2022:22:51:10 +0800] "GET /wp/index.php?2020abc_url1=qqqqqqqqqqqqqqqqqqq HTTP/1.1" 404 1267 "mypage.my" "Mozilla/5.0 (Windows NT 6.1; WOW64) AppleWebKit/537.36 (KHTML, like Gecko) Chrome/50.0.2661.75 Safari/537.36"
54.170.237.6 - - [20/Jan/2022:23:18:12 +0800] "GET / HTTP/2" 200 198 "-" "Mozilla/5.0 (X11; Linux x86_64) AppleWebKit/537.36 (KHTML, like Gecko) HeadlessChrome/78.0.3882.0 Safari/537.36"
115.164.181.103 - - [20/Jan/2022:23:56:35 +0800] "GET / HTTP/2" 200 198 "-" "Mozilla/5.0 (Windows NT 10.0; Win64; x64) AppleWebKit/537.36 (KHTML, like Gecko) Chrome/97.0.4692.71 Safari/537.36"
46.101.80.192 - - [21/Jan/2022:04:11:12 +0800] "GET / HTTP/1.1" 200 806 "-" "Mozilla/5.0 (Windows NT 6.0) AppleWebKit/537.36 (KHTML, like Gecko) Chrome/34.0.1847.116 Safari/537.36"
66.249.71.223 - - [21/Jan/2022:05:12:20 +0800] "GET /robots.txt HTTP/1.1" 404 910 "-" "Mozilla/5.0 (compatible; Googlebot/2.1; +http://www.google.com/bot.html)"
66.249.71.219 - - [21/Jan/2022:05:12:22 +0800] "GET /comments/feed/ HTTP/1.1" 404 910 "-" "Mozilla/5.0 (Linux; Android 6.0.1; Nexus 5X Build/MMB29P) AppleWebKit/537.36 (KHTML, like Gecko) Chrome/97.0.4692.71 Mobile Safari/537.36 (compatible; Googlebot/2.1; +http://www.google.com/bot.html)"
66.249.71.219 - - [21/Jan/2022:05:44:20 +0800] "GET /comments/feed/ HTTP/1.1" 404 910 "-" "Mozilla/5.0 (compatible; Googlebot/2.1; +http://www.google.com/bot.html)"
207.46.13.235 - - [21/Jan/2022:07:13:00 +0800] "GET /robots.txt HTTP/2" 404 457 "-" "Mozilla/5.0 (compatible; bingbot/2.0; +http://www.bing.com/bingbot.htm)"
207.46.13.235 - - [21/Jan/2022:07:13:01 +0800] "GET /robots.txt HTTP/2" 404 457 "-" "Mozilla/5.0 (compatible; bingbot/2.0; +http://www.bing.com/bingbot.htm)"
207.46.13.211 - - [21/Jan/2022:07:13:12 +0800] "GET / HTTP/2" 200 307 "-" "Mozilla/5.0 (compatible; bingbot/2.0; +http://www.bing.com/bingbot.htm)"
66.249.71.221 - - [21/Jan/2022:11:43:32 +0800] "GET /ads.txt HTTP/1.1" 404 910 "-" "Mozilla/5.0 (compatible; Googlebot/2.1; +http://www.google.com/bot.html)"
66.249.71.221 - - [21/Jan/2022:11:44:50 +0800] "GET /robots.txt HTTP/1.1" 404 910 "-" "Mozilla/5.0 (compatible; Googlebot/2.1; +http://www.google.com/bot.html)"
207.46.13.235 - - [21/Jan/2022:16:35:34 +0800] "GET /robots.txt HTTP/2" 404 457 "-" "Mozilla/5.0 (compatible; bingbot/2.0; +http://www.bing.com/bingbot.htm)"
207.46.13.235 - - [21/Jan/2022:16:35:35 +0800] "GET /robots.txt HTTP/2" 404 457 "-" "Mozilla/5.0 (compatible; bingbot/2.0; +http://www.bing.com/bingbot.htm)"
207.46.13.211 - - [21/Jan/2022:16:35:47 +0800] "GET / HTTP/2" 200 307 "-" "Mozilla/5.0 (compatible; bingbot/2.0; +http://www.bing.com/bingbot.htm)"
207.46.13.235 - - [22/Jan/2022:06:48:30 +0800] "GET /robots.txt HTTP/2" 404 457 "-" "Mozilla/5.0 (compatible; bingbot/2.0; +http://www.bing.com/bingbot.htm)"
207.46.13.235 - - [22/Jan/2022:06:48:30 +0800] "GET /robots.txt HTTP/2" 404 457 "-" "Mozilla/5.0 (compatible; bingbot/2.0; +http://www.bing.com/bingbot.htm)"
207.46.13.211 - - [22/Jan/2022:06:48:39 +0800] "GET / HTTP/2" 200 307 "-" "Mozilla/5.0 (compatible; bingbot/2.0; +http://www.bing.com/bingbot.htm)"
66.249.71.221 - - [22/Jan/2022:11:37:17 +0800] "GET /robots.txt HTTP/1.1" 404 910 "-" "Mozilla/5.0 (compatible; Googlebot/2.1; +http://www.google.com/bot.html)"
66.249.71.219 - - [22/Jan/2022:11:37:17 +0800] "GET /ads.txt HTTP/1.1" 404 910 "-" "Mozilla/5.0 (compatible; Googlebot/2.1; +http://www.google.com/bot.html)"
20.121.30.222 - - [22/Jan/2022:14:07:54 +0800] "GET / HTTP/1.1" 200 843 "-" "python-requests/2.27.1"
20.121.30.222 - - [22/Jan/2022:14:08:56 +0800] "GET /.env HTTP/1.1" 404 1000 "-" "python-requests/2.27.1"
207.46.13.235 - - [22/Jan/2022:16:11:26 +0800] "GET /robots.txt HTTP/2" 404 457 "-" "Mozilla/5.0 (compatible; bingbot/2.0; +http://www.bing.com/bingbot.htm)"
207.46.13.235 - - [22/Jan/2022:16:11:26 +0800] "GET /robots.txt HTTP/2" 404 457 "-" "Mozilla/5.0 (compatible; bingbot/2.0; +http://www.bing.com/bingbot.htm)"
207.46.13.211 - - [22/Jan/2022:16:11:35 +0800] "GET / HTTP/2" 200 307 "-" "Mozilla/5.0 (compatible; bingbot/2.0; +http://www.bing.com/bingbot.htm)"
3.135.194.136 - - [23/Jan/2022:02:31:57 +0800] "GET / HTTP/1.1" 200 806 "-" "Mozilla/5.0 (Windows NT 10.0; Win64; x64) AppleWebKit/537.36 (KHTML, like Gecko; compatible; BW/1.1; bit.ly/2W6Px8S; 16d85f799d) Chrome/84.0.4147.105 Safari/537.36"
3.135.194.136 - - [23/Jan/2022:02:32:01 +0800] "GET /robots.txt HTTP/1.1" 404 963 "-" "Mozilla/5.0 (Windows NT 10.0; Win64; x64) AppleWebKit/537.36 (KHTML, like Gecko; compatible; BW/1.1; bit.ly/2W6Px8S; 16d85f799d) Chrome/84.0.4147.105 Safari/537.36"
176.53.223.253 - - [23/Jan/2022:06:19:05 +0800] "GET / HTTP/1.1" 200 843 "-" "Mozilla/5.0 (Windows NT 10.0; Win64; x64) AppleWebKit/537.36 (KHTML, like Gecko) Chrome/94.0.4606.61 Safari/537.36"
176.53.223.253 - - [23/Jan/2022:06:19:05 +0800] "GET /favicon.ico HTTP/1.1" 404 822 "-" "Mozilla/5.0 (Windows NT 10.0; Win64; x64) AppleWebKit/537.36 (KHTML, like Gecko) Chrome/94.0.4606.61 Safari/537.36"
207.46.13.235 - - [23/Jan/2022:06:24:22 +0800] "GET /robots.txt HTTP/2" 404 457 "-" "Mozilla/5.0 (compatible; bingbot/2.0; +http://www.bing.com/bingbot.htm)"
207.46.13.235 - - [23/Jan/2022:06:24:23 +0800] "GET /robots.txt HTTP/2" 404 457 "-" "Mozilla/5.0 (compatible; bingbot/2.0; +http://www.bing.com/bingbot.htm)"
207.46.13.211 - - [23/Jan/2022:06:24:29 +0800] "GET / HTTP/2" 200 307 "-" "Mozilla/5.0 (compatible; bingbot/2.0; +http://www.bing.com/bingbot.htm)"
66.249.71.219 - - [23/Jan/2022:11:35:46 +0800] "GET /robots.txt HTTP/1.1" 404 910 "-" "Mozilla/5.0 (compatible; Googlebot/2.1; +http://www.google.com/bot.html)"
66.249.72.41 - - [23/Jan/2022:11:35:47 +0800] "GET /ads.txt HTTP/1.1" 404 910 "-" "Mozilla/5.0 (compatible; Googlebot/2.1; +http://www.google.com/bot.html)"
176.53.220.193 - - [23/Jan/2022:15:37:23 +0800] "GET / HTTP/1.1" 200 843 "-" "Mozilla/5.0 (Windows NT 10.0; Win64; x64) AppleWebKit/537.36 (KHTML, like Gecko) Chrome/94.0.4606.61 Safari/537.36"
176.53.220.193 - - [23/Jan/2022:15:37:23 +0800] "GET /favicon.ico HTTP/1.1" 404 822 "-" "Mozilla/5.0 (Windows NT 10.0; Win64; x64) AppleWebKit/537.36 (KHTML, like Gecko) Chrome/94.0.4606.61 Safari/537.36"
207.46.13.235 - - [23/Jan/2022:15:53:41 +0800] "GET /robots.txt HTTP/2" 404 457 "-" "Mozilla/5.0 (compatible; bingbot/2.0; +http://www.bing.com/bingbot.htm)"
207.46.13.235 - - [23/Jan/2022:15:53:42 +0800] "GET /robots.txt HTTP/2" 404 457 "-" "Mozilla/5.0 (compatible; bingbot/2.0; +http://www.bing.com/bingbot.htm)"
207.46.13.211 - - [23/Jan/2022:15:53:54 +0800] "GET / HTTP/2" 200 307 "-" "Mozilla/5.0 (compatible; bingbot/2.0; +http://www.bing.com/bingbot.htm)"
207.46.13.235 - - [24/Jan/2022:02:13:41 +0800] "GET /robots.txt HTTP/2" 404 457 "-" "Mozilla/5.0 (compatible; bingbot/2.0; +http://www.bing.com/bingbot.htm)"
207.46.13.235 - - [24/Jan/2022:02:13:41 +0800] "GET /robots.txt HTTP/2" 404 457 "-" "Mozilla/5.0 (compatible; bingbot/2.0; +http://www.bing.com/bingbot.htm)"
207.46.13.211 - - [24/Jan/2022:02:14:02 +0800] "GET / HTTP/2" 200 307 "-" "Mozilla/5.0 (compatible; bingbot/2.0; +http://www.bing.com/bingbot.htm)"
45.72.48.130 - - [24/Jan/2022:09:59:53 +0800] "GET / HTTP/1.1" 200 843 "-" "Mozilla/5.0 (Windows NT 10.0; Win64; x64) AppleWebKit/537.36 (KHTML, like Gecko) Chrome/88.0.4324.190 Safari/537.36"
45.72.48.130 - - [24/Jan/2022:09:59:55 +0800] "GET /robots.txt HTTP/1.1" 404 1000 "-" "Mozilla/5.0 (Windows NT 10.0; Win64; x64) AppleWebKit/537.36 (KHTML, like Gecko) Chrome/88.0.4324.190 Safari/537.36"
45.72.48.130 - - [24/Jan/2022:09:59:57 +0800] "GET /ads.txt HTTP/1.1" 404 1000 "-" "Mozilla/5.0 (Windows NT 10.0; Win64; x64) AppleWebKit/537.36 (KHTML, like Gecko) Chrome/88.0.4324.190 Safari/537.36"
120.235.225.0 - - [24/Jan/2022:10:53:25 +0800] "GET / HTTP/1.1" 200 843 "-" "Mozilla/5.0 (Windows NT 10.0; Win64; x64; rv:91.0) Gecko/20100101 Firefox/91.0"
66.249.71.223 - - [24/Jan/2022:11:34:40 +0800] "GET /robots.txt HTTP/1.1" 404 910 "-" "Mozilla/5.0 (compatible; Googlebot/2.1; +http://www.google.com/bot.html)"
207.46.13.235 - - [24/Jan/2022:12:47:32 +0800] "GET /robots.txt HTTP/2" 404 457 "-" "Mozilla/5.0 (compatible; bingbot/2.0; +http://www.bing.com/bingbot.htm)"
207.46.13.235 - - [24/Jan/2022:12:47:33 +0800] "GET /robots.txt HTTP/2" 404 457 "-" "Mozilla/5.0 (compatible; bingbot/2.0; +http://www.bing.com/bingbot.htm)"
207.46.13.211 - - [24/Jan/2022:12:47:39 +0800] "GET / HTTP/2" 200 307 "-" "Mozilla/5.0 (compatible; bingbot/2.0; +http://www.bing.com/bingbot.htm)"
45.90.63.228 - - [24/Jan/2022:15:36:37 +0800] "GET / HTTP/1.1" 200 843 "-" "Mozilla/5.0 (Windows NT 10.0; Win64; x64) AppleWebKit/537.36 (KHTML, like Gecko) Chrome/94.0.4606.61 Safari/537.36"
45.90.63.228 - - [24/Jan/2022:15:36:37 +0800] "GET /favicon.ico HTTP/1.1" 404 822 "-" "Mozilla/5.0 (Windows NT 10.0; Win64; x64) AppleWebKit/537.36 (KHTML, like Gecko) Chrome/94.0.4606.61 Safari/537.36"
66.249.71.221 - - [24/Jan/2022:18:39:01 +0800] "GET /ads.txt HTTP/1.1" 404 910 "-" "Mozilla/5.0 (compatible; Googlebot/2.1; +http://www.google.com/bot.html)"
3.250.110.122 - - [24/Jan/2022:21:16:01 +0800] "GET / HTTP/2" 200 198 "-" "Mozilla/5.0 (X11; Linux x86_64) AppleWebKit/537.36 (KHTML, like Gecko) HeadlessChrome/78.0.3882.0 Safari/537.36"
14.192.209.96 - - [24/Jan/2022:21:26:30 +0800] "GET / HTTP/2" 200 198 "-" "Mozilla/5.0 (Windows NT 10.0; Win64; x64) AppleWebKit/537.36 (KHTML, like Gecko) Chrome/97.0.4692.99 Safari/537.36"
207.46.13.235 - - [24/Jan/2022:22:11:39 +0800] "GET /robots.txt HTTP/2" 404 457 "-" "Mozilla/5.0 (compatible; bingbot/2.0; +http://www.bing.com/bingbot.htm)"
207.46.13.235 - - [24/Jan/2022:22:11:40 +0800] "GET /robots.txt HTTP/2" 404 457 "-" "Mozilla/5.0 (compatible; bingbot/2.0; +http://www.bing.com/bingbot.htm)"
207.46.13.211 - - [24/Jan/2022:22:11:53 +0800] "GET / HTTP/2" 200 307 "-" "Mozilla/5.0 (compatible; bingbot/2.0; +http://www.bing.com/bingbot.htm)"
14.192.213.112 - - [24/Jan/2022:23:06:22 +0800] "GET / HTTP/2" 200 198 "-" "Mozilla/5.0 (Windows NT 10.0; Win64; x64) AppleWebKit/537.36 (KHTML, like Gecko) Chrome/97.0.4692.99 Safari/537.36"
34.244.48.140 - - [24/Jan/2022:23:35:05 +0800] "GET / HTTP/2" 200 198 "-" "Mozilla/5.0 (X11; Linux x86_64) AppleWebKit/537.36 (KHTML, like Gecko) HeadlessChrome/78.0.3882.0 Safari/537.36"
14.192.213.112 - - [24/Jan/2022:23:42:38 +0800] "GET / HTTP/1.1" 200 0 "-" "Mozilla/5.0 (Windows NT 10.0; Win64; x64) AppleWebKit/537.36 (KHTML, like Gecko) Chrome/97.0.4692.99 Safari/537.36"
96.44.133.58 - - [25/Jan/2022:04:57:32 +0800] "GET /index.php HTTP/1.1" 404 1267 "mypage.my" "wp_is_mobile"
66.249.72.43 - - [25/Jan/2022:11:34:54 +0800] "GET /robots.txt HTTP/1.1" 404 910 "-" "Mozilla/5.0 (compatible; Googlebot/2.1; +http://www.google.com/bot.html)"
176.53.218.212 - - [25/Jan/2022:15:34:47 +0800] "GET / HTTP/1.1" 200 843 "-" "Mozilla/5.0 (Windows NT 10.0; Win64; x64) AppleWebKit/537.36 (KHTML, like Gecko) Chrome/94.0.4606.61 Safari/537.36"
176.53.218.212 - - [25/Jan/2022:15:34:48 +0800] "GET /favicon.ico HTTP/1.1" 404 822 "-" "Mozilla/5.0 (Windows NT 10.0; Win64; x64) AppleWebKit/537.36 (KHTML, like Gecko) Chrome/94.0.4606.61 Safari/537.36"
207.246.95.31 - - [25/Jan/2022:21:29:03 +0800] "GET /wp-content/plugins/pie-register/readme.txt HTTP/1.1" 404 1000 "-" "Mozilla/5.0 (Windows NT 10.0; Win64; x64) AppleWebKit/537.36 (KHTML, like Gecko) Chrome/75.0.3770.100 Safari/537.36"
207.46.13.235 - - [25/Jan/2022:21:29:45 +0800] "GET /robots.txt HTTP/2" 404 457 "-" "Mozilla/5.0 (compatible; bingbot/2.0; +http://www.bing.com/bingbot.htm)"
207.46.13.235 - - [25/Jan/2022:21:29:46 +0800] "GET /robots.txt HTTP/2" 404 457 "-" "Mozilla/5.0 (compatible; bingbot/2.0; +http://www.bing.com/bingbot.htm)"
207.46.13.50 - - [25/Jan/2022:21:29:50 +0800] "GET / HTTP/2" 200 307 "-" "Mozilla/5.0 (compatible; bingbot/2.0; +http://www.bing.com/bingbot.htm)"
172.245.41.210 - - [26/Jan/2022:00:37:41 +0800] "GET / HTTP/1.1" 200 843 "https://mypage.my" "Mozilla/5.0 (X11; Linux x86_64) AppleWebKit/537.36(KHTML, like Gecko) Chrome/61.0.3116.0 Safari/537.36 Chrome-Lighthouse"
52.198.191.150 - - [26/Jan/2022:02:19:33 +0800] "GET /index.php HTTP/1.1" 404 1267 "mypage.my" "wp_is_mobile"
91.204.46.55 - - [26/Jan/2022:06:24:32 +0800] "GET /wp/index.php HTTP/1.1" 404 1267 "mypage.my" "wp_is_mobile"
185.191.34.215 - - [26/Jan/2022:06:49:56 +0800] "HEAD / HTTP/1.1" 200 536 "-" "Mozilla/5.0 (Macintosh; Intel Mac OS X 10.14; rv:68.0) Gecko/20100101 Firefox/68.0"
207.46.13.235 - - [26/Jan/2022:09:08:47 +0800] "GET /robots.txt HTTP/2" 404 457 "-" "Mozilla/5.0 (compatible; bingbot/2.0; +http://www.bing.com/bingbot.htm)"
207.46.13.235 - - [26/Jan/2022:09:08:47 +0800] "GET /robots.txt HTTP/2" 404 457 "-" "Mozilla/5.0 (compatible; bingbot/2.0; +http://www.bing.com/bingbot.htm)"
207.46.13.50 - - [26/Jan/2022:09:08:57 +0800] "GET / HTTP/2" 200 307 "-" "Mozilla/5.0 (compatible; bingbot/2.0; +http://www.bing.com/bingbot.htm)"
66.249.71.219 - - [26/Jan/2022:09:53:28 +0800] "GET /robots.txt HTTP/1.1" 404 910 "-" "Mozilla/5.0 (compatible; Googlebot/2.1; +http://www.google.com/bot.html)"
66.249.71.219 - - [26/Jan/2022:09:53:28 +0800] "GET /ads.txt HTTP/1.1" 404 910 "-" "Mozilla/5.0 (compatible; Googlebot/2.1; +http://www.google.com/bot.html)"
45.90.61.192 - - [26/Jan/2022:15:36:16 +0800] "GET / HTTP/1.1" 200 843 "-" "Mozilla/5.0 (Windows NT 10.0; Win64; x64) AppleWebKit/537.36 (KHTML, like Gecko) Chrome/94.0.4606.61 Safari/537.36"
45.90.61.192 - - [26/Jan/2022:15:36:16 +0800] "GET /favicon.ico HTTP/1.1" 404 822 "-" "Mozilla/5.0 (Windows NT 10.0; Win64; x64) AppleWebKit/537.36 (KHTML, like Gecko) Chrome/94.0.4606.61 Safari/537.36"
130.255.166.26 - - [26/Jan/2022:16:55:35 +0800] "GET /robots.txt HTTP/1.1" 404 963 "http://mypage.my/robots.txt" "Mozilla/5.0 (Macintosh; Intel Mac OS X 10_13_6) AppleWebKit/537.36 (KHTML, like Gecko) Chrome/91.0.4472.114 Safari/537.36"
130.255.166.90 - - [26/Jan/2022:16:55:36 +0800] "GET /humans.txt HTTP/1.1" 404 963 "http://mypage.my/humans.txt" "Mozilla/5.0 (Macintosh; Intel Mac OS X 10_13_6) AppleWebKit/537.36 (KHTML, like Gecko) Chrome/91.0.4472.114 Safari/537.36"
130.255.166.51 - - [26/Jan/2022:16:55:37 +0800] "GET /ads.txt HTTP/1.1" 404 963 "http://mypage.my/ads.txt" "Mozilla/5.0 (Macintosh; Intel Mac OS X 10_13_6) AppleWebKit/537.36 (KHTML, like Gecko) Chrome/91.0.4472.114 Safari/537.36"
130.255.166.97 - - [26/Jan/2022:16:55:39 +0800] "GET / HTTP/1.1" 200 806 "http://mypage.my/" "Mozilla/5.0 (Macintosh; Intel Mac OS X 10_13_6) AppleWebKit/537.36 (KHTML, like Gecko) Chrome/91.0.4472.114 Safari/537.36"
40.77.167.95 - - [26/Jan/2022:18:48:21 +0800] "GET /robots.txt HTTP/2" 404 457 "-" "Mozilla/5.0 (compatible; bingbot/2.0; +http://www.bing.com/bingbot.htm)"
40.77.167.95 - - [26/Jan/2022:18:48:22 +0800] "GET /robots.txt HTTP/2" 404 457 "-" "Mozilla/5.0 (compatible; bingbot/2.0; +http://www.bing.com/bingbot.htm)"
207.46.13.50 - - [26/Jan/2022:18:48:33 +0800] "GET / HTTP/2" 200 307 "-" "Mozilla/5.0 (compatible; bingbot/2.0; +http://www.bing.com/bingbot.htm)"
66.249.71.221 - - [27/Jan/2022:05:18:44 +0800] "GET /robots.txt HTTP/1.1" 404 910 "-" "Mozilla/5.0 (compatible; Googlebot/2.1; +http://www.google.com/bot.html)"
66.249.71.219 - - [27/Jan/2022:05:18:48 +0800] "GET /product-category/electronics/ HTTP/1.1" 404 910 "-" "Mozilla/5.0 (compatible; Googlebot/2.1; +http://www.google.com/bot.html)"
66.249.71.223 - - [27/Jan/2022:07:10:47 +0800] "GET /robots.txt HTTP/1.1" 404 910 "-" "Mozilla/5.0 (compatible; Googlebot/2.1; +http://www.google.com/bot.html)"
66.249.71.223 - - [27/Jan/2022:07:10:48 +0800] "GET / HTTP/1.1" 200 554 "-" "Mozilla/5.0 (compatible; Googlebot/2.1; +http://www.google.com/bot.html)"
66.249.71.219 - - [27/Jan/2022:07:16:14 +0800] "GET / HTTP/1.1" 200 732 "-" "Mozilla/5.0 (Linux; Android 6.0.1; Nexus 5X Build/MMB29P) AppleWebKit/537.36 (KHTML, like Gecko) Chrome/97.0.4692.99 Mobile Safari/537.36 (compatible; Googlebot/2.1; +http://www.google.com/bot.html)"
40.77.167.95 - - [27/Jan/2022:09:35:43 +0800] "GET /robots.txt HTTP/2" 404 457 "-" "Mozilla/5.0 (compatible; bingbot/2.0; +http://www.bing.com/bingbot.htm)"
40.77.167.95 - - [27/Jan/2022:09:35:44 +0800] "GET /robots.txt HTTP/2" 404 457 "-" "Mozilla/5.0 (compatible; bingbot/2.0; +http://www.bing.com/bingbot.htm)"
207.46.13.150 - - [27/Jan/2022:09:35:50 +0800] "GET / HTTP/2" 200 307 "-" "Mozilla/5.0 (compatible; bingbot/2.0; +http://www.bing.com/bingbot.htm)"
66.249.71.219 - - [27/Jan/2022:10:45:42 +0800] "GET /ads.txt HTTP/1.1" 404 910 "-" "Mozilla/5.0 (compatible; Googlebot/2.1; +http://www.google.com/bot.html)"
66.249.71.219 - - [27/Jan/2022:11:09:18 +0800] "GET /ads.txt HTTP/1.1" 404 910 "-" "Mozilla/5.0 (compatible; Googlebot/2.1; +http://www.google.com/bot.html)"
52.39.14.184 - - [27/Jan/2022:14:51:09 +0800] "GET / HTTP/1.1" 200 806 "-" "Mozilla/5.0 (Macintosh; Intel Mac OS X 10_8_3) AppleWebKit/537.31 (KHTML, like Gecko) Chrome/26.0.1410.65 Safari/537.31"
89.104.101.80 - - [27/Jan/2022:15:35:03 +0800] "GET / HTTP/1.1" 200 843 "-" "Mozilla/5.0 (Windows NT 10.0; Win64; x64) AppleWebKit/537.36 (KHTML, like Gecko) Chrome/94.0.4606.61 Safari/537.36"
89.104.101.80 - - [27/Jan/2022:15:35:04 +0800] "GET /favicon.ico HTTP/1.1" 404 822 "-" "Mozilla/5.0 (Windows NT 10.0; Win64; x64) AppleWebKit/537.36 (KHTML, like Gecko) Chrome/94.0.4606.61 Safari/537.36"
173.212.224.116 - - [27/Jan/2022:18:30:10 +0800] "GET /wp-load.php?daksldlkdsadas=1 HTTP/1.1" 404 1267 "mypage.my" "Mozilla/5.0 (Windows NT 6.1; WOW64) AppleWebKit/537.36 (KHTML, like Gecko) Chrome/50.0.2661.75 Safari/537.36"
173.212.224.116 - - [27/Jan/2022:18:30:56 +0800] "GET /old-index.php?daksldlkdsadas=1 HTTP/1.1" 404 1267 "mypage.my" "Mozilla/5.0 (Windows NT 6.1; WOW64) AppleWebKit/537.36 (KHTML, like Gecko) Chrome/50.0.2661.75 Safari/537.36"
40.77.167.95 - - [27/Jan/2022:19:45:08 +0800] "GET /robots.txt HTTP/2" 404 457 "-" "Mozilla/5.0 (compatible; bingbot/2.0; +http://www.bing.com/bingbot.htm)"
40.77.167.95 - - [27/Jan/2022:19:45:09 +0800] "GET /robots.txt HTTP/2" 404 457 "-" "Mozilla/5.0 (compatible; bingbot/2.0; +http://www.bing.com/bingbot.htm)"
207.46.13.150 - - [27/Jan/2022:19:45:19 +0800] "GET / HTTP/2" 200 307 "-" "Mozilla/5.0 (compatible; bingbot/2.0; +http://www.bing.com/bingbot.htm)"
66.249.71.219 - - [27/Jan/2022:21:44:39 +0800] "GET /robots.txt HTTP/1.1" 404 910 "-" "Mozilla/5.0 (compatible; Googlebot/2.1; +http://www.google.com/bot.html)"
66.249.71.223 - - [27/Jan/2022:21:44:40 +0800] "GET /feed/ HTTP/1.1" 404 910 "-" "Mozilla/5.0 (compatible; Googlebot/2.1; +http://www.google.com/bot.html)"
66.249.71.223 - - [27/Jan/2022:22:44:39 +0800] "GET /feed/ HTTP/1.1" 404 910 "-" "Mozilla/5.0 (Linux; Android 6.0.1; Nexus 5X Build/MMB29P) AppleWebKit/537.36 (KHTML, like Gecko) Chrome/97.0.4692.99 Mobile Safari/537.36 (compatible; Googlebot/2.1; +http://www.google.com/bot.html)"
185.181.60.12 - - [28/Jan/2022:01:40:02 +0800] "GET / HTTP/2" 200 307 "-" "Mozilla/5.0 (Windows NT 10.0; Win64; x64) AppleWebKit/537.36 (KHTML, like Gecko) Chrome/91.0.4472.114 Safari/537.36 Edg/91.0.864.54"
66.249.71.219 - - [28/Jan/2022:08:04:11 +0800] "GET / HTTP/1.1" 200 732 "-" "Mozilla/5.0 (Linux; Android 6.0.1; Nexus 5X Build/MMB29P) AppleWebKit/537.36 (KHTML, like Gecko) Chrome/97.0.4692.99 Mobile Safari/537.36 (compatible; Googlebot/2.1; +http://www.google.com/bot.html)"
66.249.71.223 - - [28/Jan/2022:10:32:59 +0800] "GET /robots.txt HTTP/1.1" 404 910 "-" "Mozilla/5.0 (compatible; Googlebot/2.1; +http://www.google.com/bot.html)"
66.249.71.221 - - [28/Jan/2022:10:33:01 +0800] "GET / HTTP/1.1" 200 732 "-" "Mozilla/5.0 (compatible; Googlebot/2.1; +http://www.google.com/bot.html)"
66.249.71.223 - - [28/Jan/2022:10:35:43 +0800] "GET /ads.txt HTTP/1.1" 404 910 "-" "Mozilla/5.0 (compatible; Googlebot/2.1; +http://www.google.com/bot.html)"
40.77.167.95 - - [28/Jan/2022:10:54:54 +0800] "GET /robots.txt HTTP/2" 404 457 "-" "Mozilla/5.0 (compatible; bingbot/2.0; +http://www.bing.com/bingbot.htm)"
40.77.167.95 - - [28/Jan/2022:10:54:55 +0800] "GET /robots.txt HTTP/2" 404 457 "-" "Mozilla/5.0 (compatible; bingbot/2.0; +http://www.bing.com/bingbot.htm)"
207.46.13.150 - - [28/Jan/2022:10:54:57 +0800] "GET / HTTP/2" 200 307 "-" "Mozilla/5.0 (compatible; bingbot/2.0; +http://www.bing.com/bingbot.htm)"
176.53.219.246 - - [28/Jan/2022:15:21:29 +0800] "GET / HTTP/1.1" 200 843 "-" "Mozilla/5.0 (Windows NT 10.0; Win64; x64) AppleWebKit/537.36 (KHTML, like Gecko) Chrome/94.0.4606.61 Safari/537.36"
176.53.219.246 - - [28/Jan/2022:15:21:30 +0800] "GET /favicon.ico HTTP/1.1" 404 822 "-" "Mozilla/5.0 (Windows NT 10.0; Win64; x64) AppleWebKit/537.36 (KHTML, like Gecko) Chrome/94.0.4606.61 Safari/537.36"
40.77.167.95 - - [28/Jan/2022:20:47:25 +0800] "GET /robots.txt HTTP/2" 404 457 "-" "Mozilla/5.0 (compatible; bingbot/2.0; +http://www.bing.com/bingbot.htm)"
40.77.167.95 - - [28/Jan/2022:20:47:26 +0800] "GET /robots.txt HTTP/2" 404 457 "-" "Mozilla/5.0 (compatible; bingbot/2.0; +http://www.bing.com/bingbot.htm)"
207.46.13.150 - - [28/Jan/2022:20:47:36 +0800] "GET / HTTP/2" 200 307 "-" "Mozilla/5.0 (compatible; bingbot/2.0; +http://www.bing.com/bingbot.htm)"
142.132.181.167 - - [29/Jan/2022:00:57:20 +0800] "GET / HTTP/1.1" 200 843 "http://mypage.my" "Mozilla/5.0 (iPhone; CPU iPhone OS 12_1 like Mac OS X) AppleWebKit/605.1.15 (KHTML, like Gecko) CriOS/80.0.3987.95 Mobile/15E148 Safari/605.1"
66.249.71.221 - - [29/Jan/2022:10:24:53 +0800] "GET /robots.txt HTTP/1.1" 404 910 "-" "Mozilla/5.0 (compatible; Googlebot/2.1; +http://www.google.com/bot.html)"
66.249.71.221 - - [29/Jan/2022:10:24:53 +0800] "GET /ads.txt HTTP/1.1" 404 910 "-" "Mozilla/5.0 (compatible; Googlebot/2.1; +http://www.google.com/bot.html)"
66.249.71.223 - - [29/Jan/2022:11:09:39 +0800] "GET /ads.txt HTTP/1.1" 404 910 "-" "Mozilla/5.0 (compatible; Googlebot/2.1; +http://www.google.com/bot.html)"
66.249.71.223 - - [29/Jan/2022:11:09:39 +0800] "GET /robots.txt HTTP/1.1" 404 910 "-" "Mozilla/5.0 (compatible; Googlebot/2.1; +http://www.google.com/bot.html)"
40.77.167.95 - - [29/Jan/2022:11:54:18 +0800] "GET /robots.txt HTTP/2" 404 457 "-" "Mozilla/5.0 (compatible; bingbot/2.0; +http://www.bing.com/bingbot.htm)"
40.77.167.95 - - [29/Jan/2022:11:54:19 +0800] "GET /robots.txt HTTP/2" 404 457 "-" "Mozilla/5.0 (compatible; bingbot/2.0; +http://www.bing.com/bingbot.htm)"
207.46.13.150 - - [29/Jan/2022:11:54:26 +0800] "GET / HTTP/2" 200 307 "-" "Mozilla/5.0 (compatible; bingbot/2.0; +http://www.bing.com/bingbot.htm)"
138.246.253.24 - - [29/Jan/2022:17:40:56 +0800] "GET /robots.txt HTTP/1.1" 404 1304 "-" "Mozilla/5.0 (Windows NT 10.0; Win64; x64) AppleWebKit/537.36 (KHTML, like Gecko) Chrome/88.0.4324.146 Safari/537.36"
89.104.110.80 - - [29/Jan/2022:18:47:54 +0800] "GET / HTTP/1.1" 200 843 "-" "Mozilla/5.0 (Windows NT 10.0; Win64; x64) AppleWebKit/537.36 (KHTML, like Gecko) Chrome/94.0.4606.61 Safari/537.36"
89.104.110.80 - - [29/Jan/2022:18:47:55 +0800] "GET /favicon.ico HTTP/1.1" 404 822 "-" "Mozilla/5.0 (Windows NT 10.0; Win64; x64) AppleWebKit/537.36 (KHTML, like Gecko) Chrome/94.0.4606.61 Safari/537.36"
40.77.167.95 - - [29/Jan/2022:22:30:08 +0800] "GET /robots.txt HTTP/2" 404 457 "-" "Mozilla/5.0 (compatible; bingbot/2.0; +http://www.bing.com/bingbot.htm)"
40.77.167.95 - - [29/Jan/2022:22:30:09 +0800] "GET /robots.txt HTTP/2" 404 457 "-" "Mozilla/5.0 (compatible; bingbot/2.0; +http://www.bing.com/bingbot.htm)"
207.46.13.150 - - [29/Jan/2022:22:30:18 +0800] "GET / HTTP/2" 200 307 "-" "Mozilla/5.0 (compatible; bingbot/2.0; +http://www.bing.com/bingbot.htm)"
34.86.35.29 - - [30/Jan/2022:02:48:34 +0800] "GET / HTTP/1.1" 200 953 "-" "Expanse indexes the network perimeters of our customers. If you have any questions or concerns, please reach out to: scaninfo@expanseinc.com"
223.74.26.184 - - [30/Jan/2022:09:02:57 +0800] "GET / HTTP/1.1" 200 843 "-" "Mozilla/5.0 (Windows NT 10.0; Win64; x64; rv:91.0) Gecko/20100101 Firefox/91.0"
66.249.71.221 - - [30/Jan/2022:10:05:25 +0800] "GET /robots.txt HTTP/1.1" 404 910 "-" "Mozilla/5.0 (compatible; Googlebot/2.1; +http://www.google.com/bot.html)"
66.249.71.223 - - [30/Jan/2022:10:05:25 +0800] "GET /ads.txt HTTP/1.1" 404 910 "-" "Mozilla/5.0 (compatible; Googlebot/2.1; +http://www.google.com/bot.html)"
66.249.71.219 - - [30/Jan/2022:11:09:56 +0800] "GET /robots.txt HTTP/1.1" 404 910 "-" "Mozilla/5.0 (compatible; Googlebot/2.1; +http://www.google.com/bot.html)"
40.77.167.95 - - [30/Jan/2022:12:50:51 +0800] "GET /robots.txt HTTP/2" 404 457 "-" "Mozilla/5.0 (compatible; bingbot/2.0; +http://www.bing.com/bingbot.htm)"
40.77.167.95 - - [30/Jan/2022:12:50:52 +0800] "GET /robots.txt HTTP/2" 404 457 "-" "Mozilla/5.0 (compatible; bingbot/2.0; +http://www.bing.com/bingbot.htm)"
207.46.13.150 - - [30/Jan/2022:12:51:01 +0800] "GET / HTTP/2" 200 307 "-" "Mozilla/5.0 (compatible; bingbot/2.0; +http://www.bing.com/bingbot.htm)"
89.104.100.0 - - [30/Jan/2022:17:17:48 +0800] "GET / HTTP/1.1" 200 843 "-" "Mozilla/5.0 (Windows NT 10.0; Win64; x64) AppleWebKit/537.36 (KHTML, like Gecko) Chrome/94.0.4606.61 Safari/537.36"
89.104.100.0 - - [30/Jan/2022:17:17:49 +0800] "GET /favicon.ico HTTP/1.1" 404 822 "-" "Mozilla/5.0 (Windows NT 10.0; Win64; x64) AppleWebKit/537.36 (KHTML, like Gecko) Chrome/94.0.4606.61 Safari/537.36"
40.77.167.95 - - [30/Jan/2022:22:36:54 +0800] "GET /robots.txt HTTP/2" 404 457 "-" "Mozilla/5.0 (compatible; bingbot/2.0; +http://www.bing.com/bingbot.htm)"
40.77.167.95 - - [30/Jan/2022:22:36:55 +0800] "GET /robots.txt HTTP/2" 404 457 "-" "Mozilla/5.0 (compatible; bingbot/2.0; +http://www.bing.com/bingbot.htm)"
207.46.13.150 - - [30/Jan/2022:22:36:59 +0800] "GET / HTTP/2" 200 307 "-" "Mozilla/5.0 (compatible; bingbot/2.0; +http://www.bing.com/bingbot.htm)"
66.249.71.221 - - [31/Jan/2022:10:01:53 +0800] "GET /ads.txt HTTP/1.1" 404 910 "-" "Mozilla/5.0 (compatible; Googlebot/2.1; +http://www.google.com/bot.html)"
66.249.71.221 - - [31/Jan/2022:10:01:53 +0800] "GET /robots.txt HTTP/1.1" 404 910 "-" "Mozilla/5.0 (compatible; Googlebot/2.1; +http://www.google.com/bot.html)"
40.77.167.95 - - [31/Jan/2022:10:14:44 +0800] "GET /robots.txt HTTP/2" 404 457 "-" "Mozilla/5.0 (compatible; bingbot/2.0; +http://www.bing.com/bingbot.htm)"
40.77.167.95 - - [31/Jan/2022:10:14:45 +0800] "GET /robots.txt HTTP/2" 404 457 "-" "Mozilla/5.0 (compatible; bingbot/2.0; +http://www.bing.com/bingbot.htm)"
207.46.13.150 - - [31/Jan/2022:10:14:56 +0800] "GET / HTTP/2" 200 307 "-" "Mozilla/5.0 (compatible; bingbot/2.0; +http://www.bing.com/bingbot.htm)"
66.249.71.219 - - [31/Jan/2022:11:09:57 +0800] "GET /ads.txt HTTP/1.1" 404 910 "-" "Mozilla/5.0 (compatible; Googlebot/2.1; +http://www.google.com/bot.html)"
66.249.71.223 - - [31/Jan/2022:11:09:59 +0800] "GET /robots.txt HTTP/1.1" 404 910 "-" "Mozilla/5.0 (compatible; Googlebot/2.1; +http://www.google.com/bot.html)"
89.104.110.156 - - [31/Jan/2022:17:36:27 +0800] "GET / HTTP/1.1" 200 843 "-" "Mozilla/5.0 (Windows NT 10.0; Win64; x64) AppleWebKit/537.36 (KHTML, like Gecko) Chrome/94.0.4606.61 Safari/537.36"
89.104.110.156 - - [31/Jan/2022:17:36:27 +0800] "GET /favicon.ico HTTP/1.1" 404 822 "-" "Mozilla/5.0 (Windows NT 10.0; Win64; x64) AppleWebKit/537.36 (KHTML, like Gecko) Chrome/94.0.4606.61 Safari/537.36"
40.77.167.95 - - [31/Jan/2022:23:04:19 +0800] "GET /robots.txt HTTP/2" 404 457 "-" "Mozilla/5.0 (compatible; bingbot/2.0; +http://www.bing.com/bingbot.htm)"
40.77.167.95 - - [31/Jan/2022:23:04:20 +0800] "GET /robots.txt HTTP/2" 404 457 "-" "Mozilla/5.0 (compatible; bingbot/2.0; +http://www.bing.com/bingbot.htm)"
207.46.13.150 - - [31/Jan/2022:23:04:30 +0800] "GET / HTTP/2" 200 307 "-" "Mozilla/5.0 (compatible; bingbot/2.0; +http://www.bing.com/bingbot.htm)"
212.102.39.132 - - [31/Jan/2022:23:56:59 +0800] "GET /index.php/admin/ HTTP/1.1" 404 1304 "-" "Mozilla/5.0 (X11; Ubuntu; Linux x86_64; rv:62.0) Gecko/20100101 Firefox/62.0"
212.102.39.132 - - [31/Jan/2022:23:57:10 +0800] "GET /dev/index.php/admin/ HTTP/1.1" 404 1304 "-" "Mozilla/5.0 (X11; Ubuntu; Linux x86_64; rv:62.0) Gecko/20100101 Firefox/62.0"
212.102.39.132 - - [31/Jan/2022:23:57:17 +0800] "GET /old/index.php/admin/ HTTP/1.1" 404 1304 "-" "Mozilla/5.0 (X11; Ubuntu; Linux x86_64; rv:62.0) Gecko/20100101 Firefox/62.0"
212.102.39.132 - - [31/Jan/2022:23:57:18 +0800] "GET /shop/index.php/admin/ HTTP/1.1" 404 1304 "-" "Mozilla/5.0 (X11; Ubuntu; Linux x86_64; rv:62.0) Gecko/20100101 Firefox/62.0"
212.102.39.132 - - [31/Jan/2022:23:57:21 +0800] "GET /test/index.php/admin/ HTTP/1.1" 404 1304 "-" "Mozilla/5.0 (X11; Ubuntu; Linux x86_64; rv:62.0) Gecko/20100101 Firefox/62.0"
212.102.39.132 - - [31/Jan/2022:23:57:25 +0800] "GET /demo/index.php/admin/ HTTP/1.1" 404 1304 "-" "Mozilla/5.0 (X11; Ubuntu; Linux x86_64; rv:62.0) Gecko/20100101 Firefox/62.0"
212.102.39.132 - - [31/Jan/2022:23:57:28 +0800] "GET /store/index.php/admin/ HTTP/1.1" 404 1304 "-" "Mozilla/5.0 (X11; Ubuntu; Linux x86_64; rv:62.0) Gecko/20100101 Firefox/62.0"
212.102.39.132 - - [31/Jan/2022:23:57:36 +0800] "GET /staging/index.php/admin/ HTTP/1.1" 404 1304 "-" "Mozilla/5.0 (X11; Ubuntu; Linux x86_64; rv:62.0) Gecko/20100101 Firefox/62.0"
212.102.39.132 - - [31/Jan/2022:23:57:44 +0800] "GET /magento/index.php/admin/ HTTP/1.1" 404 1304 "-" "Mozilla/5.0 (X11; Ubuntu; Linux x86_64; rv:62.0) Gecko/20100101 Firefox/62.0"
212.102.39.132 - 69.3091700265938 [31/Jan/2022:23:57:44 +0800] "GET /rss/order/new HTTP/1.1" 404 1304 "-" "Mozilla/5.0 (X11; Ubuntu; Linux x86_64; rv:62.0) Gecko/20100101 Firefox/62.0"
212.102.39.132 - 69.3091700265938 [31/Jan/2022:23:57:46 +0800] "GET /rss/catalog/notifystock HTTP/1.1" 404 1304 "-" "Mozilla/5.0 (X11; Ubuntu; Linux x86_64; rv:62.0) Gecko/20100101 Firefox/62.0"
212.102.39.132 - 69.3091700265938 [31/Jan/2022:23:57:47 +0800] "GET /rss/catalog/review HTTP/1.1" 404 1304 "-" "Mozilla/5.0 (X11; Ubuntu; Linux x86_64; rv:62.0) Gecko/20100101 Firefox/62.0"
212.102.39.132 - 11.5783916145396 [31/Jan/2022:23:58:42 +0800] "GET /dev/rss/order/new HTTP/1.1" 404 1304 "-" "Mozilla/5.0 (X11; Ubuntu; Linux x86_64; rv:62.0) Gecko/20100101 Firefox/62.0"
212.102.39.132 - 11.5783916145396 [31/Jan/2022:23:58:43 +0800] "GET /dev/rss/catalog/notifystock HTTP/1.1" 404 1304 "-" "Mozilla/5.0 (X11; Ubuntu; Linux x86_64; rv:62.0) Gecko/20100101 Firefox/62.0"
212.102.39.132 - 11.5783916145396 [31/Jan/2022:23:58:44 +0800] "GET /dev/rss/catalog/review HTTP/1.1" 404 1304 "-" "Mozilla/5.0 (X11; Ubuntu; Linux x86_64; rv:62.0) Gecko/20100101 Firefox/62.0"
212.102.39.132 - 55.8203327914924 [31/Jan/2022:23:58:45 +0800] "GET /old/rss/order/new HTTP/1.1" 404 1304 "-" "Mozilla/5.0 (X11; Ubuntu; Linux x86_64; rv:62.0) Gecko/20100101 Firefox/62.0"
212.102.39.132 - 55.8203327914924 [31/Jan/2022:23:58:51 +0800] "GET /old/rss/catalog/notifystock HTTP/1.1" 404 1304 "-" "Mozilla/5.0 (X11; Ubuntu; Linux x86_64; rv:62.0) Gecko/20100101 Firefox/62.0"
212.102.39.132 - 55.8203327914924 [31/Jan/2022:23:58:52 +0800] "GET /old/rss/catalog/review HTTP/1.1" 404 1304 "-" "Mozilla/5.0 (X11; Ubuntu; Linux x86_64; rv:62.0) Gecko/20100101 Firefox/62.0"
212.102.39.132 - 69.3131075229026 [31/Jan/2022:23:58:58 +0800] "GET /shop/rss/order/new HTTP/1.1" 404 1304 "-" "Mozilla/5.0 (X11; Ubuntu; Linux x86_64; rv:62.0) Gecko/20100101 Firefox/62.0"
212.102.39.132 - 69.3131075229026 [31/Jan/2022:23:58:59 +0800] "GET /shop/rss/catalog/notifystock HTTP/1.1" 404 1304 "-" "Mozilla/5.0 (X11; Ubuntu; Linux x86_64; rv:62.0) Gecko/20100101 Firefox/62.0"
212.102.39.132 - 69.3131075229026 [31/Jan/2022:23:59:00 +0800] "GET /shop/rss/catalog/review HTTP/1.1" 404 1304 "-" "Mozilla/5.0 (X11; Ubuntu; Linux x86_64; rv:62.0) Gecko/20100101 Firefox/62.0"
212.102.39.132 - 68.3500029031471 [31/Jan/2022:23:59:15 +0800] "GET /test/rss/order/new HTTP/1.1" 404 1304 "-" "Mozilla/5.0 (X11; Ubuntu; Linux x86_64; rv:62.0) Gecko/20100101 Firefox/62.0"
212.102.39.132 - 68.3500029031471 [31/Jan/2022:23:59:16 +0800] "GET /test/rss/catalog/notifystock HTTP/1.1" 404 1304 "-" "Mozilla/5.0 (X11; Ubuntu; Linux x86_64; rv:62.0) Gecko/20100101 Firefox/62.0"
212.102.39.132 - 68.3500029031471 [31/Jan/2022:23:59:27 +0800] "GET /test/rss/catalog/review HTTP/1.1" 404 1304 "-" "Mozilla/5.0 (X11; Ubuntu; Linux x86_64; rv:62.0) Gecko/20100101 Firefox/62.0"
212.102.39.132 - 97.3334815829745 [31/Jan/2022:23:59:36 +0800] "GET /demo/rss/order/new HTTP/1.1" 404 1304 "-" "Mozilla/5.0 (X11; Ubuntu; Linux x86_64; rv:62.0) Gecko/20100101 Firefox/62.0"
212.102.39.132 - 97.3334815829745 [31/Jan/2022:23:59:47 +0800] "GET /demo/rss/catalog/notifystock HTTP/1.1" 404 1304 "-" "Mozilla/5.0 (X11; Ubuntu; Linux x86_64; rv:62.0) Gecko/20100101 Firefox/62.0"
212.102.39.132 - 97.3334815829745 [31/Jan/2022:23:59:53 +0800] "GET /demo/rss/catalog/review HTTP/1.1" 404 1304 "-" "Mozilla/5.0 (X11; Ubuntu; Linux x86_64; rv:62.0) Gecko/20100101 Firefox/62.0"
212.102.39.132 - 75.2848773515581 [01/Feb/2022:00:00:08 +0800] "GET /store/rss/order/new HTTP/1.1" 404 1304 "-" "Mozilla/5.0 (X11; Ubuntu; Linux x86_64; rv:62.0) Gecko/20100101 Firefox/62.0"
212.102.39.132 - 75.2848773515581 [01/Feb/2022:00:00:09 +0800] "GET /store/rss/catalog/notifystock HTTP/1.1" 404 1304 "-" "Mozilla/5.0 (X11; Ubuntu; Linux x86_64; rv:62.0) Gecko/20100101 Firefox/62.0"
212.102.39.132 - 75.2848773515581 [01/Feb/2022:00:00:10 +0800] "GET /store/rss/catalog/review HTTP/1.1" 404 1304 "-" "Mozilla/5.0 (X11; Ubuntu; Linux x86_64; rv:62.0) Gecko/20100101 Firefox/62.0"
212.102.39.132 - 67.7106460773572 [01/Feb/2022:00:00:36 +0800] "GET /staging/rss/order/new HTTP/1.1" 404 1304 "-" "Mozilla/5.0 (X11; Ubuntu; Linux x86_64; rv:62.0) Gecko/20100101 Firefox/62.0"
212.102.39.132 - 67.7106460773572 [01/Feb/2022:00:00:37 +0800] "GET /staging/rss/catalog/notifystock HTTP/1.1" 404 1304 "-" "Mozilla/5.0 (X11; Ubuntu; Linux x86_64; rv:62.0) Gecko/20100101 Firefox/62.0"
212.102.39.132 - 67.7106460773572 [01/Feb/2022:00:00:48 +0800] "GET /staging/rss/catalog/review HTTP/1.1" 404 1304 "-" "Mozilla/5.0 (X11; Ubuntu; Linux x86_64; rv:62.0) Gecko/20100101 Firefox/62.0"
212.102.39.132 - 66.4837023793154 [01/Feb/2022:00:01:10 +0800] "GET /magento/rss/order/new HTTP/1.1" 404 1304 "-" "Mozilla/5.0 (X11; Ubuntu; Linux x86_64; rv:62.0) Gecko/20100101 Firefox/62.0"
212.102.39.132 - 66.4837023793154 [01/Feb/2022:00:01:11 +0800] "GET /magento/rss/catalog/notifystock HTTP/1.1" 404 1304 "-" "Mozilla/5.0 (X11; Ubuntu; Linux x86_64; rv:62.0) Gecko/20100101 Firefox/62.0"
212.102.39.132 - 66.4837023793154 [01/Feb/2022:00:01:22 +0800] "GET /magento/rss/catalog/review HTTP/1.1" 404 1304 "-" "Mozilla/5.0 (X11; Ubuntu; Linux x86_64; rv:62.0) Gecko/20100101 Firefox/62.0"
212.102.39.132 - - [01/Feb/2022:00:01:34 +0800] "GET /downloader/index.php HTTP/1.1" 404 1304 "-" "Mozilla/5.0 (X11; Ubuntu; Linux x86_64; rv:62.0) Gecko/20100101 Firefox/62.0"
212.102.39.132 - - [01/Feb/2022:00:01:56 +0800] "GET /dev/downloader/index.php HTTP/1.1" 404 1304 "-" "Mozilla/5.0 (X11; Ubuntu; Linux x86_64; rv:62.0) Gecko/20100101 Firefox/62.0"
212.102.39.132 - - [01/Feb/2022:00:01:58 +0800] "GET /old/downloader/index.php HTTP/1.1" 404 1304 "-" "Mozilla/5.0 (X11; Ubuntu; Linux x86_64; rv:62.0) Gecko/20100101 Firefox/62.0"
212.102.39.132 - - [01/Feb/2022:00:02:04 +0800] "GET /shop/downloader/index.php HTTP/1.1" 404 1304 "-" "Mozilla/5.0 (X11; Ubuntu; Linux x86_64; rv:62.0) Gecko/20100101 Firefox/62.0"
212.102.39.132 - - [01/Feb/2022:00:02:12 +0800] "GET /test/downloader/index.php HTTP/1.1" 404 1304 "-" "Mozilla/5.0 (X11; Ubuntu; Linux x86_64; rv:62.0) Gecko/20100101 Firefox/62.0"
212.102.39.132 - - [01/Feb/2022:00:02:32 +0800] "GET /demo/downloader/index.php HTTP/1.1" 404 1304 "-" "Mozilla/5.0 (X11; Ubuntu; Linux x86_64; rv:62.0) Gecko/20100101 Firefox/62.0"
212.102.39.132 - - [01/Feb/2022:00:02:39 +0800] "GET /store/downloader/index.php HTTP/1.1" 404 1304 "-" "Mozilla/5.0 (X11; Ubuntu; Linux x86_64; rv:62.0) Gecko/20100101 Firefox/62.0"
212.102.39.132 - - [01/Feb/2022:00:02:42 +0800] "GET /staging/downloader/index.php HTTP/1.1" 404 1304 "-" "Mozilla/5.0 (X11; Ubuntu; Linux x86_64; rv:62.0) Gecko/20100101 Firefox/62.0"
212.102.39.132 - - [01/Feb/2022:00:02:49 +0800] "GET /magento/downloader/index.php HTTP/1.1" 404 1304 "-" "Mozilla/5.0 (X11; Ubuntu; Linux x86_64; rv:62.0) Gecko/20100101 Firefox/62.0"
212.102.39.132 - - [01/Feb/2022:00:02:56 +0800] "GET /errors/503.php HTTP/1.1" 404 1304 "-" "Mozilla/5.0 (X11; Ubuntu; Linux x86_64; rv:62.0) Gecko/20100101 Firefox/62.0"
212.102.39.132 - - [01/Feb/2022:00:03:15 +0800] "GET /dev/errors/503.php HTTP/1.1" 404 1304 "-" "Mozilla/5.0 (X11; Ubuntu; Linux x86_64; rv:62.0) Gecko/20100101 Firefox/62.0"
212.102.39.132 - - [01/Feb/2022:00:03:16 +0800] "GET /old/errors/503.php HTTP/1.1" 404 1304 "-" "Mozilla/5.0 (X11; Ubuntu; Linux x86_64; rv:62.0) Gecko/20100101 Firefox/62.0"
212.102.39.132 - - [01/Feb/2022:00:03:17 +0800] "GET /shop/errors/503.php HTTP/1.1" 404 1304 "-" "Mozilla/5.0 (X11; Ubuntu; Linux x86_64; rv:62.0) Gecko/20100101 Firefox/62.0"
212.102.39.132 - - [01/Feb/2022:00:03:25 +0800] "GET /test/errors/503.php HTTP/1.1" 404 1304 "-" "Mozilla/5.0 (X11; Ubuntu; Linux x86_64; rv:62.0) Gecko/20100101 Firefox/62.0"
212.102.39.132 - - [01/Feb/2022:00:03:28 +0800] "GET /demo/errors/503.php HTTP/1.1" 404 1304 "-" "Mozilla/5.0 (X11; Ubuntu; Linux x86_64; rv:62.0) Gecko/20100101 Firefox/62.0"
212.102.39.132 - - [01/Feb/2022:00:03:31 +0800] "GET /store/errors/503.php HTTP/1.1" 404 1304 "-" "Mozilla/5.0 (X11; Ubuntu; Linux x86_64; rv:62.0) Gecko/20100101 Firefox/62.0"
212.102.39.132 - - [01/Feb/2022:00:03:44 +0800] "GET /staging/errors/503.php HTTP/1.1" 404 1304 "-" "Mozilla/5.0 (X11; Ubuntu; Linux x86_64; rv:62.0) Gecko/20100101 Firefox/62.0"
212.102.39.132 - - [01/Feb/2022:00:03:57 +0800] "GET /magento/errors/503.php HTTP/1.1" 404 1304 "-" "Mozilla/5.0 (X11; Ubuntu; Linux x86_64; rv:62.0) Gecko/20100101 Firefox/62.0"
54.246.222.157 - - [01/Feb/2022:00:58:40 +0800] "GET / HTTP/2" 200 198 "-" "Mozilla/5.0 (X11; Linux x86_64) AppleWebKit/537.36 (KHTML, like Gecko) HeadlessChrome/78.0.3882.0 Safari/537.36"
34.244.48.140 - - [01/Feb/2022:02:09:30 +0800] "GET / HTTP/2" 200 198 "-" "Mozilla/5.0 (X11; Linux x86_64) AppleWebKit/537.36 (KHTML, like Gecko) HeadlessChrome/78.0.3882.0 Safari/537.36"
34.244.48.140 - - [01/Feb/2022:03:26:31 +0800] "GET / HTTP/2" 200 198 "-" "Mozilla/5.0 (X11; Linux x86_64) AppleWebKit/537.36 (KHTML, like Gecko) HeadlessChrome/78.0.3882.0 Safari/537.36"
91.185.199.254 - - [01/Feb/2022:04:40:16 +0800] "GET /wp_wrong_datlib.php HTTP/1.1" 404 1678 "mypage.my" "Mozilla/5.0 (Windows NT 6.1; WOW64) AppleWebKit/537.36 (KHTML, like Gecko) Chrome/50.0.2661.75 Safari/537.36"
223.74.26.152 - - [01/Feb/2022:05:43:21 +0800] "GET / HTTP/1.1" 200 843 "-" "Mozilla/5.0 (Windows NT 10.0; Win64; x64; rv:91.0) Gecko/20100101 Firefox/91.0"
