162.144.78.194 - - [01/Feb/2022:09:39:54 +0800] "GET /wp/admin.php HTTP/1.1" 404 1678 "mypage.my" "Mozilla/5.0 (Windows NT 6.1; WOW64) AppleWebKit/537.36 (KHTML, like Gecko) Chrome/50.0.2661.75 Safari/537.36"
66.249.71.219 - - [01/Feb/2022:09:46:13 +0800] "GET /robots.txt HTTP/1.1" 404 1715 "-" "Mozilla/5.0 (compatible; Googlebot/2.1; +http://www.google.com/bot.html)"
66.249.71.219 - - [01/Feb/2022:09:46:13 +0800] "GET /ads.txt HTTP/1.1" 404 1715 "-" "Mozilla/5.0 (compatible; Googlebot/2.1; +http://www.google.com/bot.html)"
40.77.167.95 - - [01/Feb/2022:10:41:51 +0800] "GET /robots.txt HTTP/2" 404 1238 "-" "Mozilla/5.0 (compatible; bingbot/2.0; +http://www.bing.com/bingbot.htm)"
40.77.167.95 - - [01/Feb/2022:10:41:52 +0800] "GET /robots.txt HTTP/2" 404 1238 "-" "Mozilla/5.0 (compatible; bingbot/2.0; +http://www.bing.com/bingbot.htm)"
207.46.13.150 - - [01/Feb/2022:10:41:58 +0800] "GET / HTTP/2" 200 307 "-" "Mozilla/5.0 (compatible; bingbot/2.0; +http://www.bing.com/bingbot.htm)"
45.91.33.99 - - [01/Feb/2022:11:14:17 +0800] "GET / HTTP/1.1" 200 953 "-" "Mozilla/5.0 (Windows NT 10.0; Win64; x64) AppleWebKit/537.36 (KHTML, like Gecko) Chrome/71.0.3578.98 Safari/537.36"
66.249.71.219 - - [01/Feb/2022:11:40:12 +0800] "GET /robots.txt HTTP/1.1" 404 1715 "-" "Mozilla/5.0 (compatible; Googlebot/2.1; +http://www.google.com/bot.html)"
176.113.43.5 - - [01/Feb/2022:16:50:00 +0800] "GET / HTTP/1.1" 200 843 "-" "Mozilla/5.0 (Windows NT 10.0; Win64; x64) AppleWebKit/537.36 (KHTML, like Gecko) Chrome/94.0.4606.61 Safari/537.36"
176.113.43.5 - - [01/Feb/2022:16:50:00 +0800] "GET /favicon.ico HTTP/1.1" 404 1537 "-" "Mozilla/5.0 (Windows NT 10.0; Win64; x64) AppleWebKit/537.36 (KHTML, like Gecko) Chrome/94.0.4606.61 Safari/537.36"
40.77.167.95 - - [01/Feb/2022:20:21:04 +0800] "GET /robots.txt HTTP/2" 404 1238 "-" "Mozilla/5.0 (compatible; bingbot/2.0; +http://www.bing.com/bingbot.htm)"
40.77.167.95 - - [01/Feb/2022:20:21:05 +0800] "GET /robots.txt HTTP/2" 404 1238 "-" "Mozilla/5.0 (compatible; bingbot/2.0; +http://www.bing.com/bingbot.htm)"
207.46.13.150 - - [01/Feb/2022:20:21:14 +0800] "GET / HTTP/2" 200 307 "-" "Mozilla/5.0 (compatible; bingbot/2.0; +http://www.bing.com/bingbot.htm)"
104.236.217.60 - - [01/Feb/2022:21:04:37 +0800] "GET /tan.php HTTP/1.1" 404 1678 "mypage.my" "Mozilla/5.0 (Windows NT 6.1; WOW64) AppleWebKit/537.36 (KHTML, like Gecko) Chrome/50.0.2661.75 Safari/537.36"
66.249.71.223 - - [02/Feb/2022:01:08:43 +0800] "GET /robots.txt HTTP/1.1" 404 1715 "-" "Mozilla/5.0 (compatible; Googlebot/2.1; +http://www.google.com/bot.html)"
66.249.71.221 - - [02/Feb/2022:01:09:10 +0800] "GET / HTTP/1.1" 200 732 "-" "Mozilla/5.0 (compatible; Googlebot/2.1; +http://www.google.com/bot.html)"
34.244.210.199 - - [02/Feb/2022:03:09:52 +0800] "GET / HTTP/2" 200 198 "-" "Mozilla/5.0 (X11; Linux x86_64) AppleWebKit/537.36 (KHTML, like Gecko) HeadlessChrome/78.0.3882.0 Safari/537.36"
104.197.106.191 - - [02/Feb/2022:03:36:45 +0800] "GET / HTTP/1.1" 200 843 "-" "Mozilla/5.0 (X11; Linux x86_64) AppleWebKit/537.36 (KHTML, like Gecko) Chrome/61.0.3163.79 Safari/537.36"
93.158.92.11 - - [02/Feb/2022:07:11:17 +0800] "GET /humans.txt HTTP/1.1" 404 1678 "http://mypage.my/humans.txt" "Mozilla/5.0 (Macintosh; Intel Mac OS X 10_13_6) AppleWebKit/537.36 (KHTML, like Gecko) Chrome/91.0.4472.114 Safari/537.36"
93.158.91.245 - - [02/Feb/2022:07:11:18 +0800] "GET /ads.txt HTTP/1.1" 404 1678 "http://mypage.my/ads.txt" "Mozilla/5.0 (Macintosh; Intel Mac OS X 10_13_6) AppleWebKit/537.36 (KHTML, like Gecko) Chrome/91.0.4472.114 Safari/537.36"
93.158.91.241 - - [02/Feb/2022:07:11:20 +0800] "GET / HTTP/1.1" 200 806 "http://mypage.my/" "Mozilla/5.0 (Macintosh; Intel Mac OS X 10_13_6) AppleWebKit/537.36 (KHTML, like Gecko) Chrome/91.0.4472.114 Safari/537.36"
40.77.167.95 - - [02/Feb/2022:11:20:53 +0800] "GET /robots.txt HTTP/2" 404 1238 "-" "Mozilla/5.0 (compatible; bingbot/2.0; +http://www.bing.com/bingbot.htm)"
40.77.167.95 - - [02/Feb/2022:11:20:54 +0800] "GET /robots.txt HTTP/2" 404 1238 "-" "Mozilla/5.0 (compatible; bingbot/2.0; +http://www.bing.com/bingbot.htm)"
207.46.13.150 - - [02/Feb/2022:11:21:02 +0800] "GET / HTTP/2" 200 307 "-" "Mozilla/5.0 (compatible; bingbot/2.0; +http://www.bing.com/bingbot.htm)"
66.249.71.221 - - [02/Feb/2022:11:40:06 +0800] "GET /ads.txt HTTP/1.1" 404 1715 "-" "Mozilla/5.0 (compatible; Googlebot/2.1; +http://www.google.com/bot.html)"
66.249.71.223 - - [02/Feb/2022:11:40:08 +0800] "GET /ads.txt HTTP/1.1" 404 1715 "-" "Mozilla/5.0 (compatible; Googlebot/2.1; +http://www.google.com/bot.html)"
116.203.193.175 - - [02/Feb/2022:13:02:29 +0800] "GET / HTTP/1.0" 200 916 "-" "Mozilla/5.0 (X11; Linux x86_64; rv:15.0) Gecko/20100101 Firefox/15.0.1"
116.203.193.175 - - [02/Feb/2022:13:02:31 +0800] "GET /wp-login.php HTTP/1.0" 404 1678 "-" "Mozilla/5.0 (X11; Linux x86_64; rv:15.0) Gecko/20100101 Firefox/15.0.1"
66.249.71.223 - - [02/Feb/2022:15:43:35 +0800] "GET /robots.txt HTTP/1.1" 404 1715 "-" "Mozilla/5.0 (compatible; Googlebot/2.1; +http://www.google.com/bot.html)"
176.53.223.33 - - [02/Feb/2022:17:16:38 +0800] "GET / HTTP/1.1" 200 843 "-" "Mozilla/5.0 (Windows NT 10.0; Win64; x64) AppleWebKit/537.36 (KHTML, like Gecko) Chrome/94.0.4606.61 Safari/537.36"
176.53.223.33 - - [02/Feb/2022:17:16:38 +0800] "GET /favicon.ico HTTP/1.1" 404 1537 "-" "Mozilla/5.0 (Windows NT 10.0; Win64; x64) AppleWebKit/537.36 (KHTML, like Gecko) Chrome/94.0.4606.61 Safari/537.36"
40.77.167.95 - - [02/Feb/2022:20:59:06 +0800] "GET /robots.txt HTTP/2" 404 1238 "-" "Mozilla/5.0 (compatible; bingbot/2.0; +http://www.bing.com/bingbot.htm)"
40.77.167.95 - - [02/Feb/2022:20:59:07 +0800] "GET /robots.txt HTTP/2" 404 1238 "-" "Mozilla/5.0 (compatible; bingbot/2.0; +http://www.bing.com/bingbot.htm)"
207.46.13.150 - - [02/Feb/2022:20:59:17 +0800] "GET / HTTP/2" 200 307 "-" "Mozilla/5.0 (compatible; bingbot/2.0; +http://www.bing.com/bingbot.htm)"
40.77.167.95 - - [03/Feb/2022:08:41:04 +0800] "GET /robots.txt HTTP/2" 404 1238 "-" "Mozilla/5.0 (compatible; bingbot/2.0; +http://www.bing.com/bingbot.htm)"
40.77.167.95 - - [03/Feb/2022:08:41:06 +0800] "GET /robots.txt HTTP/2" 404 1238 "-" "Mozilla/5.0 (compatible; bingbot/2.0; +http://www.bing.com/bingbot.htm)"
207.46.13.150 - - [03/Feb/2022:08:41:17 +0800] "GET / HTTP/2" 200 307 "-" "Mozilla/5.0 (compatible; bingbot/2.0; +http://www.bing.com/bingbot.htm)"
66.115.173.18 - - [03/Feb/2022:09:56:01 +0800] "GET /wp-login.php HTTP/1.1" 404 1678 "http://mypage.my/wp-login.php" "Mozilla/5.0 (X11; Ubuntu; Linux x86_64; rv:62.0) Gecko/20100101 Firefox/62.0"
66.249.71.223 - - [03/Feb/2022:12:10:21 +0800] "GET /robots.txt HTTP/1.1" 404 1715 "-" "Mozilla/5.0 (compatible; Googlebot/2.1; +http://www.google.com/bot.html)"
66.249.71.221 - - [03/Feb/2022:12:10:31 +0800] "GET /ads.txt HTTP/1.1" 404 1715 "-" "Mozilla/5.0 (compatible; Googlebot/2.1; +http://www.google.com/bot.html)"
45.90.62.40 - - [03/Feb/2022:16:39:51 +0800] "GET / HTTP/1.1" 200 843 "-" "Mozilla/5.0 (Windows NT 10.0; Win64; x64) AppleWebKit/537.36 (KHTML, like Gecko) Chrome/94.0.4606.61 Safari/537.36"
45.90.62.40 - - [03/Feb/2022:16:39:51 +0800] "GET /favicon.ico HTTP/1.1" 404 1537 "-" "Mozilla/5.0 (Windows NT 10.0; Win64; x64) AppleWebKit/537.36 (KHTML, like Gecko) Chrome/94.0.4606.61 Safari/537.36"
35.247.14.240 - - [03/Feb/2022:17:03:25 +0800] "HEAD / HTTP/1.1" 200 536 "-" "Python/3.10 aiohttp/3.8.1"
66.249.71.219 - - [03/Feb/2022:17:10:37 +0800] "GET / HTTP/1.1" 200 732 "-" "Mozilla/5.0 (compatible; Googlebot/2.1; +http://www.google.com/bot.html)"
40.77.167.95 - - [03/Feb/2022:18:19:25 +0800] "GET /robots.txt HTTP/2" 404 1238 "-" "Mozilla/5.0 (compatible; bingbot/2.0; +http://www.bing.com/bingbot.htm)"
40.77.167.95 - - [03/Feb/2022:18:19:25 +0800] "GET /robots.txt HTTP/2" 404 1238 "-" "Mozilla/5.0 (compatible; bingbot/2.0; +http://www.bing.com/bingbot.htm)"
207.46.13.150 - - [03/Feb/2022:18:19:32 +0800] "GET / HTTP/2" 200 307 "-" "Mozilla/5.0 (compatible; bingbot/2.0; +http://www.bing.com/bingbot.htm)"
66.249.71.219 - - [03/Feb/2022:20:56:56 +0800] "GET /ads.txt HTTP/1.1" 404 1715 "-" "Mozilla/5.0 (compatible; Googlebot/2.1; +http://www.google.com/bot.html)"
178.33.236.214 - - [03/Feb/2022:21:32:35 +0800] "GET /wp/accesson.php HTTP/1.1" 404 1678 "mypage.my" "Mozilla/5.0 (Windows NT 6.1; WOW64) AppleWebKit/537.36 (KHTML, like Gecko) Chrome/50.0.2661.75 Safari/537.36"
178.33.236.214 - - [03/Feb/2022:21:32:41 +0800] "GET /accesson.php HTTP/1.1" 404 1678 "mypage.my" "Mozilla/5.0 (Windows NT 6.1; WOW64) AppleWebKit/537.36 (KHTML, like Gecko) Chrome/50.0.2661.75 Safari/537.36"
66.249.71.221 - - [04/Feb/2022:05:42:32 +0800] "GET /robots.txt HTTP/1.1" 404 1715 "-" "Mozilla/5.0 (compatible; Googlebot/2.1; +http://www.google.com/bot.html)"
66.249.71.219 - - [04/Feb/2022:05:42:33 +0800] "GET /comments/feed/ HTTP/1.1" 404 1715 "-" "Mozilla/5.0 (compatible; Googlebot/2.1; +http://www.google.com/bot.html)"
66.249.71.221 - - [04/Feb/2022:06:10:24 +0800] "GET /comments/feed/ HTTP/1.1" 404 1715 "-" "Mozilla/5.0 (Linux; Android 6.0.1; Nexus 5X Build/MMB29P) AppleWebKit/537.36 (KHTML, like Gecko) Chrome/98.0.4758.80 Mobile Safari/537.36 (compatible; Googlebot/2.1; +http://www.google.com/bot.html)"
66.249.71.221 - - [04/Feb/2022:07:33:50 +0800] "GET /robots.txt HTTP/1.1" 404 1715 "-" "Mozilla/5.0 (compatible; Googlebot/2.1; +http://www.google.com/bot.html)"
66.249.71.221 - - [04/Feb/2022:07:33:55 +0800] "GET / HTTP/1.1" 200 732 "-" "Mozilla/5.0 (Linux; Android 6.0.1; Nexus 5X Build/MMB29P) AppleWebKit/537.36 (KHTML, like Gecko) Chrome/98.0.4758.80 Mobile Safari/537.36 (compatible; Googlebot/2.1; +http://www.google.com/bot.html)"
66.249.71.219 - - [04/Feb/2022:07:51:34 +0800] "GET / HTTP/1.1" 200 732 "-" "Mozilla/5.0 (compatible; Googlebot/2.1; +http://www.google.com/bot.html)"
40.77.167.95 - - [04/Feb/2022:09:08:11 +0800] "GET /robots.txt HTTP/2" 404 1238 "-" "Mozilla/5.0 (compatible; bingbot/2.0; +http://www.bing.com/bingbot.htm)"
40.77.167.95 - - [04/Feb/2022:09:08:12 +0800] "GET /robots.txt HTTP/2" 404 1238 "-" "Mozilla/5.0 (compatible; bingbot/2.0; +http://www.bing.com/bingbot.htm)"
207.46.13.150 - - [04/Feb/2022:09:08:18 +0800] "GET / HTTP/2" 200 307 "-" "Mozilla/5.0 (compatible; bingbot/2.0; +http://www.bing.com/bingbot.htm)"
66.249.71.221 - - [04/Feb/2022:12:40:14 +0800] "GET /ads.txt HTTP/1.1" 404 1715 "-" "Mozilla/5.0 (compatible; Googlebot/2.1; +http://www.google.com/bot.html)"
138.246.253.15 - - [04/Feb/2022:15:39:45 +0800] "HEAD / HTTP/1.1" 200 0 "-" "quic-go-HTTP/3"
40.77.167.95 - - [04/Feb/2022:18:49:38 +0800] "GET /robots.txt HTTP/2" 404 1238 "-" "Mozilla/5.0 (compatible; bingbot/2.0; +http://www.bing.com/bingbot.htm)"
40.77.167.95 - - [04/Feb/2022:18:49:39 +0800] "GET /robots.txt HTTP/2" 404 1238 "-" "Mozilla/5.0 (compatible; bingbot/2.0; +http://www.bing.com/bingbot.htm)"
207.46.13.150 - - [04/Feb/2022:18:49:45 +0800] "GET / HTTP/2" 200 307 "-" "Mozilla/5.0 (compatible; bingbot/2.0; +http://www.bing.com/bingbot.htm)"
66.249.71.221 - - [04/Feb/2022:20:34:40 +0800] "GET /robots.txt HTTP/1.1" 404 1715 "-" "Mozilla/5.0 (compatible; Googlebot/2.1; +http://www.google.com/bot.html)"
219.94.128.20 - - [04/Feb/2022:23:49:29 +0800] "GET /index.php HTTP/1.1" 404 1678 "mypage.my" "wp_is_mobile"
40.77.167.95 - - [05/Feb/2022:00:14:44 +0800] "GET /robots.txt HTTP/2" 404 1238 "-" "Mozilla/5.0 (compatible; bingbot/2.0; +http://www.bing.com/bingbot.htm)"
40.77.167.95 - - [05/Feb/2022:00:14:45 +0800] "GET /robots.txt HTTP/2" 404 1238 "-" "Mozilla/5.0 (compatible; bingbot/2.0; +http://www.bing.com/bingbot.htm)"
207.46.13.150 - - [05/Feb/2022:00:14:56 +0800] "GET / HTTP/2" 200 307 "-" "Mozilla/5.0 (compatible; bingbot/2.0; +http://www.bing.com/bingbot.htm)"
34.205.68.74 - - [05/Feb/2022:03:03:20 +0800] "HEAD / HTTP/1.1" 200 536 "-" "Mozilla/5.0 (Windows NT 10.0; Win64; x64) AppleWebKit/537.36 (KHTML, like Gecko) Chrome/91.0.4472.124 Safari/537.36"
40.77.167.95 - - [05/Feb/2022:09:39:21 +0800] "GET /robots.txt HTTP/2" 404 1238 "-" "Mozilla/5.0 (compatible; bingbot/2.0; +http://www.bing.com/bingbot.htm)"
40.77.167.95 - - [05/Feb/2022:09:39:22 +0800] "GET /robots.txt HTTP/2" 404 1238 "-" "Mozilla/5.0 (compatible; bingbot/2.0; +http://www.bing.com/bingbot.htm)"
207.46.13.150 - - [05/Feb/2022:09:39:31 +0800] "GET / HTTP/2" 200 307 "-" "Mozilla/5.0 (compatible; bingbot/2.0; +http://www.bing.com/bingbot.htm)"
142.4.29.136 - - [05/Feb/2022:10:27:15 +0800] "GET /wp-load.php?daksldlkdsadas=1 HTTP/1.1" 404 1678 "mypage.my" "Mozilla/5.0 (Windows NT 6.1; WOW64) AppleWebKit/537.36 (KHTML, like Gecko) Chrome/50.0.2661.75 Safari/537.36"
142.4.29.136 - - [05/Feb/2022:10:28:39 +0800] "GET /old-index.php?daksldlkdsadas=1 HTTP/1.1" 404 1678 "mypage.my" "Mozilla/5.0 (Windows NT 6.1; WOW64) AppleWebKit/537.36 (KHTML, like Gecko) Chrome/50.0.2661.75 Safari/537.36"
66.249.71.223 - - [05/Feb/2022:12:40:26 +0800] "GET /robots.txt HTTP/1.1" 404 1715 "-" "Mozilla/5.0 (compatible; Googlebot/2.1; +http://www.google.com/bot.html)"
66.249.71.223 - - [05/Feb/2022:12:40:27 +0800] "GET /ads.txt HTTP/1.1" 404 1537 "-" "Mozilla/5.0 (compatible; Googlebot/2.1; +http://www.google.com/bot.html)"
212.83.147.15 - - [05/Feb/2022:15:32:05 +0800] "GET /index.php?2020abc_url1=qqqqqqqqqqqqqqqqqqq HTTP/1.1" 404 1678 "mypage.my" "Mozilla/5.0 (Windows NT 6.1; WOW64) AppleWebKit/537.36 (KHTML, like Gecko) Chrome/50.0.2661.75 Safari/537.36"
212.83.147.15 - - [05/Feb/2022:15:32:11 +0800] "GET /wp/index.php?2020abc_url1=qqqqqqqqqqqqqqqqqqq HTTP/1.1" 404 1678 "mypage.my" "Mozilla/5.0 (Windows NT 6.1; WOW64) AppleWebKit/537.36 (KHTML, like Gecko) Chrome/50.0.2661.75 Safari/537.36"
138.246.253.24 - - [05/Feb/2022:16:02:01 +0800] "GET /robots.txt HTTP/1.1" 404 1715 "-" "Mozilla/5.0 (Windows NT 10.0; Win64; x64) AppleWebKit/537.36 (KHTML, like Gecko) Chrome/88.0.4324.146 Safari/537.36"
40.77.167.95 - - [05/Feb/2022:19:19:33 +0800] "GET /robots.txt HTTP/2" 404 1238 "-" "Mozilla/5.0 (compatible; bingbot/2.0; +http://www.bing.com/bingbot.htm)"
40.77.167.95 - - [05/Feb/2022:19:19:34 +0800] "GET /robots.txt HTTP/2" 404 1238 "-" "Mozilla/5.0 (compatible; bingbot/2.0; +http://www.bing.com/bingbot.htm)"
207.46.13.150 - - [05/Feb/2022:19:19:38 +0800] "GET / HTTP/2" 200 307 "-" "Mozilla/5.0 (compatible; bingbot/2.0; +http://www.bing.com/bingbot.htm)"
185.181.60.12 - - [05/Feb/2022:19:54:32 +0800] "GET / HTTP/2" 200 307 "-" "Mozilla/5.0 (Windows NT 10.0; Win64; x64) AppleWebKit/537.36 (KHTML, like Gecko) Chrome/91.0.4472.114 Safari/537.36 Edg/91.0.864.54"
35.247.14.240 - - [05/Feb/2022:22:19:07 +0800] "HEAD / HTTP/1.1" 200 536 "-" "Python/3.10 aiohttp/3.8.1"
34.121.26.164 - - [05/Feb/2022:23:01:59 +0800] "GET / HTTP/2" 200 198 "-" "Mozilla/5.0 (Windows NT 10.0; Win64; x64) AppleWebKit/537.36 (KHTML, like Gecko) Chrome/72.0.3626.121 Safari/537.36"
66.249.71.219 - - [06/Feb/2022:01:57:29 +0800] "GET /robots.txt HTTP/1.1" 404 1715 "-" "Mozilla/5.0 (compatible; Googlebot/2.1; +http://www.google.com/bot.html)"
66.249.71.223 - - [06/Feb/2022:01:57:31 +0800] "GET / HTTP/1.1" 200 732 "-" "Mozilla/5.0 (compatible; Googlebot/2.1; +http://www.google.com/bot.html)"
185.191.34.215 - - [06/Feb/2022:02:04:14 +0800] "HEAD / HTTP/1.1" 200 536 "-" "Mozilla/5.0 (Windows NT 10.0; Win64; x64) AppleWebKit/537.36 (KHTML, like Gecko) Chrome/74.0.3729.157 Safari/537.36"
66.249.68.39 - - [06/Feb/2022:02:07:11 +0800] "GET / HTTP/1.1" 200 732 "-" "Mozilla/5.0 (Linux; Android 6.0.1; Nexus 5X Build/MMB29P) AppleWebKit/537.36 (KHTML, like Gecko) Chrome/98.0.4758.80 Mobile Safari/537.36 (compatible; Googlebot/2.1; +http://www.google.com/bot.html)"
68.183.157.254 - - [06/Feb/2022:07:09:45 +0800] "GET / HTTP/1.0" 200 916 "-" "Mozilla/5.0 (compatible; NetcraftSurveyAgent/1.0; +info@netcraft.com)"
40.77.167.95 - - [06/Feb/2022:10:07:13 +0800] "GET /robots.txt HTTP/2" 404 1238 "-" "Mozilla/5.0 (compatible; bingbot/2.0; +http://www.bing.com/bingbot.htm)"
40.77.167.95 - - [06/Feb/2022:10:07:14 +0800] "GET /robots.txt HTTP/2" 404 1238 "-" "Mozilla/5.0 (compatible; bingbot/2.0; +http://www.bing.com/bingbot.htm)"
207.46.13.150 - - [06/Feb/2022:10:07:22 +0800] "GET / HTTP/2" 200 307 "-" "Mozilla/5.0 (compatible; bingbot/2.0; +http://www.bing.com/bingbot.htm)"
92.118.160.1 - - [06/Feb/2022:10:20:03 +0800] "GET / HTTP/1.1" 200 953 "-" "NetSystemsResearch studies the availability of various services across the internet. Our website is netsystemsresearch.com"
35.247.14.240 - - [06/Feb/2022:12:24:03 +0800] "HEAD / HTTP/1.1" 200 536 "-" "Python/3.10 aiohttp/3.8.1"
34.121.26.164 - - [06/Feb/2022:12:24:05 +0800] "GET / HTTP/2" 200 198 "-" "Mozilla/5.0 (Windows NT 10.0; Win64; x64) AppleWebKit/537.36 (KHTML, like Gecko) Chrome/72.0.3626.121 Safari/537.36"
66.249.71.221 - - [06/Feb/2022:12:40:39 +0800] "GET /ads.txt HTTP/1.1" 404 1715 "-" "Mozilla/5.0 (compatible; Googlebot/2.1; +http://www.google.com/bot.html)"
66.249.71.219 - - [06/Feb/2022:12:40:44 +0800] "GET /ads.txt HTTP/1.1" 404 1715 "-" "Mozilla/5.0 (compatible; Googlebot/2.1; +http://www.google.com/bot.html)"
40.77.167.95 - - [06/Feb/2022:19:48:20 +0800] "GET /robots.txt HTTP/2" 404 1238 "-" "Mozilla/5.0 (compatible; bingbot/2.0; +http://www.bing.com/bingbot.htm)"
40.77.167.95 - - [06/Feb/2022:19:48:21 +0800] "GET /robots.txt HTTP/2" 404 1238 "-" "Mozilla/5.0 (compatible; bingbot/2.0; +http://www.bing.com/bingbot.htm)"
207.46.13.150 - - [06/Feb/2022:19:48:29 +0800] "GET / HTTP/2" 200 307 "-" "Mozilla/5.0 (compatible; bingbot/2.0; +http://www.bing.com/bingbot.htm)"
66.249.71.223 - - [06/Feb/2022:19:56:44 +0800] "GET /robots.txt HTTP/1.1" 404 1715 "-" "Mozilla/5.0 (compatible; Googlebot/2.1; +http://www.google.com/bot.html)"
35.247.14.240 - - [07/Feb/2022:03:01:23 +0800] "HEAD / HTTP/1.1" 200 536 "-" "Python/3.10 aiohttp/3.8.1"
14.192.208.15 - - [07/Feb/2022:06:39:11 +0800] "GET / HTTP/2" 200 198 "-" "Mozilla/5.0 (Windows NT 10.0; Win64; x64) AppleWebKit/537.36 (KHTML, like Gecko) Chrome/98.0.4758.87 Safari/537.36"
66.249.71.219 - - [07/Feb/2022:09:22:41 +0800] "GET /robots.txt HTTP/1.1" 404 1715 "-" "Mozilla/5.0 (compatible; Googlebot/2.1; +http://www.google.com/bot.html)"
66.249.71.223 - - [07/Feb/2022:09:22:41 +0800] "GET / HTTP/1.1" 200 732 "-" "Mozilla/5.0 (compatible; Googlebot/2.1; +http://www.google.com/bot.html)"
66.249.71.223 - - [07/Feb/2022:09:42:06 +0800] "GET / HTTP/1.1" 200 732 "-" "Mozilla/5.0 (Linux; Android 6.0.1; Nexus 5X Build/MMB29P) AppleWebKit/537.36 (KHTML, like Gecko) Chrome/98.0.4758.80 Mobile Safari/537.36 (compatible; Googlebot/2.1; +http://www.google.com/bot.html)"
40.77.167.95 - - [07/Feb/2022:10:35:22 +0800] "GET /robots.txt HTTP/2" 404 1238 "-" "Mozilla/5.0 (compatible; bingbot/2.0; +http://www.bing.com/bingbot.htm)"
40.77.167.95 - - [07/Feb/2022:10:35:23 +0800] "GET /robots.txt HTTP/2" 404 1238 "-" "Mozilla/5.0 (compatible; bingbot/2.0; +http://www.bing.com/bingbot.htm)"
207.46.13.150 - - [07/Feb/2022:10:35:25 +0800] "GET / HTTP/2" 200 307 "-" "Mozilla/5.0 (compatible; bingbot/2.0; +http://www.bing.com/bingbot.htm)"
66.249.71.219 - - [07/Feb/2022:12:40:41 +0800] "GET /robots.txt HTTP/1.1" 404 1715 "-" "Mozilla/5.0 (compatible; Googlebot/2.1; +http://www.google.com/bot.html)"
66.249.71.219 - - [07/Feb/2022:12:40:44 +0800] "GET /ads.txt HTTP/1.1" 404 1715 "-" "Mozilla/5.0 (compatible; Googlebot/2.1; +http://www.google.com/bot.html)"
3.249.4.254 - - [07/Feb/2022:14:14:33 +0800] "GET /robots.txt HTTP/1.1" 404 1678 "-" "webprosbot/2.0 (+mailto:abuse-6337@webpros.com)"
3.249.4.254 - - [07/Feb/2022:14:14:55 +0800] "GET / HTTP/1.1" 200 916 "-" "webprosbot/2.0 (+mailto:abuse-6337@webpros.com)"
40.77.167.95 - - [07/Feb/2022:20:16:31 +0800] "GET /robots.txt HTTP/2" 404 1238 "-" "Mozilla/5.0 (compatible; bingbot/2.0; +http://www.bing.com/bingbot.htm)"
40.77.167.95 - - [07/Feb/2022:20:16:33 +0800] "GET /robots.txt HTTP/2" 404 1238 "-" "Mozilla/5.0 (compatible; bingbot/2.0; +http://www.bing.com/bingbot.htm)"
207.46.13.150 - - [07/Feb/2022:20:16:42 +0800] "GET / HTTP/2" 200 307 "-" "Mozilla/5.0 (compatible; bingbot/2.0; +http://www.bing.com/bingbot.htm)"
35.247.14.240 - - [08/Feb/2022:01:46:22 +0800] "HEAD / HTTP/1.1" 200 536 "-" "Python/3.10 aiohttp/3.8.1"
66.249.71.223 - - [08/Feb/2022:02:26:07 +0800] "GET /robots.txt HTTP/1.1" 404 1715 "-" "Mozilla/5.0 (compatible; Googlebot/2.1; +http://www.google.com/bot.html)"
66.249.71.223 - - [08/Feb/2022:02:26:08 +0800] "GET / HTTP/1.1" 200 554 "-" "Mozilla/5.0 (Linux; Android 6.0.1; Nexus 5X Build/MMB29P) AppleWebKit/537.36 (KHTML, like Gecko) Chrome/98.0.4758.80 Mobile Safari/537.36 (compatible; Googlebot/2.1; +http://www.google.com/bot.html)"
157.55.39.200 - - [08/Feb/2022:10:29:39 +0800] "GET /robots.txt HTTP/2" 404 1238 "-" "Mozilla/5.0 (compatible; bingbot/2.0; +http://www.bing.com/bingbot.htm)"
157.55.39.200 - - [08/Feb/2022:10:29:40 +0800] "GET /robots.txt HTTP/2" 404 1238 "-" "Mozilla/5.0 (compatible; bingbot/2.0; +http://www.bing.com/bingbot.htm)"
40.77.167.63 - - [08/Feb/2022:10:29:51 +0800] "GET / HTTP/2" 200 307 "-" "Mozilla/5.0 (compatible; bingbot/2.0; +http://www.bing.com/bingbot.htm)"
66.249.71.223 - - [08/Feb/2022:12:40:02 +0800] "GET / HTTP/1.1" 200 732 "-" "Mozilla/5.0 (compatible; Googlebot/2.1; +http://www.google.com/bot.html)"
66.249.71.221 - - [08/Feb/2022:12:41:08 +0800] "GET /ads.txt HTTP/1.1" 404 1715 "-" "Mozilla/5.0 (compatible; Googlebot/2.1; +http://www.google.com/bot.html)"
45.129.18.57 - - [08/Feb/2022:13:01:05 +0800] "HEAD / HTTP/1.1" 200 489 "-" "Mozilla/5.0 (Macintosh; Intel Mac OS X 10_9_3) AppleWebKit/537.36 (KHTML, like Gecko) Chrome/35.0.1916.47 Safari/537.36"
185.27.99.124 - - [08/Feb/2022:18:43:00 +0800] "GET /robots.txt HTTP/1.1" 404 1678 "http://mypage.my/robots.txt" "Mozilla/5.0 (Macintosh; Intel Mac OS X 10_13_6) AppleWebKit/537.36 (KHTML, like Gecko) Chrome/91.0.4472.114 Safari/537.36"
185.27.99.134 - - [08/Feb/2022:18:43:01 +0800] "GET /humans.txt HTTP/1.1" 404 1678 "http://mypage.my/humans.txt" "Mozilla/5.0 (Macintosh; Intel Mac OS X 10_13_6) AppleWebKit/537.36 (KHTML, like Gecko) Chrome/91.0.4472.114 Safari/537.36"
185.27.99.116 - - [08/Feb/2022:18:43:02 +0800] "GET /ads.txt HTTP/1.1" 404 1678 "http://mypage.my/ads.txt" "Mozilla/5.0 (Macintosh; Intel Mac OS X 10_13_6) AppleWebKit/537.36 (KHTML, like Gecko) Chrome/91.0.4472.114 Safari/537.36"
185.27.99.135 - - [08/Feb/2022:18:43:04 +0800] "GET / HTTP/1.1" 200 806 "http://mypage.my/" "Mozilla/5.0 (Macintosh; Intel Mac OS X 10_13_6) AppleWebKit/537.36 (KHTML, like Gecko) Chrome/91.0.4472.114 Safari/537.36"
192.133.77.15 - - [08/Feb/2022:19:05:12 +0800] "GET /robots.txt HTTP/1.1" 404 1715 "-" "Twitterbot/1.0"
192.133.77.18 - - [08/Feb/2022:19:05:14 +0800] "GET /robots.txt HTTP/1.1" 404 1715 "-" "Twitterbot/1.0"
192.133.77.18 - - [08/Feb/2022:19:05:14 +0800] "GET / HTTP/1.1" 200 665 "-" "Twitterbot/1.0"
66.249.71.221 - - [08/Feb/2022:19:25:47 +0800] "GET /robots.txt HTTP/1.1" 404 1715 "-" "Mozilla/5.0 (compatible; Googlebot/2.1; +http://www.google.com/bot.html)"
157.55.39.200 - - [08/Feb/2022:20:06:29 +0800] "GET /robots.txt HTTP/2" 404 1238 "-" "Mozilla/5.0 (compatible; bingbot/2.0; +http://www.bing.com/bingbot.htm)"
157.55.39.200 - - [08/Feb/2022:20:06:29 +0800] "GET /robots.txt HTTP/2" 404 1238 "-" "Mozilla/5.0 (compatible; bingbot/2.0; +http://www.bing.com/bingbot.htm)"
40.77.167.63 - - [08/Feb/2022:20:06:36 +0800] "GET / HTTP/2" 200 307 "-" "Mozilla/5.0 (compatible; bingbot/2.0; +http://www.bing.com/bingbot.htm)"
178.33.236.214 - - [08/Feb/2022:21:55:58 +0800] "GET /wp/index.php HTTP/1.1" 404 1678 "mypage.my" "wp_is_mobile"
178.33.236.214 - - [08/Feb/2022:21:56:53 +0800] "GET /index.php HTTP/1.1" 404 1678 "mypage.my" "wp_is_mobile"
35.247.14.240 - - [09/Feb/2022:01:06:52 +0800] "HEAD / HTTP/1.1" 200 536 "-" "Python/3.10 aiohttp/3.8.1"
34.133.217.247 - - [09/Feb/2022:01:06:55 +0800] "GET / HTTP/2" 200 198 "-" "Mozilla/5.0 (Windows NT 10.0; Win64; x64) AppleWebKit/537.36 (KHTML, like Gecko) Chrome/72.0.3626.121 Safari/537.36"
34.121.26.164 - - [09/Feb/2022:02:27:37 +0800] "GET / HTTP/2" 200 198 "-" "Mozilla/5.0 (Windows NT 10.0; Win64; x64) AppleWebKit/537.36 (KHTML, like Gecko) Chrome/72.0.3626.121 Safari/537.36"
157.55.39.200 - - [09/Feb/2022:10:19:16 +0800] "GET /robots.txt HTTP/2" 404 1238 "-" "Mozilla/5.0 (compatible; bingbot/2.0; +http://www.bing.com/bingbot.htm)"
157.55.39.200 - - [09/Feb/2022:10:19:16 +0800] "GET /robots.txt HTTP/2" 404 1238 "-" "Mozilla/5.0 (compatible; bingbot/2.0; +http://www.bing.com/bingbot.htm)"
40.77.167.63 - - [09/Feb/2022:10:19:26 +0800] "GET / HTTP/2" 200 307 "-" "Mozilla/5.0 (compatible; bingbot/2.0; +http://www.bing.com/bingbot.htm)"
51.68.79.96 - - [09/Feb/2022:10:52:09 +0800] "GET /wp-load.php?daksldlkdsadas=1 HTTP/1.1" 404 1678 "mypage.my" "Mozilla/5.0 (Windows NT 6.1; WOW64) AppleWebKit/537.36 (KHTML, like Gecko) Chrome/50.0.2661.75 Safari/537.36"
51.68.79.96 - - [09/Feb/2022:10:52:20 +0800] "GET /old-index.php?daksldlkdsadas=1 HTTP/1.1" 404 1678 "mypage.my" "Mozilla/5.0 (Windows NT 6.1; WOW64) AppleWebKit/537.36 (KHTML, like Gecko) Chrome/50.0.2661.75 Safari/537.36"
51.68.79.96 - - [09/Feb/2022:10:52:34 +0800] "GET /wp/wp-load.php?daksldlkdsadas=1 HTTP/1.1" 404 1678 "mypage.my" "Mozilla/5.0 (Windows NT 6.1; WOW64) AppleWebKit/537.36 (KHTML, like Gecko) Chrome/50.0.2661.75 Safari/537.36"
51.68.79.96 - - [09/Feb/2022:10:52:53 +0800] "GET /wp/old-index.php?daksldlkdsadas=1 HTTP/1.1" 404 1678 "mypage.my" "Mozilla/5.0 (Windows NT 6.1; WOW64) AppleWebKit/537.36 (KHTML, like Gecko) Chrome/50.0.2661.75 Safari/537.36"
66.249.71.221 - - [09/Feb/2022:12:12:06 +0800] "GET /robots.txt HTTP/1.1" 404 1715 "-" "Mozilla/5.0 (compatible; Googlebot/2.1; +http://www.google.com/bot.html)"
66.249.71.223 - - [09/Feb/2022:12:12:09 +0800] "GET /ads.txt HTTP/1.1" 404 1715 "-" "Mozilla/5.0 (compatible; Googlebot/2.1; +http://www.google.com/bot.html)"
66.249.71.221 - - [09/Feb/2022:19:12:08 +0800] "GET /ads.txt HTTP/1.1" 404 1715 "-" "Mozilla/5.0 (compatible; Googlebot/2.1; +http://www.google.com/bot.html)"
157.55.39.200 - - [09/Feb/2022:19:56:09 +0800] "GET /robots.txt HTTP/2" 404 1238 "-" "Mozilla/5.0 (compatible; bingbot/2.0; +http://www.bing.com/bingbot.htm)"
157.55.39.200 - - [09/Feb/2022:19:56:10 +0800] "GET /robots.txt HTTP/2" 404 1238 "-" "Mozilla/5.0 (compatible; bingbot/2.0; +http://www.bing.com/bingbot.htm)"
40.77.167.63 - - [09/Feb/2022:19:56:22 +0800] "GET / HTTP/2" 200 307 "-" "Mozilla/5.0 (compatible; bingbot/2.0; +http://www.bing.com/bingbot.htm)"
66.249.71.221 - - [10/Feb/2022:08:03:05 +0800] "GET /robots.txt HTTP/1.1" 404 1715 "-" "Mozilla/5.0 (compatible; Googlebot/2.1; +http://www.google.com/bot.html)"
66.249.71.221 - - [10/Feb/2022:08:03:06 +0800] "GET / HTTP/1.1" 200 554 "-" "Mozilla/5.0 (Linux; Android 6.0.1; Nexus 5X Build/MMB29P) AppleWebKit/537.36 (KHTML, like Gecko) Chrome/98.0.4758.80 Mobile Safari/537.36 (compatible; Googlebot/2.1; +http://www.google.com/bot.html)"
157.55.39.200 - - [10/Feb/2022:10:08:28 +0800] "GET /robots.txt HTTP/2" 404 1238 "-" "Mozilla/5.0 (compatible; bingbot/2.0; +http://www.bing.com/bingbot.htm)"
157.55.39.200 - - [10/Feb/2022:10:08:28 +0800] "GET /robots.txt HTTP/2" 404 1238 "-" "Mozilla/5.0 (compatible; bingbot/2.0; +http://www.bing.com/bingbot.htm)"
40.77.167.63 - - [10/Feb/2022:10:08:38 +0800] "GET / HTTP/2" 200 307 "-" "Mozilla/5.0 (compatible; bingbot/2.0; +http://www.bing.com/bingbot.htm)"
66.249.71.223 - - [10/Feb/2022:10:54:05 +0800] "GET / HTTP/1.1" 200 732 "-" "Mozilla/5.0 (compatible; Googlebot/2.1; +http://www.google.com/bot.html)"
116.203.193.175 - - [10/Feb/2022:12:22:54 +0800] "GET / HTTP/1.0" 200 916 "-" "Mozilla/5.0 (X11; Linux x86_64; rv:15.0) Gecko/20100101 Firefox/15.0.1"
116.203.193.175 - - [10/Feb/2022:12:22:55 +0800] "GET /wp-login.php HTTP/1.0" 404 1678 "-" "Mozilla/5.0 (X11; Linux x86_64; rv:15.0) Gecko/20100101 Firefox/15.0.1"
64.246.165.170 - - [10/Feb/2022:14:14:19 +0800] "GET / HTTP/1.1" 200 806 "-" "Mozilla/5.0 (Macintosh; Intel Mac OS X 10.10; rv:59.0) Gecko/20100101 Firefox/59.0"
66.249.71.223 - - [10/Feb/2022:18:45:46 +0800] "GET /ads.txt HTTP/1.1" 404 1715 "-" "Mozilla/5.0 (compatible; Googlebot/2.1; +http://www.google.com/bot.html)"
157.55.39.200 - - [10/Feb/2022:19:44:21 +0800] "GET /robots.txt HTTP/2" 404 1238 "-" "Mozilla/5.0 (compatible; bingbot/2.0; +http://www.bing.com/bingbot.htm)"
157.55.39.200 - - [10/Feb/2022:19:44:22 +0800] "GET /robots.txt HTTP/2" 404 1238 "-" "Mozilla/5.0 (compatible; bingbot/2.0; +http://www.bing.com/bingbot.htm)"
40.77.167.63 - - [10/Feb/2022:19:44:34 +0800] "GET / HTTP/2" 200 307 "-" "Mozilla/5.0 (compatible; bingbot/2.0; +http://www.bing.com/bingbot.htm)"
66.249.71.223 - - [10/Feb/2022:21:27:44 +0800] "GET /robots.txt HTTP/1.1" 404 1715 "-" "Mozilla/5.0 (compatible; Googlebot/2.1; +http://www.google.com/bot.html)"
66.249.71.221 - - [10/Feb/2022:21:27:44 +0800] "GET /feed/ HTTP/1.1" 404 1715 "-" "Mozilla/5.0 (compatible; Googlebot/2.1; +http://www.google.com/bot.html)"
66.249.71.219 - - [10/Feb/2022:22:27:38 +0800] "GET /feed/ HTTP/1.1" 404 1715 "-" "Mozilla/5.0 (Linux; Android 6.0.1; Nexus 5X Build/MMB29P) AppleWebKit/537.36 (KHTML, like Gecko) Chrome/98.0.4758.80 Mobile Safari/537.36 (compatible; Googlebot/2.1; +http://www.google.com/bot.html)"
157.55.39.200 - - [11/Feb/2022:09:59:31 +0800] "GET /robots.txt HTTP/2" 404 1238 "-" "Mozilla/5.0 (compatible; bingbot/2.0; +http://www.bing.com/bingbot.htm)"
157.55.39.200 - - [11/Feb/2022:09:59:32 +0800] "GET /robots.txt HTTP/2" 404 1238 "-" "Mozilla/5.0 (compatible; bingbot/2.0; +http://www.bing.com/bingbot.htm)"
40.77.167.63 - - [11/Feb/2022:09:59:34 +0800] "GET / HTTP/2" 200 307 "-" "Mozilla/5.0 (compatible; bingbot/2.0; +http://www.bing.com/bingbot.htm)"
138.246.253.24 - - [11/Feb/2022:11:06:27 +0800] "GET /robots.txt HTTP/1.1" 404 1715 "-" "Mozilla/5.0 (Windows NT 10.0; Win64; x64) AppleWebKit/537.36 (KHTML, like Gecko) Chrome/88.0.4324.146 Safari/537.36"
66.249.71.219 - - [11/Feb/2022:11:27:43 +0800] "GET /robots.txt HTTP/1.1" 404 1715 "-" "Mozilla/5.0 (compatible; Googlebot/2.1; +http://www.google.com/bot.html)"
66.249.71.221 - - [11/Feb/2022:11:27:47 +0800] "GET /ads.txt HTTP/1.1" 404 1715 "-" "Mozilla/5.0 (compatible; Googlebot/2.1; +http://www.google.com/bot.html)"
138.246.253.15 - - [11/Feb/2022:13:36:16 +0800] "HEAD / HTTP/1.1" 200 0 "-" "quic-go-HTTP/3"
207.46.13.235 - - [11/Feb/2022:19:43:30 +0800] "GET /robots.txt HTTP/2" 404 1238 "-" "Mozilla/5.0 (compatible; bingbot/2.0; +http://www.bing.com/bingbot.htm)"
207.46.13.235 - - [11/Feb/2022:19:43:30 +0800] "GET /robots.txt HTTP/2" 404 1238 "-" "Mozilla/5.0 (compatible; bingbot/2.0; +http://www.bing.com/bingbot.htm)"
40.77.167.63 - - [11/Feb/2022:19:43:39 +0800] "GET / HTTP/2" 200 307 "-" "Mozilla/5.0 (compatible; bingbot/2.0; +http://www.bing.com/bingbot.htm)"
185.191.171.43 - - [11/Feb/2022:20:09:10 +0800] "GET /robots.txt HTTP/1.1" 404 1678 "-" "Mozilla/5.0 (compatible; SemrushBot/7~bl; +http://www.semrush.com/bot.html)"
185.191.171.22 - - [11/Feb/2022:20:09:15 +0800] "GET /search.asp?street=%5B02%5D%7CEnter&town=%5B01%5D HTTP/1.1" 404 1678 "-" "Mozilla/5.0 (compatible; SemrushBot/7~bl; +http://www.semrush.com/bot.html)"
185.191.171.37 - - [11/Feb/2022:20:09:18 +0800] "GET /sitemap.xml HTTP/1.1" 404 1678 "-" "Mozilla/5.0 (compatible; SemrushBot/7~bl; +http://www.semrush.com/bot.html)"
207.46.13.235 - - [12/Feb/2022:09:54:59 +0800] "GET /robots.txt HTTP/2" 404 457 "-" "Mozilla/5.0 (compatible; bingbot/2.0; +http://www.bing.com/bingbot.htm)"
207.46.13.235 - - [12/Feb/2022:09:55:00 +0800] "GET /robots.txt HTTP/2" 404 457 "-" "Mozilla/5.0 (compatible; bingbot/2.0; +http://www.bing.com/bingbot.htm)"
40.77.167.63 - - [12/Feb/2022:09:55:12 +0800] "GET / HTTP/2" 200 307 "-" "Mozilla/5.0 (compatible; bingbot/2.0; +http://www.bing.com/bingbot.htm)"
66.249.71.221 - - [12/Feb/2022:10:58:06 +0800] "GET /robots.txt HTTP/1.1" 404 910 "-" "Mozilla/5.0 (compatible; Googlebot/2.1; +http://www.google.com/bot.html)"
66.249.71.221 - - [12/Feb/2022:10:58:10 +0800] "GET /ads.txt HTTP/1.1" 404 732 "-" "Mozilla/5.0 (compatible; Googlebot/2.1; +http://www.google.com/bot.html)"
66.249.71.219 - - [12/Feb/2022:18:17:32 +0800] "GET /ads.txt HTTP/1.1" 404 910 "-" "Mozilla/5.0 (compatible; Googlebot/2.1; +http://www.google.com/bot.html)"
207.46.13.235 - - [12/Feb/2022:19:34:55 +0800] "GET /robots.txt HTTP/2" 404 457 "-" "Mozilla/5.0 (compatible; bingbot/2.0; +http://www.bing.com/bingbot.htm)"
207.46.13.235 - - [12/Feb/2022:19:34:55 +0800] "GET /robots.txt HTTP/2" 404 457 "-" "Mozilla/5.0 (compatible; bingbot/2.0; +http://www.bing.com/bingbot.htm)"
40.77.167.63 - - [12/Feb/2022:19:35:06 +0800] "GET / HTTP/2" 200 307 "-" "Mozilla/5.0 (compatible; bingbot/2.0; +http://www.bing.com/bingbot.htm)"
54.187.205.235 - - [12/Feb/2022:19:46:25 +0800] "POST /wp-json/wc-stripe/v1/webhook HTTP/1.1" 404 1267 "-" "Stripe/1.0 (+https://stripe.com/docs/webhooks)"
54.187.216.72 - - [12/Feb/2022:19:46:25 +0800] "POST /wp-json/wc-stripe/v1/webhook HTTP/1.1" 404 1267 "-" "Stripe/1.0 (+https://stripe.com/docs/webhooks)"
54.187.216.72 - - [12/Feb/2022:19:46:41 +0800] "POST /wp-json/wc-stripe/v1/webhook HTTP/1.1" 404 1267 "-" "Stripe/1.0 (+https://stripe.com/docs/webhooks)"
54.187.216.72 - - [12/Feb/2022:19:46:42 +0800] "POST /wp-json/wc-stripe/v1/webhook HTTP/1.1" 404 1267 "-" "Stripe/1.0 (+https://stripe.com/docs/webhooks)"
54.187.174.169 - - [12/Feb/2022:20:45:34 +0800] "POST /wp-json/wc-stripe/v1/webhook HTTP/1.1" 404 1267 "-" "Stripe/1.0 (+https://stripe.com/docs/webhooks)"
54.187.174.169 - - [12/Feb/2022:20:46:48 +0800] "POST /wp-json/wc-stripe/v1/webhook HTTP/1.1" 404 1267 "-" "Stripe/1.0 (+https://stripe.com/docs/webhooks)"
66.249.71.219 - - [12/Feb/2022:21:51:01 +0800] "GET / HTTP/1.1" 200 732 "-" "Mozilla/5.0 (compatible; Googlebot/2.1; +http://www.google.com/bot.html)"
167.248.133.46 - - [12/Feb/2022:23:51:34 +0800] "GET / HTTP/1.1" 200 843 "-" "Mozilla/5.0 (compatible; CensysInspect/1.1; +https://about.censys.io/)"
167.248.133.46 - - [12/Feb/2022:23:51:35 +0800] "GET / HTTP/1.1" 200 843 "-" "Mozilla/5.0 (compatible; CensysInspect/1.1; +https://about.censys.io/)"
54.187.216.72 - - [13/Feb/2022:00:48:42 +0800] "POST /wp-json/wc-stripe/v1/webhook HTTP/1.1" 404 1267 "-" "Stripe/1.0 (+https://stripe.com/docs/webhooks)"
54.187.216.72 - - [13/Feb/2022:00:50:01 +0800] "POST /wp-json/wc-stripe/v1/webhook HTTP/1.1" 404 1267 "-" "Stripe/1.0 (+https://stripe.com/docs/webhooks)"
207.46.13.235 - - [13/Feb/2022:09:47:17 +0800] "GET /robots.txt HTTP/2" 404 457 "-" "Mozilla/5.0 (compatible; bingbot/2.0; +http://www.bing.com/bingbot.htm)"
207.46.13.235 - - [13/Feb/2022:09:47:18 +0800] "GET /robots.txt HTTP/2" 404 457 "-" "Mozilla/5.0 (compatible; bingbot/2.0; +http://www.bing.com/bingbot.htm)"
40.77.167.63 - - [13/Feb/2022:09:47:28 +0800] "GET / HTTP/2" 200 307 "-" "Mozilla/5.0 (compatible; bingbot/2.0; +http://www.bing.com/bingbot.htm)"
66.249.71.219 - - [13/Feb/2022:10:29:38 +0800] "GET /robots.txt HTTP/1.1" 404 910 "-" "Mozilla/5.0 (compatible; Googlebot/2.1; +http://www.google.com/bot.html)"
65.21.206.44 - - [13/Feb/2022:10:44:45 +0800] "GET / HTTP/2" 200 307 "-" "Mozilla/5.0 (Windows NT 10.0; Win64; x64) AppleWebKit/537.36 (KHTML, like Gecko) Chrome/91.0.4472.114 Safari/537.36 Edg/91.0.864.54"
66.249.71.223 - - [13/Feb/2022:11:43:02 +0800] "GET / HTTP/1.1" 200 732 "-" "Mozilla/5.0 (Linux; Android 6.0.1; Nexus 5X Build/MMB29P) AppleWebKit/537.36 (KHTML, like Gecko) Chrome/98.0.4758.80 Mobile Safari/537.36 (compatible; Googlebot/2.1; +http://www.google.com/bot.html)"
54.187.174.169 - - [13/Feb/2022:14:40:00 +0800] "POST /wp-json/wc-stripe/v1/webhook HTTP/1.1" 404 1267 "-" "Stripe/1.0 (+https://stripe.com/docs/webhooks)"
54.187.174.169 - - [13/Feb/2022:14:57:19 +0800] "POST /wp-json/wc-stripe/v1/webhook HTTP/1.1" 404 1267 "-" "Stripe/1.0 (+https://stripe.com/docs/webhooks)"
66.249.71.221 - - [13/Feb/2022:17:51:44 +0800] "GET /ads.txt HTTP/1.1" 404 910 "-" "Mozilla/5.0 (compatible; Googlebot/2.1; +http://www.google.com/bot.html)"
207.46.13.235 - - [13/Feb/2022:19:33:57 +0800] "GET /robots.txt HTTP/2" 404 457 "-" "Mozilla/5.0 (compatible; bingbot/2.0; +http://www.bing.com/bingbot.htm)"
207.46.13.235 - - [13/Feb/2022:19:33:58 +0800] "GET /robots.txt HTTP/2" 404 457 "-" "Mozilla/5.0 (compatible; bingbot/2.0; +http://www.bing.com/bingbot.htm)"
40.77.167.63 - - [13/Feb/2022:19:34:02 +0800] "GET / HTTP/2" 200 307 "-" "Mozilla/5.0 (compatible; bingbot/2.0; +http://www.bing.com/bingbot.htm)"
207.46.13.235 - - [14/Feb/2022:09:41:45 +0800] "GET /robots.txt HTTP/2" 404 457 "-" "Mozilla/5.0 (compatible; bingbot/2.0; +http://www.bing.com/bingbot.htm)"
207.46.13.235 - - [14/Feb/2022:09:41:45 +0800] "GET /robots.txt HTTP/2" 404 457 "-" "Mozilla/5.0 (compatible; bingbot/2.0; +http://www.bing.com/bingbot.htm)"
40.77.167.63 - - [14/Feb/2022:09:41:54 +0800] "GET / HTTP/2" 200 307 "-" "Mozilla/5.0 (compatible; bingbot/2.0; +http://www.bing.com/bingbot.htm)"
66.249.71.221 - - [14/Feb/2022:10:11:47 +0800] "GET /robots.txt HTTP/1.1" 404 910 "-" "Mozilla/5.0 (compatible; Googlebot/2.1; +http://www.google.com/bot.html)"
54.229.187.138 - - [14/Feb/2022:11:14:54 +0800] "GET / HTTP/1.1" 200 843 "-" "Mozilla/5.0 (Windows NT 10.0; Win64; x64) AppleWebKit/537.36 (KHTML, like Gecko) Chrome/91.0.4472.164 Safari/537.36"
54.187.216.72 - - [14/Feb/2022:14:23:02 +0800] "POST /wp-json/wc-stripe/v1/webhook HTTP/1.1" 404 1267 "-" "Stripe/1.0 (+https://stripe.com/docs/webhooks)"
54.187.205.235 - - [14/Feb/2022:14:29:28 +0800] "POST /wp-json/wc-stripe/v1/webhook HTTP/1.1" 404 1267 "-" "Stripe/1.0 (+https://stripe.com/docs/webhooks)"
138.201.214.188 - - [14/Feb/2022:15:21:53 +0800] "GET /robots.txt HTTP/1.1" 404 873 "-" "Mozilla/5.0 (compatible; DataForSeoBot/1.0; +https://dataforseo.com/dataforseo-bot)"
138.201.214.188 - - [14/Feb/2022:15:21:55 +0800] "GET /robots.txt HTTP/1.1" 404 873 "-" "Mozilla/5.0 (compatible; DataForSeoBot/1.0; +https://dataforseo.com/dataforseo-bot)"
138.201.214.188 - - [14/Feb/2022:15:34:26 +0800] "GET /search.asp?town=[01]&street=[02]%7CEnter HTTP/1.1" 404 873 "-" "Mozilla/5.0 (compatible; DataForSeoBot/1.0; +https://dataforseo.com/dataforseo-bot)"
66.249.71.219 - - [14/Feb/2022:17:34:50 +0800] "GET /ads.txt HTTP/1.1" 404 910 "-" "Mozilla/5.0 (compatible; Googlebot/2.1; +http://www.google.com/bot.html)"
207.46.13.235 - - [14/Feb/2022:19:24:22 +0800] "GET /robots.txt HTTP/2" 404 457 "-" "Mozilla/5.0 (compatible; bingbot/2.0; +http://www.bing.com/bingbot.htm)"
207.46.13.235 - - [14/Feb/2022:19:24:23 +0800] "GET /robots.txt HTTP/2" 404 457 "-" "Mozilla/5.0 (compatible; bingbot/2.0; +http://www.bing.com/bingbot.htm)"
157.55.39.135 - - [14/Feb/2022:19:24:34 +0800] "GET / HTTP/2" 200 307 "-" "Mozilla/5.0 (compatible; bingbot/2.0; +http://www.bing.com/bingbot.htm)"
120.230.122.9 - - [14/Feb/2022:19:50:12 +0800] "GET / HTTP/1.1" 200 775 "-" "-"
207.46.13.235 - - [15/Feb/2022:05:46:43 +0800] "GET /robots.txt HTTP/2" 404 457 "-" "Mozilla/5.0 (compatible; bingbot/2.0; +http://www.bing.com/bingbot.htm)"
207.46.13.235 - - [15/Feb/2022:05:46:44 +0800] "GET /robots.txt HTTP/2" 404 457 "-" "Mozilla/5.0 (compatible; bingbot/2.0; +http://www.bing.com/bingbot.htm)"
157.55.39.135 - - [15/Feb/2022:05:46:50 +0800] "GET / HTTP/2" 200 307 "-" "Mozilla/5.0 (compatible; bingbot/2.0; +http://www.bing.com/bingbot.htm)"
93.158.90.66 - - [15/Feb/2022:09:39:47 +0800] "GET /humans.txt HTTP/1.1" 404 963 "http://mypage.my/humans.txt" "Mozilla/5.0 (Macintosh; Intel Mac OS X 10_13_6) AppleWebKit/537.36 (KHTML, like Gecko) Chrome/91.0.4472.114 Safari/537.36"
93.158.90.66 - - [15/Feb/2022:09:39:49 +0800] "GET /ads.txt HTTP/1.1" 404 963 "http://mypage.my/ads.txt" "Mozilla/5.0 (Macintosh; Intel Mac OS X 10_13_6) AppleWebKit/537.36 (KHTML, like Gecko) Chrome/91.0.4472.114 Safari/537.36"
93.158.90.74 - - [15/Feb/2022:09:39:51 +0800] "GET / HTTP/1.1" 200 806 "http://mypage.my/" "Mozilla/5.0 (Macintosh; Intel Mac OS X 10_13_6) AppleWebKit/537.36 (KHTML, like Gecko) Chrome/91.0.4472.114 Safari/537.36"
66.249.71.221 - - [15/Feb/2022:09:57:30 +0800] "GET /robots.txt HTTP/1.1" 404 910 "-" "Mozilla/5.0 (compatible; Googlebot/2.1; +http://www.google.com/bot.html)"
54.187.174.169 - - [15/Feb/2022:14:01:45 +0800] "POST /wp-json/wc-stripe/v1/webhook HTTP/1.1" 404 1267 "-" "Stripe/1.0 (+https://stripe.com/docs/webhooks)"
54.187.205.235 - - [15/Feb/2022:14:33:42 +0800] "POST /wp-json/wc-stripe/v1/webhook HTTP/1.1" 404 1267 "-" "Stripe/1.0 (+https://stripe.com/docs/webhooks)"
104.248.59.123 - - [15/Feb/2022:15:59:39 +0800] "GET /wp-includes/customize/class-wp-customize-nav-menu-customize.php HTTP/1.1" 404 1267 "mypage.my" "Mozilla/5.0 (Windows NT 6.1; WOW64) AppleWebKit/537.36 (KHTML, like Gecko) Chrome/50.0.2661.75 Safari/537.36"
104.248.59.123 - - [15/Feb/2022:15:59:48 +0800] "GET /wp/wp-includes/customize/class-wp-customize-nav-menu-customize.php HTTP/1.1" 404 1267 "mypage.my" "Mozilla/5.0 (Windows NT 6.1; WOW64) AppleWebKit/537.36 (KHTML, like Gecko) Chrome/50.0.2661.75 Safari/537.36"
104.248.59.123 - - [15/Feb/2022:16:00:40 +0800] "GET /wp-content/plugins/cache-wordpress/fastCache.php HTTP/1.1" 404 1267 "mypage.my" "Mozilla/5.0 (Windows NT 6.1; WOW64) AppleWebKit/537.36 (KHTML, like Gecko) Chrome/50.0.2661.75 Safari/537.36"
104.248.59.123 - - [15/Feb/2022:16:00:58 +0800] "GET /wp-temp.php?ctime=md5&atime=123123 HTTP/1.1" 404 1267 "mypage.my" "Mozilla/5.0 (Windows NT 6.1; WOW64) AppleWebKit/537.36 (KHTML, like Gecko) Chrome/50.0.2661.75 Safari/537.36"
104.248.59.123 - - [15/Feb/2022:16:02:01 +0800] "GET /wp/wp-content/plugins/classic-editor/xn.php HTTP/1.1" 404 1267 "mypage.my" "Mozilla/5.0 (Windows NT 6.1; WOW64) AppleWebKit/537.36 (KHTML, like Gecko) Chrome/50.0.2661.75 Safari/537.36"
104.248.59.123 - - [15/Feb/2022:16:02:41 +0800] "GET /wp/wp-temp.php?ctime=md5&atime=123123 HTTP/1.1" 404 1267 "mypage.my" "Mozilla/5.0 (Windows NT 6.1; WOW64) AppleWebKit/537.36 (KHTML, like Gecko) Chrome/50.0.2661.75 Safari/537.36"
104.248.59.123 - - [15/Feb/2022:16:03:21 +0800] "GET /wp-content/plugins/classic-editor/xn.php HTTP/1.1" 404 1267 "mypage.my" "Mozilla/5.0 (Windows NT 6.1; WOW64) AppleWebKit/537.36 (KHTML, like Gecko) Chrome/50.0.2661.75 Safari/537.36"
104.248.59.123 - - [15/Feb/2022:16:03:23 +0800] "GET /wp/wp-content/plugins/wp-members-master/wp-tag.php HTTP/1.1" 404 1267 "mypage.my" "Mozilla/5.0 (Windows NT 6.1; WOW64) AppleWebKit/537.36 (KHTML, like Gecko) Chrome/50.0.2661.75 Safari/537.36"
104.248.59.123 - - [15/Feb/2022:16:03:40 +0800] "GET /wp/wp-content/plugins/cache-wordpress/fastCache.php HTTP/1.1" 404 1267 "mypage.my" "Mozilla/5.0 (Windows NT 6.1; WOW64) AppleWebKit/537.36 (KHTML, like Gecko) Chrome/50.0.2661.75 Safari/537.36"
104.248.59.123 - - [15/Feb/2022:16:04:06 +0800] "GET /wp-content/plugins/wp-members-master/wp-tag.php HTTP/1.1" 404 1267 "mypage.my" "Mozilla/5.0 (Windows NT 6.1; WOW64) AppleWebKit/537.36 (KHTML, like Gecko) Chrome/50.0.2661.75 Safari/537.36"
207.46.13.235 - - [15/Feb/2022:16:05:26 +0800] "GET /robots.txt HTTP/2" 404 457 "-" "Mozilla/5.0 (compatible; bingbot/2.0; +http://www.bing.com/bingbot.htm)"
207.46.13.235 - - [15/Feb/2022:16:05:27 +0800] "GET /robots.txt HTTP/2" 404 457 "-" "Mozilla/5.0 (compatible; bingbot/2.0; +http://www.bing.com/bingbot.htm)"
207.46.13.124 - - [15/Feb/2022:16:05:32 +0800] "GET / HTTP/2" 200 307 "-" "Mozilla/5.0 (compatible; bingbot/2.0; +http://www.bing.com/bingbot.htm)"
66.249.71.223 - - [15/Feb/2022:17:07:31 +0800] "GET /ads.txt HTTP/1.1" 404 910 "-" "Mozilla/5.0 (compatible; Googlebot/2.1; +http://www.google.com/bot.html)"
207.46.13.124 - - [16/Feb/2022:06:39:26 +0800] "GET / HTTP/2" 200 307 "-" "Mozilla/5.0 (compatible; bingbot/2.0; +http://www.bing.com/bingbot.htm)"
14.192.215.46 - - [16/Feb/2022:07:56:37 +0800] "GET / HTTP/2" 200 198 "-" "Mozilla/5.0 (Windows NT 10.0; Win64; x64) AppleWebKit/537.36 (KHTML, like Gecko) Chrome/98.0.4758.87 Safari/537.36"
66.249.71.223 - - [16/Feb/2022:09:44:33 +0800] "GET /robots.txt HTTP/1.1" 404 910 "-" "Mozilla/5.0 (compatible; Googlebot/2.1; +http://www.google.com/bot.html)"
66.249.71.221 - - [16/Feb/2022:09:44:36 +0800] "GET /ads.txt HTTP/1.1" 404 910 "-" "Mozilla/5.0 (compatible; Googlebot/2.1; +http://www.google.com/bot.html)"
192.227.156.26 - - [16/Feb/2022:09:55:41 +0800] "GET /wp/wp-load.php?daksldlkdsadas=1 HTTP/1.1" 404 1267 "mypage.my" "Mozilla/5.0 (Windows NT 6.1; WOW64) AppleWebKit/537.36 (KHTML, like Gecko) Chrome/50.0.2661.75 Safari/537.36"
192.227.156.26 - - [16/Feb/2022:09:56:19 +0800] "GET /old-index.php?daksldlkdsadas=1 HTTP/1.1" 404 1267 "mypage.my" "Mozilla/5.0 (Windows NT 6.1; WOW64) AppleWebKit/537.36 (KHTML, like Gecko) Chrome/50.0.2661.75 Safari/537.36"
192.227.156.26 - - [16/Feb/2022:09:56:19 +0800] "GET /wp-load.php?daksldlkdsadas=1 HTTP/1.1" 404 1267 "mypage.my" "Mozilla/5.0 (Windows NT 6.1; WOW64) AppleWebKit/537.36 (KHTML, like Gecko) Chrome/50.0.2661.75 Safari/537.36"
192.227.156.26 - - [16/Feb/2022:09:56:27 +0800] "GET /wp/old-index.php?daksldlkdsadas=1 HTTP/1.1" 404 1267 "mypage.my" "Mozilla/5.0 (Windows NT 6.1; WOW64) AppleWebKit/537.36 (KHTML, like Gecko) Chrome/50.0.2661.75 Safari/537.36"
192.99.18.122 - - [16/Feb/2022:14:48:29 +0800] "GET / HTTP/1.1" 200 843 "https://www.google.com" "Mozilla/5.0 (iPhone; CPU iPhone OS 12_1 like Mac OS X) AppleWebKit/605.1.15 (KHTML, like Gecko) CriOS/77.0.3865.93 Mobile/15E148 Safari/605.1"
207.46.13.124 - - [16/Feb/2022:16:58:57 +0800] "GET / HTTP/2" 200 307 "-" "Mozilla/5.0 (compatible; bingbot/2.0; +http://www.bing.com/bingbot.htm)"
72.167.65.133 - - [17/Feb/2022:00:34:05 +0800] "GET /wp-login.php HTTP/1.1" 404 963 "http://www.mypage.my/wp-login.php" "Mozilla/5.0 (X11; Ubuntu; Linux x86_64; rv:62.0) Gecko/20100101 Firefox/62.0"
192.163.197.220 - - [17/Feb/2022:00:42:18 +0800] "GET /wp-login.php HTTP/1.1" 404 963 "http://mypage.my/wp-login.php" "Mozilla/5.0 (X11; Ubuntu; Linux x86_64; rv:62.0) Gecko/20100101 Firefox/62.0"
207.46.13.124 - - [17/Feb/2022:02:20:00 +0800] "GET / HTTP/2" 200 307 "-" "Mozilla/5.0 (compatible; bingbot/2.0; +http://www.bing.com/bingbot.htm)"
185.191.34.215 - - [17/Feb/2022:02:28:05 +0800] "HEAD / HTTP/1.1" 200 536 "-" "Mozilla/5.0 (Macintosh; Intel Mac OS X 10.14; rv:68.0) Gecko/20100101 Firefox/68.0"
66.249.71.223 - - [17/Feb/2022:09:22:10 +0800] "GET /robots.txt HTTP/1.1" 404 910 "-" "Mozilla/5.0 (compatible; Googlebot/2.1; +http://www.google.com/bot.html)"
207.46.13.124 - - [17/Feb/2022:13:47:17 +0800] "GET / HTTP/2" 200 307 "-" "Mozilla/5.0 (compatible; bingbot/2.0; +http://www.bing.com/bingbot.htm)"
210.220.73.0 - - [17/Feb/2022:16:01:34 +0800] "GET / HTTP/1.1" 200 843 "http://mypage.my" "facebookexternalhit/1.1; kakaotalk-scrap/1.0; +https://devtalk.kakao.com/t/scrap/33984"
121.53.181.5 - - [17/Feb/2022:16:01:34 +0800] "GET / HTTP/1.1" 200 843 "http://mypage.my" "facebookexternalhit/1.1; kakaotalk-scrap/1.0; +https://devtalk.kakao.com/t/scrap/33984"
211.231.103.107 - - [17/Feb/2022:16:01:36 +0800] "GET /favicon.ico HTTP/1.1" 404 1304 "-" "facebookexternalhit/1.1;kakaotalk-scrap/1.0; +https://devtalk.kakao.com/t/scrap/33984"
211.231.103.107 - - [17/Feb/2022:16:01:37 +0800] "GET /favicon.ico HTTP/1.1" 404 1304 "-" "facebookexternalhit/1.1;kakaotalk-scrap/1.0; +https://devtalk.kakao.com/t/scrap/33984"
66.249.71.223 - - [17/Feb/2022:16:18:32 +0800] "GET /ads.txt HTTP/1.1" 404 910 "-" "Mozilla/5.0 (compatible; Googlebot/2.1; +http://www.google.com/bot.html)"
207.46.13.235 - - [17/Feb/2022:23:48:36 +0800] "GET /robots.txt HTTP/2" 404 457 "-" "Mozilla/5.0 (compatible; bingbot/2.0; +http://www.bing.com/bingbot.htm)"
207.46.13.235 - - [17/Feb/2022:23:48:37 +0800] "GET /robots.txt HTTP/2" 404 457 "-" "Mozilla/5.0 (compatible; bingbot/2.0; +http://www.bing.com/bingbot.htm)"
207.46.13.124 - - [17/Feb/2022:23:48:45 +0800] "GET / HTTP/2" 200 307 "-" "Mozilla/5.0 (compatible; bingbot/2.0; +http://www.bing.com/bingbot.htm)"
66.249.71.221 - - [18/Feb/2022:08:58:36 +0800] "GET /robots.txt HTTP/1.1" 404 910 "-" "Mozilla/5.0 (compatible; Googlebot/2.1; +http://www.google.com/bot.html)"
66.249.71.221 - - [18/Feb/2022:08:58:39 +0800] "GET /comments/feed/ HTTP/1.1" 404 910 "-" "Mozilla/5.0 (compatible; Googlebot/2.1; +http://www.google.com/bot.html)"
66.249.71.219 - - [18/Feb/2022:09:03:35 +0800] "GET /comments/feed/ HTTP/1.1" 404 910 "-" "Mozilla/5.0 (Linux; Android 6.0.1; Nexus 5X Build/MMB29P) AppleWebKit/537.36 (KHTML, like Gecko) Chrome/98.0.4758.102 Mobile Safari/537.36 (compatible; Googlebot/2.1; +http://www.google.com/bot.html)"
66.249.71.219 - - [18/Feb/2022:10:33:49 +0800] "GET / HTTP/1.1" 200 732 "-" "Mozilla/5.0 (compatible; Googlebot/2.1; +http://www.google.com/bot.html)"
66.249.71.219 - - [18/Feb/2022:10:56:17 +0800] "GET / HTTP/1.1" 200 732 "-" "Mozilla/5.0 (Linux; Android 6.0.1; Nexus 5X Build/MMB29P) AppleWebKit/537.36 (KHTML, like Gecko) Chrome/98.0.4758.102 Mobile Safari/537.36 (compatible; Googlebot/2.1; +http://www.google.com/bot.html)"
138.246.253.24 - - [18/Feb/2022:11:48:27 +0800] "GET /robots.txt HTTP/1.1" 404 1304 "-" "Mozilla/5.0 (Windows NT 10.0; Win64; x64) AppleWebKit/537.36 (KHTML, like Gecko) Chrome/88.0.4324.146 Safari/537.36"
66.249.71.221 - - [18/Feb/2022:15:51:21 +0800] "GET /ads.txt HTTP/1.1" 404 910 "-" "Mozilla/5.0 (compatible; Googlebot/2.1; +http://www.google.com/bot.html)"
85.18.30.69 - - [18/Feb/2022:17:43:00 +0800] "GET / HTTP/1.1" 200 695 "-" "Mozilla/5.0 (Windows NT 6.1; Win64; x64) AppleWebKit/537.36 (KHTML, like Gecko) Chrome/96.0.4664.110 Safari/537.36"
207.46.13.124 - - [19/Feb/2022:00:23:48 +0800] "GET / HTTP/2" 200 307 "-" "Mozilla/5.0 (compatible; bingbot/2.0; +http://www.bing.com/bingbot.htm)"
66.249.71.219 - - [19/Feb/2022:09:05:21 +0800] "GET /robots.txt HTTP/1.1" 404 910 "-" "Mozilla/5.0 (compatible; Googlebot/2.1; +http://www.google.com/bot.html)"
116.203.193.175 - - [19/Feb/2022:10:11:10 +0800] "GET / HTTP/1.0" 200 916 "-" "Mozilla/5.0 (X11; Linux x86_64; rv:15.0) Gecko/20100101 Firefox/15.0.1"
116.203.193.175 - - [19/Feb/2022:10:11:11 +0800] "GET /wp-login.php HTTP/1.0" 404 1267 "-" "Mozilla/5.0 (X11; Linux x86_64; rv:15.0) Gecko/20100101 Firefox/15.0.1"
