63.32.105.231 - - [19/Jan/2022:21:15:47 +0800] "GET / HTTP/2" 200 249 "-" "Mozilla/5.0 (X11; Linux x86_64) AppleWebKit/537.36 (KHTML, like Gecko) HeadlessChrome/78.0.3882.0 Safari/537.36"
14.192.213.118 - - [19/Jan/2022:21:24:32 +0800] "GET / HTTP/2" 500 0 "-" "Mozilla/5.0 (Windows NT 10.0; Win64; x64) AppleWebKit/537.36 (KHTML, like Gecko) Chrome/97.0.4692.71 Safari/537.36"
14.192.213.118 - - [19/Jan/2022:21:24:40 +0800] "GET /phpinfo HTTP/1.1" 500 0 "-" "Mozilla/5.0 (Windows NT 10.0; Win64; x64) AppleWebKit/537.36 (KHTML, like Gecko) Chrome/97.0.4692.71 Safari/537.36"
14.192.213.118 - - [19/Jan/2022:21:25:25 +0800] "GET /phpinfo HTTP/1.1" 500 0 "-" "Mozilla/5.0 (Windows NT 10.0; Win64; x64) AppleWebKit/537.36 (KHTML, like Gecko) Chrome/97.0.4692.71 Safari/537.36"
14.192.213.118 - - [19/Jan/2022:21:25:28 +0800] "GET /phpinfo HTTP/1.1" 500 0 "-" "Mozilla/5.0 (Windows NT 10.0; Win64; x64) AppleWebKit/537.36 (KHTML, like Gecko) Chrome/97.0.4692.71 Safari/537.36"
14.192.213.118 - - [19/Jan/2022:21:25:29 +0800] "GET /phpinfo HTTP/1.1" 500 0 "-" "Mozilla/5.0 (Windows NT 10.0; Win64; x64) AppleWebKit/537.36 (KHTML, like Gecko) Chrome/97.0.4692.71 Safari/537.36"
14.192.213.118 - - [19/Jan/2022:21:25:31 +0800] "GET / HTTP/1.1" 500 0 "-" "Mozilla/5.0 (Windows NT 10.0; Win64; x64) AppleWebKit/537.36 (KHTML, like Gecko) Chrome/97.0.4692.71 Safari/537.36"
14.192.213.118 - - [19/Jan/2022:21:25:52 +0800] "GET / HTTP/1.1" 200 0 "-" "Mozilla/5.0 (Windows NT 10.0; Win64; x64) AppleWebKit/537.36 (KHTML, like Gecko) Chrome/97.0.4692.71 Safari/537.36"
14.192.213.118 - - [19/Jan/2022:21:26:01 +0800] "GET /phpinfo HTTP/1.1" 200 0 "-" "Mozilla/5.0 (Windows NT 10.0; Win64; x64) AppleWebKit/537.36 (KHTML, like Gecko) Chrome/97.0.4692.71 Safari/537.36"
14.192.213.118 - - [19/Jan/2022:21:26:02 +0800] "GET /favicon.ico HTTP/1.1" 200 0 "https://mypriv.online/phpinfo" "Mozilla/5.0 (Windows NT 10.0; Win64; x64) AppleWebKit/537.36 (KHTML, like Gecko) Chrome/97.0.4692.71 Safari/537.36"
14.192.213.118 - - [19/Jan/2022:21:26:48 +0800] "GET /phpinfo HTTP/1.1" 200 0 "-" "Mozilla/5.0 (Windows NT 10.0; Win64; x64) AppleWebKit/537.36 (KHTML, like Gecko) Chrome/97.0.4692.71 Safari/537.36"
63.35.193.215 - - [20/Jan/2022:04:35:19 +0800] "GET / HTTP/2" 200 249 "-" "Mozilla/5.0 (X11; Linux x86_64) AppleWebKit/537.36 (KHTML, like Gecko) HeadlessChrome/78.0.3882.0 Safari/537.36"
154.6.20.87 - - [20/Jan/2022:06:50:54 +0800] "GET / HTTP/1.1" 200 1508 "-" "Mozilla/5.0 (Windows NT 10.0; Win64; x64; rv:89.0) Gecko/20100101 Firefox/89.0"
154.6.20.87 - - [20/Jan/2022:06:50:56 +0800] "GET / HTTP/1.1" 200 1508 "-" "Mozilla/5.0 (Macintosh; Intel Mac OS X 10_9_3) AppleWebKit/537.36 (KHTML, like Gecko) Chrome/35.0.1916.47 Safari/537.36"
120.35.11.210 - - [20/Jan/2022:06:57:33 +0800] "GET / HTTP/1.1" 200 1514 "-" "Mozilla/5.0 (Linux; Android 6.0; Nexus 5 Build/MRA58N) AppleWebKit/537.36 (KHTML, like Gecko) Chrome/83.0.4103.116 Mobile Safari/537.36"
36.99.136.132 - - [20/Jan/2022:12:04:34 +0800] "GET / HTTP/1.1" 200 1469 "http://mypriv.online" "Mozilla/5.0 (Windows NT 10.0; Win64; x64) AppleWebKit/537.36 (KHTML, like Gecko) Chrome/72.0.3626.119 Safari/537.36"
36.99.136.131 - - [20/Jan/2022:12:04:41 +0800] "GET / HTTP/2" 200 249 "-" "Mozilla/5.0 (Windows NT 10.0; Win64; x64) AppleWebKit/537.36 (KHTML, like Gecko) Chrome/72.0.3626.119 Safari/537.36"
18.197.174.47 - - [20/Jan/2022:13:00:22 +0800] "GET / HTTP/1.1" 200 1594 "-" "webprosbot/2.0 (+mailto:abuse-6337@webpros.com)"
159.138.140.250 - - [20/Jan/2022:16:58:30 +0800] "GET /robots.txt HTTP/1.0" 200 475 "-" "HuaweiWebCatBot/6.0) (To acquire the allowed html pages as reliable information of URL categorization in the automatic process for Huawei Web Categorization.; https://isecurity.huawei.com/; sec at huawei dot com)"
159.138.140.250 - - [20/Jan/2022:16:58:30 +0800] "GET / HTTP/1.0" 500 77865 "-" "HuaweiWebCatBot/6.0) (To acquire the allowed html pages as reliable information of URL categorization in the automatic process for Huawei Web Categorization.; https://isecurity.huawei.com/; sec at huawei dot com)"
54.194.235.163 - - [20/Jan/2022:23:18:12 +0800] "GET / HTTP/2" 200 249 "-" "Mozilla/5.0 (X11; Linux x86_64) AppleWebKit/537.36 (KHTML, like Gecko) HeadlessChrome/78.0.3882.0 Safari/537.36"
42.192.184.76 - - [21/Jan/2022:04:37:23 +0800] "GET / HTTP/1.1" 200 1473 "http://mypriv.online" "Mozilla/5.0 (Linux; Android 6.0; Nexus 5 Build/MRA58N) AppleWebKit/537.36 (KHTML, like Gecko) Chrome/81.0.4044.138 Mobile Safari/537.36"
120.35.11.210 - - [21/Jan/2022:07:24:54 +0800] "GET / HTTP/1.1" 200 1512 "-" "Mozilla/5.0 (Linux; Android 6.0; Nexus 5 Build/MRA58N) AppleWebKit/537.36 (KHTML, like Gecko) Chrome/83.0.4103.116 Mobile Safari/537.36"
123.233.115.26 - - [21/Jan/2022:10:36:35 +0800] "GET / HTTP/1.1" 200 1516 "-" "Mozilla/5.0 (Linux; Android 6.0; Nexus 5 Build/MRA58N) AppleWebKit/537.36 (KHTML, like Gecko) Chrome/83.0.4103.116 Mobile Safari/537.36"
111.7.100.21 - - [21/Jan/2022:11:59:08 +0800] "GET / HTTP/1.1" 200 1469 "http://mypriv.online" "Mozilla/5.0 (Windows NT 10.0; Win64; x64) AppleWebKit/537.36 (KHTML, like Gecko) Chrome/72.0.3626.119 Safari/537.36"
111.7.100.21 - - [21/Jan/2022:12:00:30 +0800] "GET / HTTP/2" 200 249 "-" "Mozilla/5.0 (Windows NT 10.0; Win64; x64) AppleWebKit/537.36 (KHTML, like Gecko) Chrome/72.0.3626.119 Safari/537.36"
111.7.100.21 - - [21/Jan/2022:12:00:33 +0800] "GET / HTTP/2" 200 249 "-" "Mozilla/5.0 (Windows NT 10.0; Win64; x64) AppleWebKit/537.36 (KHTML, like Gecko) Chrome/72.0.3626.119 Safari/537.36"
171.13.14.83 - - [21/Jan/2022:13:16:35 +0800] "GET / HTTP/2" 200 249 "-" "Mozilla/5.0 (Linux; Android 8.0; Pixel 2 Build/OPD3.170816.012) AppleWebKit/537.36 (KHTML, like Gecko) Chrome/75.0.3765.0 Mobile Safari/537.36"
171.13.14.83 - - [21/Jan/2022:13:16:55 +0800] "GET / HTTP/2" 200 249 "-" "Mozilla/5.0 (Windows NT 10.0; Win64; x64) AppleWebKit/537.36 (KHTML, like Gecko) Chrome/78.0.3904.87 Safari/537.36"
111.7.100.21 - - [21/Jan/2022:16:00:31 +0800] "GET / HTTP/1.1" 200 1475 "http://mypriv.online" "Mozilla/5.0 (Windows NT 10.0; Win64; x64) AppleWebKit/537.36 (KHTML, like Gecko) Chrome/72.0.3626.119 Safari/537.36"
137.226.113.44 - - [22/Jan/2022:02:54:16 +0800] "GET / HTTP/2" 500 75527 "-" "Mozilla/5.0 (X11; Linux x86_64; rv:84.0) Gecko/20100101 Firefox/84.0"
137.226.113.44 - - [22/Jan/2022:02:54:18 +0800] "GET / HTTP/1.1" 500 0 "-" "Mozilla/5.0 (X11; Linux x86_64; rv:84.0) Gecko/20100101 Firefox/84.0"
123.233.115.26 - - [22/Jan/2022:06:48:54 +0800] "GET / HTTP/1.1" 200 1508 "-" "Mozilla/5.0 (Linux; Android 6.0; Nexus 5 Build/MRA58N) AppleWebKit/537.36 (KHTML, like Gecko) Chrome/83.0.4103.116 Mobile Safari/537.36"
111.7.100.24 - - [22/Jan/2022:10:36:24 +0800] "GET / HTTP/1.1" 200 1477 "http://mypriv.online" "Mozilla/5.0 (Windows NT 10.0; Win64; x64) AppleWebKit/537.36 (KHTML, like Gecko) Chrome/72.0.3626.119 Safari/537.36"
111.7.100.25 - - [22/Jan/2022:10:37:33 +0800] "GET / HTTP/2" 200 249 "-" "Mozilla/5.0 (Windows NT 10.0; Win64; x64) AppleWebKit/537.36 (KHTML, like Gecko) Chrome/72.0.3626.119 Safari/537.36"
111.7.100.24 - - [22/Jan/2022:10:37:36 +0800] "GET / HTTP/1.1" 200 0 "-" "Mozilla/5.0 (Windows NT 10.0; Win64; x64) AppleWebKit/537.36 (KHTML, like Gecko) Chrome/72.0.3626.119 Safari/537.36"
35.84.183.131 - - [23/Jan/2022:02:34:31 +0800] "GET / HTTP/1.1" 200 1469 "-" "Mozilla/5.0 (Windows NT 10.0; Win64; x64) AppleWebKit/537.36 (KHTML, like Gecko; compatible; BW/1.1; bit.ly/2W6Px8S; 62d59b802e) Chrome/84.0.4147.105 Safari/537.36"
35.84.183.131 - - [23/Jan/2022:02:34:33 +0800] "GET /robots.txt HTTP/1.1" 200 475 "-" "Mozilla/5.0 (Windows NT 10.0; Win64; x64) AppleWebKit/537.36 (KHTML, like Gecko; compatible; BW/1.1; bit.ly/2W6Px8S; 62d59b802e) Chrome/84.0.4147.105 Safari/537.36"
58.33.94.134 - - [23/Jan/2022:05:33:12 +0800] "GET / HTTP/1.1" 200 1508 "-" "Mozilla/5.0 (Linux; Android 6.0; Nexus 5 Build/MRA58N) AppleWebKit/537.36 (KHTML, like Gecko) Chrome/83.0.4103.116 Mobile Safari/537.36"
111.31.13.158 - - [23/Jan/2022:06:58:43 +0800] "GET / HTTP/1.1" 200 1510 "-" "Mozilla/5.0 (Linux; Android 6.0; Nexus 5 Build/MRA58N) AppleWebKit/537.36 (KHTML, like Gecko) Chrome/83.0.4103.116 Mobile Safari/537.36"
58.33.94.132 - - [23/Jan/2022:07:48:16 +0800] "GET / HTTP/1.1" 200 1508 "-" "Mozilla/5.0 (Linux; Android 6.0; Nexus 5 Build/MRA58N) AppleWebKit/537.36 (KHTML, like Gecko) Chrome/83.0.4103.116 Mobile Safari/537.36"
36.99.136.137 - - [23/Jan/2022:11:19:00 +0800] "GET / HTTP/1.1" 200 1473 "http://mypriv.online" "Mozilla/5.0 (Windows NT 10.0; Win64; x64) AppleWebKit/537.36 (KHTML, like Gecko) Chrome/72.0.3626.119 Safari/537.36"
205.169.39.177 - - [23/Jan/2022:13:00:19 +0800] "GET / HTTP/1.1" 500 57312 "-" "Mozilla/5.0 (Windows NT 6.1; Win64; x64) AppleWebKit/537.36 (KHTML, like Gecko) Chrome/83.0.4103.61 Safari/537.36"
14.192.209.96 - - [23/Jan/2022:22:27:50 +0800] "GET /kodan HTTP/2" 200 1709 "-" "Mozilla/5.0 (Windows NT 10.0; Win64; x64) AppleWebKit/537.36 (KHTML, like Gecko) Chrome/97.0.4692.99 Safari/537.36"
14.192.209.96 - - [23/Jan/2022:22:27:51 +0800] "GET /js/FileSaver.js HTTP/1.1" 200 0 "https://mypriv.online/kodan" "Mozilla/5.0 (Windows NT 10.0; Win64; x64) AppleWebKit/537.36 (KHTML, like Gecko) Chrome/97.0.4692.99 Safari/537.36"
14.192.209.96 - - [23/Jan/2022:22:27:51 +0800] "GET /js/aes.js HTTP/1.1" 200 0 "https://mypriv.online/kodan" "Mozilla/5.0 (Windows NT 10.0; Win64; x64) AppleWebKit/537.36 (KHTML, like Gecko) Chrome/97.0.4692.99 Safari/537.36"
14.192.209.96 - - [23/Jan/2022:22:27:52 +0800] "GET /favicon.ico HTTP/1.1" 200 0 "https://mypriv.online/kodan" "Mozilla/5.0 (Windows NT 10.0; Win64; x64) AppleWebKit/537.36 (KHTML, like Gecko) Chrome/97.0.4692.99 Safari/537.36"
14.192.209.96 - - [23/Jan/2022:22:28:26 +0800] "GET /kodan HTTP/1.1" 200 0 "https://mypriv.online/kodan" "Mozilla/5.0 (Windows NT 10.0; Win64; x64) AppleWebKit/537.36 (KHTML, like Gecko) Chrome/97.0.4692.99 Safari/537.36"
14.192.209.96 - - [23/Jan/2022:22:45:10 +0800] "GET / HTTP/1.1" 200 0 "-" "Mozilla/5.0 (Windows NT 10.0; Win64; x64) AppleWebKit/537.36 (KHTML, like Gecko) Chrome/97.0.4692.99 Safari/537.36"
14.192.209.96 - - [23/Jan/2022:22:45:16 +0800] "GET /kodan HTTP/1.1" 200 0 "-" "Mozilla/5.0 (Windows NT 10.0; Win64; x64) AppleWebKit/537.36 (KHTML, like Gecko) Chrome/97.0.4692.99 Safari/537.36"
111.31.13.158 - - [24/Jan/2022:00:08:05 +0800] "GET / HTTP/1.1" 200 1512 "-" "Mozilla/5.0 (Linux; Android 6.0; Nexus 5 Build/MRA58N) AppleWebKit/537.36 (KHTML, like Gecko) Chrome/83.0.4103.116 Mobile Safari/537.36"
115.164.190.2 - - [24/Jan/2022:01:40:54 +0800] "GET /kodan HTTP/2" 200 1709 "-" "Mozilla/5.0 (Windows NT 10.0; Win64; x64) AppleWebKit/537.36 (KHTML, like Gecko) Chrome/97.0.4692.99 Safari/537.36"
115.164.190.2 - - [24/Jan/2022:01:41:28 +0800] "GET /kodan HTTP/2" 200 1709 "https://mypriv.online/kodan" "Mozilla/5.0 (Windows NT 10.0; Win64; x64) AppleWebKit/537.36 (KHTML, like Gecko) Chrome/97.0.4692.99 Safari/537.36"
115.164.190.2 - - [24/Jan/2022:02:15:14 +0800] "GET /kodan HTTP/2" 200 1709 "-" "Mozilla/5.0 (Windows NT 10.0; Win64; x64) AppleWebKit/537.36 (KHTML, like Gecko) Chrome/97.0.4692.99 Safari/537.36"
115.164.190.2 - - [24/Jan/2022:02:15:26 +0800] "GET /kodan HTTP/2" 200 1709 "https://mypriv.online/kodan" "Mozilla/5.0 (Windows NT 10.0; Win64; x64) AppleWebKit/537.36 (KHTML, like Gecko) Chrome/97.0.4692.99 Safari/537.36"
115.164.190.2 - - [24/Jan/2022:02:15:52 +0800] "GET /kodan HTTP/2" 200 1709 "https://mypriv.online/kodan" "Mozilla/5.0 (Windows NT 10.0; Win64; x64) AppleWebKit/537.36 (KHTML, like Gecko) Chrome/97.0.4692.99 Safari/537.36"
111.31.13.158 - - [24/Jan/2022:07:10:00 +0800] "GET / HTTP/1.1" 200 1506 "-" "Mozilla/5.0 (Linux; Android 6.0; Nexus 5 Build/MRA58N) AppleWebKit/537.36 (KHTML, like Gecko) Chrome/83.0.4103.116 Mobile Safari/537.36"
171.13.14.84 - - [24/Jan/2022:11:13:34 +0800] "GET / HTTP/2" 200 249 "-" "Mozilla/5.0 (Linux; Android 8.0; Pixel 2 Build/OPD3.170816.012) AppleWebKit/537.36 (KHTML, like Gecko) Chrome/75.0.3765.0 Mobile Safari/537.36"
120.35.11.210 - - [24/Jan/2022:16:53:09 +0800] "GET / HTTP/1.1" 200 1508 "-" "Mozilla/5.0 (Linux; Android 6.0; Nexus 5 Build/MRA58N) AppleWebKit/537.36 (KHTML, like Gecko) Chrome/83.0.4103.116 Mobile Safari/537.36"
18.202.175.151 - - [24/Jan/2022:21:16:02 +0800] "GET / HTTP/2" 200 249 "-" "Mozilla/5.0 (X11; Linux x86_64) AppleWebKit/537.36 (KHTML, like Gecko) HeadlessChrome/78.0.3882.0 Safari/537.36"
14.192.209.96 - - [24/Jan/2022:21:22:40 +0800] "GET /kodan HTTP/2" 500 87 "-" "Mozilla/5.0 (Windows NT 10.0; Win64; x64) AppleWebKit/537.36 (KHTML, like Gecko) Chrome/97.0.4692.99 Safari/537.36"
14.192.209.96 - - [24/Jan/2022:21:22:41 +0800] "GET /favicon.ico HTTP/2" 200 0 "https://mypriv.online/kodan" "Mozilla/5.0 (Windows NT 10.0; Win64; x64) AppleWebKit/537.36 (KHTML, like Gecko) Chrome/97.0.4692.99 Safari/537.36"
14.192.209.96 - - [24/Jan/2022:21:22:49 +0800] "GET / HTTP/1.1" 500 0 "-" "Mozilla/5.0 (Windows NT 10.0; Win64; x64) AppleWebKit/537.36 (KHTML, like Gecko) Chrome/97.0.4692.99 Safari/537.36"
14.192.209.96 - - [24/Jan/2022:21:23:17 +0800] "GET / HTTP/1.1" 500 0 "-" "Mozilla/5.0 (Windows NT 10.0; Win64; x64) AppleWebKit/537.36 (KHTML, like Gecko) Chrome/97.0.4692.99 Safari/537.36"
14.192.209.96 - - [24/Jan/2022:21:23:21 +0800] "GET / HTTP/1.1" 500 0 "-" "Mozilla/5.0 (Windows NT 10.0; Win64; x64) AppleWebKit/537.36 (KHTML, like Gecko) Chrome/97.0.4692.99 Safari/537.36"
14.192.209.96 - - [24/Jan/2022:21:23:22 +0800] "GET / HTTP/1.1" 500 0 "-" "Mozilla/5.0 (Windows NT 10.0; Win64; x64) AppleWebKit/537.36 (KHTML, like Gecko) Chrome/97.0.4692.99 Safari/537.36"
14.192.209.96 - - [24/Jan/2022:21:23:25 +0800] "GET / HTTP/1.1" 500 0 "-" "Mozilla/5.0 (Windows NT 10.0; Win64; x64) AppleWebKit/537.36 (KHTML, like Gecko) Chrome/97.0.4692.99 Safari/537.36"
14.192.209.96 - - [24/Jan/2022:21:23:26 +0800] "GET / HTTP/1.1" 500 0 "-" "Mozilla/5.0 (Windows NT 10.0; Win64; x64) AppleWebKit/537.36 (KHTML, like Gecko) Chrome/97.0.4692.99 Safari/537.36"
14.192.209.96 - - [24/Jan/2022:21:23:27 +0800] "GET / HTTP/1.1" 500 0 "-" "Mozilla/5.0 (Windows NT 10.0; Win64; x64) AppleWebKit/537.36 (KHTML, like Gecko) Chrome/97.0.4692.99 Safari/537.36"
14.192.209.96 - - [24/Jan/2022:21:23:28 +0800] "GET / HTTP/1.1" 500 0 "-" "Mozilla/5.0 (Windows NT 10.0; Win64; x64) AppleWebKit/537.36 (KHTML, like Gecko) Chrome/97.0.4692.99 Safari/537.36"
14.192.209.96 - - [24/Jan/2022:21:23:31 +0800] "GET / HTTP/1.1" 500 0 "-" "Mozilla/5.0 (Windows NT 10.0; Win64; x64) AppleWebKit/537.36 (KHTML, like Gecko) Chrome/97.0.4692.99 Safari/537.36"
14.192.209.96 - - [24/Jan/2022:21:23:32 +0800] "GET / HTTP/1.1" 500 0 "-" "Mozilla/5.0 (Windows NT 10.0; Win64; x64) AppleWebKit/537.36 (KHTML, like Gecko) Chrome/97.0.4692.99 Safari/537.36"
14.192.209.96 - - [24/Jan/2022:21:23:32 +0800] "GET / HTTP/1.1" 500 0 "-" "Mozilla/5.0 (Windows NT 10.0; Win64; x64) AppleWebKit/537.36 (KHTML, like Gecko) Chrome/97.0.4692.99 Safari/537.36"
14.192.209.96 - - [24/Jan/2022:21:24:01 +0800] "GET / HTTP/1.1" 200 0 "-" "Mozilla/5.0 (Windows NT 10.0; Win64; x64) AppleWebKit/537.36 (KHTML, like Gecko) Chrome/97.0.4692.99 Safari/537.36"
14.192.209.96 - - [24/Jan/2022:21:25:31 +0800] "GET / HTTP/1.1" 403 0 "-" "Mozilla/5.0 (Windows NT 10.0; Win64; x64) AppleWebKit/537.36 (KHTML, like Gecko) Chrome/97.0.4692.99 Safari/537.36"
14.192.209.96 - - [24/Jan/2022:21:25:31 +0800] "GET /error_docs/styles.css HTTP/1.1" 200 0 "https://mypriv.online/" "Mozilla/5.0 (Windows NT 10.0; Win64; x64) AppleWebKit/537.36 (KHTML, like Gecko) Chrome/97.0.4692.99 Safari/537.36"
14.192.209.96 - - [24/Jan/2022:21:25:31 +0800] "GET /error_docs/server.svg HTTP/1.1" 200 0 "https://mypriv.online/error_docs/styles.css" "Mozilla/5.0 (Windows NT 10.0; Win64; x64) AppleWebKit/537.36 (KHTML, like Gecko) Chrome/97.0.4692.99 Safari/537.36"
14.192.209.96 - - [24/Jan/2022:21:25:56 +0800] "GET / HTTP/1.1" 403 0 "-" "Mozilla/5.0 (Windows NT 10.0; Win64; x64) AppleWebKit/537.36 (KHTML, like Gecko) Chrome/97.0.4692.99 Safari/537.36"
14.192.209.96 - - [24/Jan/2022:21:26:02 +0800] "GET / HTTP/1.1" 403 0 "https://mypriv.online/" "Mozilla/5.0 (Windows NT 10.0; Win64; x64) AppleWebKit/537.36 (KHTML, like Gecko) Chrome/97.0.4692.99 Safari/537.36"
14.192.209.96 - - [24/Jan/2022:21:26:04 +0800] "GET / HTTP/1.1" 403 0 "https://mypriv.online/" "Mozilla/5.0 (Windows NT 10.0; Win64; x64) AppleWebKit/537.36 (KHTML, like Gecko) Chrome/97.0.4692.99 Safari/537.36"
14.192.213.112 - - [24/Jan/2022:21:28:48 +0800] "GET / HTTP/2" 403 370 "-" "Mozilla/5.0 (Windows NT 10.0; Win64; x64) AppleWebKit/537.36 (KHTML, like Gecko) Chrome/97.0.4692.99 Safari/537.36"
14.192.213.112 - - [24/Jan/2022:21:29:35 +0800] "GET / HTTP/2" 403 370 "-" "Mozilla/5.0 (Windows NT 10.0; Win64; x64) AppleWebKit/537.36 (KHTML, like Gecko) Chrome/97.0.4692.99 Safari/537.36"
14.192.213.112 - - [24/Jan/2022:21:29:39 +0800] "GET / HTTP/2" 403 370 "-" "Mozilla/5.0 (Windows NT 10.0; Win64; x64) AppleWebKit/537.36 (KHTML, like Gecko) Chrome/97.0.4692.99 Safari/537.36"
14.192.213.112 - - [24/Jan/2022:21:33:19 +0800] "GET / HTTP/2" 403 370 "-" "Mozilla/5.0 (Windows NT 10.0; Win64; x64) AppleWebKit/537.36 (KHTML, like Gecko) Chrome/97.0.4692.99 Safari/537.36"
14.192.213.112 - - [24/Jan/2022:21:33:22 +0800] "GET / HTTP/2" 403 370 "-" "Mozilla/5.0 (X11; Linux x86_64) AppleWebKit/534.24 (KHTML, like Gecko) Chrome/79.0.3945.147 Safari/534.24 XiaoMi/MiuiBrowser/12.12.1-go"
14.192.213.112 - - [24/Jan/2022:21:33:23 +0800] "GET /error_docs/styles.css HTTP/2" 200 841 "https://mypriv.online/" "Mozilla/5.0 (X11; Linux x86_64) AppleWebKit/534.24 (KHTML, like Gecko) Chrome/79.0.3945.147 Safari/534.24 XiaoMi/MiuiBrowser/12.12.1-go"
14.192.213.112 - - [24/Jan/2022:21:33:24 +0800] "GET /error_docs/server.svg HTTP/1.1" 200 0 "https://mypriv.online/error_docs/styles.css" "Mozilla/5.0 (X11; Linux x86_64) AppleWebKit/534.24 (KHTML, like Gecko) Chrome/79.0.3945.147 Safari/534.24 XiaoMi/MiuiBrowser/12.12.1-go"
14.192.213.112 - - [24/Jan/2022:21:33:26 +0800] "GET /favicon.ico HTTP/1.1" 200 0 "https://mypriv.online/" "Mozilla/5.0 (X11; Linux x86_64) AppleWebKit/534.24 (KHTML, like Gecko) Chrome/79.0.3945.147 Safari/534.24 XiaoMi/MiuiBrowser/12.12.1-go"
14.192.213.112 - - [24/Jan/2022:21:33:42 +0800] "GET / HTTP/1.1" 403 0 "-" "Mozilla/5.0 (X11; Linux x86_64) AppleWebKit/534.24 (KHTML, like Gecko) Chrome/79.0.3945.147 Safari/534.24 XiaoMi/MiuiBrowser/12.12.1-go"
14.192.213.112 - - [24/Jan/2022:21:34:15 +0800] "GET / HTTP/2" 403 370 "https://mypriv.online/" "Mozilla/5.0 (Windows NT 10.0; Win64; x64) AppleWebKit/537.36 (KHTML, like Gecko) Chrome/97.0.4692.99 Safari/537.36"
14.192.213.112 - - [24/Jan/2022:21:37:48 +0800] "GET / HTTP/2" 403 370 "-" "Mozilla/5.0 (Windows NT 10.0; Win64; x64) AppleWebKit/537.36 (KHTML, like Gecko) Chrome/97.0.4692.99 Safari/537.36"
14.192.213.112 - - [24/Jan/2022:21:38:03 +0800] "GET /kodan HTTP/2" 403 370 "-" "Mozilla/5.0 (Windows NT 10.0; Win64; x64) AppleWebKit/537.36 (KHTML, like Gecko) Chrome/97.0.4692.99 Safari/537.36"
14.192.213.112 - - [24/Jan/2022:21:39:56 +0800] "GET / HTTP/2" 403 370 "-" "Mozilla/5.0 (Windows NT 10.0; Win64; x64) AppleWebKit/537.36 (KHTML, like Gecko) Chrome/97.0.4692.99 Safari/537.36"
14.192.213.112 - - [24/Jan/2022:21:42:04 +0800] "GET / HTTP/2" 403 370 "-" "Mozilla/5.0 (Windows NT 10.0; Win64; x64) AppleWebKit/537.36 (KHTML, like Gecko) Chrome/97.0.4692.99 Safari/537.36"
14.192.213.112 - - [24/Jan/2022:21:42:04 +0800] "GET /error_docs/styles.css HTTP/1.1" 200 0 "https://mypriv.online/" "Mozilla/5.0 (Windows NT 10.0; Win64; x64) AppleWebKit/537.36 (KHTML, like Gecko) Chrome/97.0.4692.99 Safari/537.36"
14.192.213.112 - - [24/Jan/2022:21:42:04 +0800] "GET /error_docs/server.svg HTTP/1.1" 200 0 "https://mypriv.online/error_docs/styles.css" "Mozilla/5.0 (Windows NT 10.0; Win64; x64) AppleWebKit/537.36 (KHTML, like Gecko) Chrome/97.0.4692.99 Safari/537.36"
14.192.213.112 - - [24/Jan/2022:21:42:04 +0800] "GET /favicon.ico HTTP/1.1" 200 0 "https://mypriv.online/" "Mozilla/5.0 (Windows NT 10.0; Win64; x64) AppleWebKit/537.36 (KHTML, like Gecko) Chrome/97.0.4692.99 Safari/537.36"
14.192.213.112 - - [24/Jan/2022:21:42:07 +0800] "GET / HTTP/1.1" 403 0 "-" "Mozilla/5.0 (Windows NT 10.0; Win64; x64) AppleWebKit/537.36 (KHTML, like Gecko) Chrome/97.0.4692.99 Safari/537.36"
14.192.213.112 - - [24/Jan/2022:21:42:09 +0800] "GET / HTTP/1.1" 403 0 "-" "Mozilla/5.0 (Windows NT 10.0; Win64; x64) AppleWebKit/537.36 (KHTML, like Gecko) Chrome/97.0.4692.99 Safari/537.36"
51.79.145.204 - - [24/Jan/2022:21:42:24 +0800] "HEAD / HTTP/2" 403 0 "-" "-"
210.195.143.231 - - [24/Jan/2022:21:42:51 +0800] "GET / HTTP/2" 403 370 "-" "Mozilla/5.0 (Windows NT 10.0; Win64; x64) AppleWebKit/537.36 (KHTML, like Gecko) Chrome/97.0.4692.71 Safari/537.36"
210.195.143.231 - - [24/Jan/2022:21:42:52 +0800] "GET /error_docs/styles.css HTTP/1.1" 200 0 "https://mypriv.online/" "Mozilla/5.0 (Windows NT 10.0; Win64; x64) AppleWebKit/537.36 (KHTML, like Gecko) Chrome/97.0.4692.71 Safari/537.36"
210.195.143.231 - - [24/Jan/2022:21:42:52 +0800] "GET /error_docs/server.svg HTTP/1.1" 200 0 "https://mypriv.online/error_docs/styles.css" "Mozilla/5.0 (Windows NT 10.0; Win64; x64) AppleWebKit/537.36 (KHTML, like Gecko) Chrome/97.0.4692.71 Safari/537.36"
210.195.143.231 - - [24/Jan/2022:21:42:52 +0800] "GET /favicon.ico HTTP/1.1" 200 0 "https://mypriv.online/" "Mozilla/5.0 (Windows NT 10.0; Win64; x64) AppleWebKit/537.36 (KHTML, like Gecko) Chrome/97.0.4692.71 Safari/537.36"
14.192.213.112 - - [24/Jan/2022:21:43:09 +0800] "GET / HTTP/1.1" 403 0 "-" "Mozilla/5.0 (Windows NT 10.0; Win64; x64) AppleWebKit/537.36 (KHTML, like Gecko) Chrome/97.0.4692.99 Safari/537.36"
210.195.143.231 - - [24/Jan/2022:21:43:24 +0800] "GET / HTTP/1.1" 403 0 "-" "Mozilla/5.0 (Windows NT 10.0; Win64; x64) AppleWebKit/537.36 (KHTML, like Gecko) Chrome/97.0.4692.71 Safari/537.36"
210.195.143.231 - - [24/Jan/2022:21:44:22 +0800] "GET / HTTP/1.1" 403 0 "-" "Mozilla/5.0 (Windows NT 10.0; Win64; x64) AppleWebKit/537.36 (KHTML, like Gecko) Chrome/97.0.4692.71 Safari/537.36"
210.195.143.231 - - [24/Jan/2022:21:45:12 +0800] "GET / HTTP/1.1" 403 0 "-" "Mozilla/5.0 (Windows NT 10.0; Win64; x64) AppleWebKit/537.36 (KHTML, like Gecko) Chrome/97.0.4692.71 Safari/537.36"
210.195.143.231 - - [24/Jan/2022:21:45:14 +0800] "GET / HTTP/1.1" 403 0 "-" "Mozilla/5.0 (Windows NT 10.0; Win64; x64) AppleWebKit/537.36 (KHTML, like Gecko) Chrome/97.0.4692.71 Safari/537.36"
210.195.143.231 - - [24/Jan/2022:21:45:42 +0800] "GET / HTTP/1.1" 500 0 "-" "Mozilla/5.0 (Windows NT 10.0; Win64; x64) AppleWebKit/537.36 (KHTML, like Gecko) Chrome/97.0.4692.71 Safari/537.36"
210.195.143.231 - - [24/Jan/2022:21:46:04 +0800] "GET / HTTP/1.1" 500 0 "-" "Mozilla/5.0 (Windows NT 10.0; Win64; x64) AppleWebKit/537.36 (KHTML, like Gecko) Chrome/97.0.4692.71 Safari/537.36"
210.195.143.231 - - [24/Jan/2022:21:46:06 +0800] "GET / HTTP/1.1" 500 0 "-" "Mozilla/5.0 (Windows NT 10.0; Win64; x64) AppleWebKit/537.36 (KHTML, like Gecko) Chrome/97.0.4692.71 Safari/537.36"
210.195.143.231 - - [24/Jan/2022:21:46:16 +0800] "GET / HTTP/1.1" 500 0 "-" "Mozilla/5.0 (Windows NT 10.0; Win64; x64) AppleWebKit/537.36 (KHTML, like Gecko) Chrome/97.0.4692.71 Safari/537.36"
210.195.143.231 - - [24/Jan/2022:21:46:18 +0800] "GET / HTTP/1.1" 500 0 "-" "Mozilla/5.0 (Windows NT 10.0; Win64; x64) AppleWebKit/537.36 (KHTML, like Gecko) Chrome/97.0.4692.71 Safari/537.36"
210.195.143.231 - - [24/Jan/2022:21:46:19 +0800] "GET / HTTP/1.1" 500 0 "-" "Mozilla/5.0 (Windows NT 10.0; Win64; x64) AppleWebKit/537.36 (KHTML, like Gecko) Chrome/97.0.4692.71 Safari/537.36"
210.195.143.231 - - [24/Jan/2022:21:46:31 +0800] "GET / HTTP/1.1" 500 0 "-" "Mozilla/5.0 (Windows NT 10.0; Win64; x64) AppleWebKit/537.36 (KHTML, like Gecko) Chrome/97.0.4692.71 Safari/537.36"
210.195.143.231 - - [24/Jan/2022:21:47:13 +0800] "GET / HTTP/1.1" 500 0 "-" "Mozilla/5.0 (Windows NT 10.0; Win64; x64) AppleWebKit/537.36 (KHTML, like Gecko) Chrome/97.0.4692.71 Safari/537.36"
210.195.143.231 - - [24/Jan/2022:21:47:33 +0800] "GET / HTTP/1.1" 500 0 "-" "Mozilla/5.0 (Windows NT 10.0; Win64; x64) AppleWebKit/537.36 (KHTML, like Gecko) Chrome/97.0.4692.71 Safari/537.36"
14.192.213.112 - - [24/Jan/2022:21:47:50 +0800] "GET / HTTP/1.1" 500 0 "https://mypriv.online/" "Mozilla/5.0 (Windows NT 10.0; Win64; x64) AppleWebKit/537.36 (KHTML, like Gecko) Chrome/97.0.4692.99 Safari/537.36"
210.195.143.231 - - [24/Jan/2022:21:48:06 +0800] "GET / HTTP/1.1" 500 0 "-" "Mozilla/5.0 (Windows NT 10.0; Win64; x64) AppleWebKit/537.36 (KHTML, like Gecko) Chrome/97.0.4692.71 Safari/537.36"
210.195.143.231 - - [24/Jan/2022:21:48:08 +0800] "GET / HTTP/1.1" 500 0 "-" "Mozilla/5.0 (Windows NT 10.0; Win64; x64) AppleWebKit/537.36 (KHTML, like Gecko) Chrome/97.0.4692.71 Safari/537.36"
210.195.143.231 - - [24/Jan/2022:21:48:20 +0800] "GET / HTTP/1.1" 500 0 "-" "Mozilla/5.0 (Windows NT 10.0; Win64; x64) AppleWebKit/537.36 (KHTML, like Gecko) Chrome/97.0.4692.71 Safari/537.36"
210.195.143.231 - - [24/Jan/2022:21:48:28 +0800] "GET / HTTP/1.1" 500 0 "-" "Mozilla/5.0 (Windows NT 10.0; Win64; x64) AppleWebKit/537.36 (KHTML, like Gecko) Chrome/97.0.4692.71 Safari/537.36"
210.195.143.231 - - [24/Jan/2022:21:48:29 +0800] "GET / HTTP/1.1" 500 0 "-" "Mozilla/5.0 (Windows NT 10.0; Win64; x64) AppleWebKit/537.36 (KHTML, like Gecko) Chrome/97.0.4692.71 Safari/537.36"
14.192.213.112 - - [24/Jan/2022:21:48:46 +0800] "GET /kodan HTTP/1.1" 500 0 "-" "Mozilla/5.0 (Windows NT 10.0; Win64; x64) AppleWebKit/537.36 (KHTML, like Gecko) Chrome/97.0.4692.99 Safari/537.36"
210.195.143.231 - - [24/Jan/2022:21:49:09 +0800] "GET / HTTP/1.1" 500 0 "-" "Mozilla/5.0 (Windows NT 10.0; Win64; x64) AppleWebKit/537.36 (KHTML, like Gecko) Chrome/97.0.4692.71 Safari/537.36"
210.195.143.231 - - [24/Jan/2022:21:49:11 +0800] "GET / HTTP/1.1" 500 0 "-" "Mozilla/5.0 (Windows NT 10.0; Win64; x64) AppleWebKit/537.36 (KHTML, like Gecko) Chrome/97.0.4692.71 Safari/537.36"
210.195.143.231 - - [24/Jan/2022:21:49:35 +0800] "GET / HTTP/1.1" 403 0 "-" "Mozilla/5.0 (Windows NT 10.0; Win64; x64) AppleWebKit/537.36 (KHTML, like Gecko) Chrome/97.0.4692.71 Safari/537.36"
210.195.143.231 - - [24/Jan/2022:21:49:38 +0800] "GET / HTTP/1.1" 403 0 "-" "Mozilla/5.0 (Windows NT 10.0; Win64; x64) AppleWebKit/537.36 (KHTML, like Gecko) Chrome/97.0.4692.71 Safari/537.36"
210.195.143.231 - - [24/Jan/2022:21:49:58 +0800] "GET / HTTP/1.1" 500 0 "-" "Mozilla/5.0 (Windows NT 10.0; Win64; x64) AppleWebKit/537.36 (KHTML, like Gecko) Chrome/97.0.4692.71 Safari/537.36"
14.192.213.112 - - [24/Jan/2022:21:50:08 +0800] "GET /kodan HTTP/1.1" 500 0 "-" "Mozilla/5.0 (Windows NT 10.0; Win64; x64) AppleWebKit/537.36 (KHTML, like Gecko) Chrome/97.0.4692.99 Safari/537.36"
14.192.213.112 - - [24/Jan/2022:21:50:30 +0800] "GET /kodan HTTP/1.1" 500 0 "-" "Mozilla/5.0 (Windows NT 10.0; Win64; x64) AppleWebKit/537.36 (KHTML, like Gecko) Chrome/97.0.4692.99 Safari/537.36"
14.192.213.112 - - [24/Jan/2022:21:56:11 +0800] "GET / HTTP/1.1" 500 0 "-" "Mozilla/5.0 (Windows NT 10.0; Win64; x64) AppleWebKit/537.36 (KHTML, like Gecko) Chrome/97.0.4692.99 Safari/537.36"
175.145.212.10 - - [24/Jan/2022:21:56:48 +0800] "GET / HTTP/2" 500 87 "-" "Mozilla/5.0 (Linux; Android 11; M2012K11AG) AppleWebKit/537.36 (KHTML, like Gecko) Chrome/97.0.4692.98 Mobile Safari/537.36"
175.145.212.10 - - [24/Jan/2022:21:56:48 +0800] "GET /favicon.ico HTTP/1.1" 200 0 "https://mypriv.online/" "Mozilla/5.0 (Linux; Android 11; M2012K11AG) AppleWebKit/537.36 (KHTML, like Gecko) Chrome/97.0.4692.98 Mobile Safari/537.36"
14.192.213.112 - - [24/Jan/2022:22:03:34 +0800] "GET / HTTP/1.1" 500 0 "-" "Mozilla/5.0 (Windows NT 10.0; Win64; x64) AppleWebKit/537.36 (KHTML, like Gecko) Chrome/97.0.4692.99 Safari/537.36"
14.192.213.112 - - [24/Jan/2022:22:22:24 +0800] "GET / HTTP/1.1" 500 0 "-" "Mozilla/5.0 (Windows NT 10.0; Win64; x64) AppleWebKit/537.36 (KHTML, like Gecko) Chrome/97.0.4692.99 Safari/537.36"
14.192.213.112 - - [24/Jan/2022:22:26:15 +0800] "GET / HTTP/1.1" 500 0 "-" "Mozilla/5.0 (Windows NT 10.0; Win64; x64) AppleWebKit/537.36 (KHTML, like Gecko) Chrome/97.0.4692.99 Safari/537.36"
14.192.213.112 - - [24/Jan/2022:22:34:48 +0800] "GET / HTTP/1.1" 500 0 "-" "Mozilla/5.0 (X11; Linux x86_64) AppleWebKit/534.24 (KHTML, like Gecko) Chrome/79.0.3945.147 Safari/534.24 XiaoMi/MiuiBrowser/12.12.1-go"
14.192.213.112 - - [24/Jan/2022:22:34:50 +0800] "GET / HTTP/1.1" 500 0 "-" "Mozilla/5.0 (X11; Linux x86_64) AppleWebKit/534.24 (KHTML, like Gecko) Chrome/79.0.3945.147 Safari/534.24 XiaoMi/MiuiBrowser/12.12.1-go"
210.195.143.231 - - [24/Jan/2022:22:40:03 +0800] "GET / HTTP/1.1" 500 0 "-" "Mozilla/5.0 (Windows NT 10.0; Win64; x64) AppleWebKit/537.36 (KHTML, like Gecko) Chrome/97.0.4692.71 Safari/537.36"
175.145.212.10 - - [24/Jan/2022:22:58:58 +0800] "GET /robots.txt HTTP/2" 200 24 "-" "Mozilla/5.0 (Windows NT 10.0; Win64; x64) AppleWebKit/537.36 (KHTML, like Gecko) Chrome/97.0.4692.71 Safari/537.36"
3.250.155.188 - - [24/Jan/2022:22:58:59 +0800] "GET / HTTP/2" 500 87 "-" "Mozilla/5.0 (X11; Linux x86_64) AppleWebKit/537.36 (KHTML, like Gecko) HeadlessChrome/78.0.3882.0 Safari/537.36"
175.145.212.10 - - [24/Jan/2022:22:58:58 +0800] "GET / HTTP/2" 500 87 "https://panel.jimathosting.com:8443/" "Mozilla/5.0 (Windows NT 10.0; Win64; x64) AppleWebKit/537.36 (KHTML, like Gecko) Chrome/97.0.4692.71 Safari/537.36"
175.145.212.10 - - [24/Jan/2022:22:58:59 +0800] "GET /favicon.ico HTTP/1.1" 200 0 "https://mypriv.online/" "Mozilla/5.0 (Windows NT 10.0; Win64; x64) AppleWebKit/537.36 (KHTML, like Gecko) Chrome/97.0.4692.71 Safari/537.36"
175.145.212.10 - - [24/Jan/2022:22:59:11 +0800] "GET / HTTP/1.1" 500 0 "https://panel.jimathosting.com:8443/" "Mozilla/5.0 (Windows NT 10.0; Win64; x64) AppleWebKit/537.36 (KHTML, like Gecko) Chrome/97.0.4692.71 Safari/537.36"
175.145.212.10 - - [24/Jan/2022:22:59:22 +0800] "GET / HTTP/1.1" 500 0 "https://panel.jimathosting.com:8443/" "Mozilla/5.0 (Windows NT 10.0; Win64; x64) AppleWebKit/537.36 (KHTML, like Gecko) Chrome/97.0.4692.71 Safari/537.36"
175.145.212.10 - - [24/Jan/2022:22:59:23 +0800] "GET / HTTP/1.1" 500 0 "https://panel.jimathosting.com:8443/" "Mozilla/5.0 (Windows NT 10.0; Win64; x64) AppleWebKit/537.36 (KHTML, like Gecko) Chrome/97.0.4692.71 Safari/537.36"
175.145.212.10 - - [24/Jan/2022:22:59:23 +0800] "GET / HTTP/1.1" 500 0 "https://panel.jimathosting.com:8443/" "Mozilla/5.0 (Windows NT 10.0; Win64; x64) AppleWebKit/537.36 (KHTML, like Gecko) Chrome/97.0.4692.71 Safari/537.36"
14.192.213.112 - - [24/Jan/2022:23:05:40 +0800] "GET / HTTP/1.1" 500 0 "-" "Mozilla/5.0 (Windows NT 10.0; Win64; x64) AppleWebKit/537.36 (KHTML, like Gecko) Chrome/97.0.4692.99 Safari/537.36"
14.192.213.112 - - [24/Jan/2022:23:34:39 +0800] "GET / HTTP/1.1" 500 0 "-" "Mozilla/5.0 (Windows NT 10.0; Win64; x64) AppleWebKit/537.36 (KHTML, like Gecko) Chrome/97.0.4692.99 Safari/537.36"
14.192.213.112 - - [24/Jan/2022:23:36:09 +0800] "GET / HTTP/1.1" 500 0 "-" "Mozilla/5.0 (Windows NT 10.0; Win64; x64) AppleWebKit/537.36 (KHTML, like Gecko) Chrome/97.0.4692.99 Safari/537.36"
14.192.213.112 - - [24/Jan/2022:23:36:09 +0800] "GET / HTTP/1.1" 500 0 "-" "Mozilla/5.0 (Windows NT 10.0; Win64; x64) AppleWebKit/537.36 (KHTML, like Gecko) Chrome/97.0.4692.99 Safari/537.36"
14.192.213.112 - - [24/Jan/2022:23:36:35 +0800] "GET / HTTP/1.1" 500 0 "-" "Mozilla/5.0 (Windows NT 10.0; Win64; x64) AppleWebKit/537.36 (KHTML, like Gecko) Chrome/97.0.4692.99 Safari/537.36"
14.192.213.112 - - [24/Jan/2022:23:39:15 +0800] "GET / HTTP/1.1" 500 0 "-" "Mozilla/5.0 (Windows NT 10.0; Win64; x64) AppleWebKit/537.36 (KHTML, like Gecko) Chrome/97.0.4692.99 Safari/537.36"
14.192.213.112 - - [24/Jan/2022:23:40:01 +0800] "GET / HTTP/1.1" 500 0 "-" "Mozilla/5.0 (Windows NT 10.0; Win64; x64) AppleWebKit/537.36 (KHTML, like Gecko) Chrome/97.0.4692.99 Safari/537.36"
14.192.213.112 - - [24/Jan/2022:23:40:15 +0800] "GET / HTTP/1.1" 200 0 "-" "Mozilla/5.0 (Windows NT 10.0; Win64; x64) AppleWebKit/537.36 (KHTML, like Gecko) Chrome/97.0.4692.99 Safari/537.36"
175.145.212.10 - - [24/Jan/2022:23:41:41 +0800] "GET / HTTP/1.1" 200 0 "-" "Mozilla/5.0 (Linux; Android 11; M2012K11AG) AppleWebKit/537.36 (KHTML, like Gecko) Chrome/97.0.4692.98 Mobile Safari/537.36"
14.192.213.112 - - [24/Jan/2022:23:42:26 +0800] "GET / HTTP/1.1" 200 0 "-" "Mozilla/5.0 (Windows NT 10.0; Win64; x64) AppleWebKit/537.36 (KHTML, like Gecko) Chrome/97.0.4692.99 Safari/537.36"
14.192.213.112 - - [24/Jan/2022:23:48:54 +0800] "GET / HTTP/1.1" 200 0 "-" "Mozilla/5.0 (Windows NT 10.0; Win64; x64) AppleWebKit/537.36 (KHTML, like Gecko) Chrome/97.0.4692.99 Safari/537.36"
151.237.177.84 - - [25/Jan/2022:04:55:23 +0800] "GET / HTTP/1.1" 200 1728 "http://mypriv.online" "Mozilla/5.0 (Macintosh; Intel Mac OS X 10_13_3) AppleWebKit/537.36 (KHTML, like Gecko) Chrome/64.0.3282.186 Safari/537.36 OPR/51.0.2830.55"
42.83.147.34 - - [25/Jan/2022:05:26:06 +0800] "GET / HTTP/1.1" 200 1728 "-" "Mozilla/5.0 (Windows NT 6.1; Win64; x64) AppleWebKit/537.36 (KHTML, like Gecko)Chrome/74.0.3729.169 Safari/537.36"
120.35.11.210 - - [25/Jan/2022:08:11:47 +0800] "GET / HTTP/1.1" 200 1728 "-" "Mozilla/5.0 (Linux; Android 6.0; Nexus 5 Build/MRA58N) AppleWebKit/537.36 (KHTML, like Gecko) Chrome/83.0.4103.116 Mobile Safari/537.36"
185.119.81.104 - - [25/Jan/2022:14:31:18 +0800] "GET / HTTP/2" 200 312 "http://mypriv.online/" "Mozilla/5.0 (Windows NT 10.0; Win64; x64) AppleWebKit/537.36 (KHTML, like Gecko) Chrome/74.0.3729.169 Safari/537.36"
173.252.79.120 - - [25/Jan/2022:17:25:50 +0800] "GET / HTTP/1.1" 200 1728 "-" "facebookexternalhit/1.1 (+http://www.facebook.com/externalhit_uatext.php)"
173.252.79.7 - - [25/Jan/2022:17:25:50 +0800] "GET / HTTP/1.1" 200 1728 "-" "facebookexternalhit/1.1 (+http://www.facebook.com/externalhit_uatext.php)"
173.252.79.18 - - [25/Jan/2022:17:25:50 +0800] "GET / HTTP/1.1" 200 1728 "-" "facebookexternalhit/1.1 (+http://www.facebook.com/externalhit_uatext.php)"
173.252.79.19 - - [25/Jan/2022:17:25:52 +0800] "GET / HTTP/1.1" 200 1728 "-" "facebookexternalhit/1.1 (+http://www.facebook.com/externalhit_uatext.php)"
34.219.154.38 - - [25/Jan/2022:18:39:51 +0800] "GET / HTTP/1.1" 200 1728 "-" "Mozilla/5.0 (Windows NT 6.1; WOW64; rv:49.0) Gecko/20100101 Firefox/49.0"
185.181.60.12 - - [26/Jan/2022:01:59:56 +0800] "GET / HTTP/2" 200 312 "-" "Mozilla/5.0 (Windows NT 10.0; Win64; x64) AppleWebKit/537.36 (KHTML, like Gecko) Chrome/91.0.4472.114 Safari/537.36 Edg/91.0.864.54"
58.33.94.133 - - [26/Jan/2022:07:33:14 +0800] "GET / HTTP/1.1" 200 1728 "-" "Mozilla/5.0 (Linux; Android 6.0; Nexus 5 Build/MRA58N) AppleWebKit/537.36 (KHTML, like Gecko) Chrome/83.0.4103.116 Mobile Safari/537.36"
120.35.11.210 - - [26/Jan/2022:08:46:37 +0800] "GET / HTTP/1.1" 200 1728 "-" "Mozilla/5.0 (Linux; Android 6.0; Nexus 5 Build/MRA58N) AppleWebKit/537.36 (KHTML, like Gecko) Chrome/83.0.4103.116 Mobile Safari/537.36"
34.77.162.22 - - [26/Jan/2022:13:41:22 +0800] "GET / HTTP/1.1" 200 1845 "-" "Expanse indexes the network perimeters of our customers. If you have any questions or concerns, please reach out to: scaninfo@expanseinc.com"
109.194.141.174 - - [26/Jan/2022:23:27:54 +0800] "GET /wp-login.php HTTP/1.1" 404 2539 "-" "Mozilla/5.0 (Windows NT 10.0; Win64; x64) AppleWebKit/537.36 (KHTML, like Gecko) Chrome/96.0.4664.93 Safari/537.36"
45.119.83.250 - - [27/Jan/2022:02:50:47 +0800] "GET /wp-login.php HTTP/1.1" 404 2781 "http://mypriv.online/wp-login.php" "Mozilla/5.0 (X11; Ubuntu; Linux x86_64; rv:62.0) Gecko/20100101 Firefox/62.0"
58.33.94.133 - - [27/Jan/2022:07:32:40 +0800] "GET / HTTP/1.1" 200 1728 "-" "Mozilla/5.0 (Linux; Android 6.0; Nexus 5 Build/MRA58N) AppleWebKit/537.36 (KHTML, like Gecko) Chrome/83.0.4103.116 Mobile Safari/537.36"
111.31.13.158 - - [27/Jan/2022:09:11:53 +0800] "GET / HTTP/1.1" 200 1728 "-" "Mozilla/5.0 (Linux; Android 6.0; Nexus 5 Build/MRA58N) AppleWebKit/537.36 (KHTML, like Gecko) Chrome/83.0.4103.116 Mobile Safari/537.36"
168.119.59.186 - - [27/Jan/2022:10:24:40 +0800] "GET / HTTP/1.1" 200 1728 "http://mypriv.online" "Mozilla/5.0 (Macintosh; Intel Mac OS X 10_13_6) AppleWebKit/537.36 (KHTML, like Gecko) Chrome/80.0.3987.116 Safari/537.36"
54.184.23.129 - - [27/Jan/2022:14:51:36 +0800] "GET / HTTP/1.1" 200 1691 "-" "Mozilla/5.0 (Macintosh; Intel Mac OS X 10_8_3) AppleWebKit/537.31 (KHTML, like Gecko) Chrome/26.0.1410.65 Safari/537.31"
120.35.11.210 - - [28/Jan/2022:07:44:46 +0800] "GET / HTTP/1.1" 200 1728 "-" "Mozilla/5.0 (Linux; Android 6.0; Nexus 5 Build/MRA58N) AppleWebKit/537.36 (KHTML, like Gecko) Chrome/83.0.4103.116 Mobile Safari/537.36"
130.255.166.142 - - [28/Jan/2022:13:58:25 +0800] "GET /robots.txt HTTP/1.1" 200 475 "http://mypriv.online/robots.txt" "Mozilla/5.0 (Macintosh; Intel Mac OS X 10_13_6) AppleWebKit/537.36 (KHTML, like Gecko) Chrome/91.0.4472.114 Safari/537.36"
130.255.166.97 - - [28/Jan/2022:13:58:26 +0800] "GET /humans.txt HTTP/1.1" 404 2781 "http://mypriv.online/humans.txt" "Mozilla/5.0 (Macintosh; Intel Mac OS X 10_13_6) AppleWebKit/537.36 (KHTML, like Gecko) Chrome/91.0.4472.114 Safari/537.36"
130.255.166.24 - - [28/Jan/2022:13:58:28 +0800] "GET /ads.txt HTTP/1.1" 404 2781 "http://mypriv.online/ads.txt" "Mozilla/5.0 (Macintosh; Intel Mac OS X 10_13_6) AppleWebKit/537.36 (KHTML, like Gecko) Chrome/91.0.4472.114 Safari/537.36"
130.255.166.82 - - [28/Jan/2022:13:58:30 +0800] "GET / HTTP/1.1" 200 1691 "http://mypriv.online/" "Mozilla/5.0 (Macintosh; Intel Mac OS X 10_13_6) AppleWebKit/537.36 (KHTML, like Gecko) Chrome/91.0.4472.114 Safari/537.36"
120.35.11.210 - - [28/Jan/2022:19:59:28 +0800] "GET / HTTP/1.1" 200 1728 "-" "Mozilla/5.0 (Linux; Android 6.0; Nexus 5 Build/MRA58N) AppleWebKit/537.36 (KHTML, like Gecko) Chrome/83.0.4103.116 Mobile Safari/537.36"
20.79.204.11 - - [29/Jan/2022:05:55:52 +0800] "GET /.env HTTP/1.1" 404 2818 "-" "Mozilla/5.0 (Macintosh; Intel Mac OS X 10.15; rv:77.0) Gecko/20100101 Firefox/77.0"
123.233.115.26 - - [29/Jan/2022:06:56:11 +0800] "GET / HTTP/1.1" 200 1728 "-" "Mozilla/5.0 (Linux; Android 6.0; Nexus 5 Build/MRA58N) AppleWebKit/537.36 (KHTML, like Gecko) Chrome/83.0.4103.116 Mobile Safari/537.36"
138.246.253.24 - - [29/Jan/2022:09:03:01 +0800] "GET /robots.txt HTTP/1.1" 200 512 "-" "Mozilla/5.0 (Windows NT 10.0; Win64; x64) AppleWebKit/537.36 (KHTML, like Gecko) Chrome/88.0.4324.146 Safari/537.36"
149.56.150.144 - - [29/Jan/2022:16:51:38 +0800] "GET / HTTP/1.1" 500 618091 "-" "Mozilla/5.0 (compatible; Dataprovider.com)"
120.35.11.210 - - [29/Jan/2022:23:38:23 +0800] "GET / HTTP/1.1" 200 1728 "-" "Mozilla/5.0 (Linux; Android 6.0; Nexus 5 Build/MRA58N) AppleWebKit/537.36 (KHTML, like Gecko) Chrome/83.0.4103.116 Mobile Safari/537.36"
58.33.94.132 - - [30/Jan/2022:07:06:41 +0800] "GET / HTTP/1.1" 200 1728 "-" "Mozilla/5.0 (Linux; Android 6.0; Nexus 5 Build/MRA58N) AppleWebKit/537.36 (KHTML, like Gecko) Chrome/83.0.4103.116 Mobile Safari/537.36"
42.192.11.192 - - [30/Jan/2022:10:02:46 +0800] "GET / HTTP/1.1" 200 1691 "http://mypriv.online/" "Mozilla/5.0 (Linux; Android 6.0; Nexus 5 Build/MRA58N) AppleWebKit/537.36 (KHTML, like Gecko) Chrome/81.0.4044.138 Mobile Safari/537.36"
152.32.211.251 - - [30/Jan/2022:10:03:22 +0800] "GET / HTTP/1.1" 200 1728 "-" "Mozilla/5.0 (Linux; Android 8.1; EML-L29 Build/HUAWEIEML-L29; xx-xx) AppleWebKit/537.36 (KHTML, like Gecko) Version/4.0 Chrome/65.0.3325.109 Mobile Safari/537.36 (iPad; iPhone; CPU iPhone OS 13_2_3 like Mac OS X)"
152.32.211.251 - - [30/Jan/2022:10:05:03 +0800] "GET /mstock/login HTTP/1.1" 404 2818 "-" "Mozilla/5.0 (Linux; Android 8.1; EML-L29 Build/HUAWEIEML-L29; xx-xx) AppleWebKit/537.36 (KHTML, like Gecko) Version/4.0 Chrome/65.0.3325.109 Mobile Safari/537.36 (iPad; iPhone; CPU iPhone OS 13_2_3 like Mac OS X)"
152.32.211.251 - - [30/Jan/2022:10:05:32 +0800] "GET /api/config-init HTTP/1.1" 404 2850 "-" "Mozilla/5.0 (Linux; Android 8.1; EML-L29 Build/HUAWEIEML-L29; xx-xx) AppleWebKit/537.36 (KHTML, like Gecko) Version/4.0 Chrome/65.0.3325.109 Mobile Safari/537.36 (iPad; iPhone; CPU iPhone OS 13_2_3 like Mac OS X)"
152.32.211.251 - - [30/Jan/2022:10:05:32 +0800] "GET /files/pub_rem.js HTTP/1.1" 404 2640 "-" "Mozilla/5.0 (Linux; Android 8.1; EML-L29 Build/HUAWEIEML-L29; xx-xx) AppleWebKit/537.36 (KHTML, like Gecko) Version/4.0 Chrome/65.0.3325.109 Mobile Safari/537.36 (iPad; iPhone; CPU iPhone OS 13_2_3 like Mac OS X)"
152.32.211.251 - - [30/Jan/2022:10:05:32 +0800] "POST /sys/setting/all HTTP/1.1" 404 2818 "-" "Mozilla/5.0 (Linux; Android 8.1; EML-L29 Build/HUAWEIEML-L29; xx-xx) AppleWebKit/537.36 (KHTML, like Gecko) Version/4.0 Chrome/65.0.3325.109 Mobile Safari/537.36 (iPad; iPhone; CPU iPhone OS 13_2_3 like Mac OS X)"
152.32.211.251 - - [30/Jan/2022:10:06:02 +0800] "GET /index/newapi/api HTTP/1.1" 404 2818 "-" "Mozilla/5.0 (Linux; Android 8.1; EML-L29 Build/HUAWEIEML-L29; xx-xx) AppleWebKit/537.36 (KHTML, like Gecko) Version/4.0 Chrome/65.0.3325.109 Mobile Safari/537.36 (iPad; iPhone; CPU iPhone OS 13_2_3 like Mac OS X)"
152.32.211.251 - - [30/Jan/2022:10:06:18 +0800] "GET /legal/currency/set HTTP/1.1" 404 2818 "-" "Mozilla/5.0 (Linux; Android 8.1; EML-L29 Build/HUAWEIEML-L29; xx-xx) AppleWebKit/537.36 (KHTML, like Gecko) Version/4.0 Chrome/65.0.3325.109 Mobile Safari/537.36 (iPad; iPhone; CPU iPhone OS 13_2_3 like Mac OS X)"
152.32.211.251 - - [30/Jan/2022:10:06:33 +0800] "GET /index/login/login HTTP/1.1" 404 2818 "-" "Mozilla/5.0 (Linux; Android 8.1; EML-L29 Build/HUAWEIEML-L29; xx-xx) AppleWebKit/537.36 (KHTML, like Gecko) Version/4.0 Chrome/65.0.3325.109 Mobile Safari/537.36 (iPad; iPhone; CPU iPhone OS 13_2_3 like Mac OS X)"
152.32.211.251 - - [30/Jan/2022:10:06:33 +0800] "GET /public/img/cz1.png HTTP/1.1" 404 2818 "-" "Mozilla/5.0 (Linux; Android 8.1; EML-L29 Build/HUAWEIEML-L29; xx-xx) AppleWebKit/537.36 (KHTML, like Gecko) Version/4.0 Chrome/65.0.3325.109 Mobile Safari/537.36 (iPad; iPhone; CPU iPhone OS 13_2_3 like Mac OS X)"
152.32.211.251 - - [30/Jan/2022:10:06:33 +0800] "POST /login/kefuxian.mvc HTTP/1.1" 404 2640 "-" "Mozilla/5.0 (Linux; Android 8.1; EML-L29 Build/HUAWEIEML-L29; xx-xx) AppleWebKit/537.36 (KHTML, like Gecko) Version/4.0 Chrome/65.0.3325.109 Mobile Safari/537.36 (iPad; iPhone; CPU iPhone OS 13_2_3 like Mac OS X)"
152.32.211.251 - - [30/Jan/2022:10:06:55 +0800] "GET /static/guide/ab.css HTTP/1.1" 404 2818 "-" "Mozilla/5.0 (Linux; Android 8.1; EML-L29 Build/HUAWEIEML-L29; xx-xx) AppleWebKit/537.36 (KHTML, like Gecko) Version/4.0 Chrome/65.0.3325.109 Mobile Safari/537.36 (iPad; iPhone; CPU iPhone OS 13_2_3 like Mac OS X)"
152.32.211.251 - - [30/Jan/2022:10:07:12 +0800] "POST /km.asmx/getPlatParam HTTP/1.1" 404 2818 "-" "Mozilla/5.0 (Linux; Android 8.1; EML-L29 Build/HUAWEIEML-L29; xx-xx) AppleWebKit/537.36 (KHTML, like Gecko) Version/4.0 Chrome/65.0.3325.109 Mobile Safari/537.36 (iPad; iPhone; CPU iPhone OS 13_2_3 like Mac OS X)"
152.32.211.251 - - [30/Jan/2022:10:07:25 +0800] "GET /zz/address.php?gid=651 HTTP/1.1" 404 2818 "-" "Mozilla/5.0 (Linux; Android 8.1; EML-L29 Build/HUAWEIEML-L29; xx-xx) AppleWebKit/537.36 (KHTML, like Gecko) Version/4.0 Chrome/65.0.3325.109 Mobile Safari/537.36 (iPad; iPhone; CPU iPhone OS 13_2_3 like Mac OS X)"
152.32.211.251 - - [30/Jan/2022:10:07:29 +0800] "GET /template/css/login.css HTTP/1.1" 404 2818 "-" "Mozilla/5.0 (Linux; Android 8.1; EML-L29 Build/HUAWEIEML-L29; xx-xx) AppleWebKit/537.36 (KHTML, like Gecko) Version/4.0 Chrome/65.0.3325.109 Mobile Safari/537.36 (iPad; iPhone; CPU iPhone OS 13_2_3 like Mac OS X)"
152.32.211.251 - - [30/Jan/2022:10:07:32 +0800] "GET /login/img/nyyh/chkjs.js HTTP/1.1" 404 2818 "-" "Mozilla/5.0 (Linux; Android 8.1; EML-L29 Build/HUAWEIEML-L29; xx-xx) AppleWebKit/537.36 (KHTML, like Gecko) Version/4.0 Chrome/65.0.3325.109 Mobile Safari/537.36 (iPad; iPhone; CPU iPhone OS 13_2_3 like Mac OS X)"
152.32.211.251 - - [30/Jan/2022:10:07:42 +0800] "GET /xianyu/index/setp1.html HTTP/1.1" 404 2818 "-" "Mozilla/5.0 (Linux; Android 8.1; EML-L29 Build/HUAWEIEML-L29; xx-xx) AppleWebKit/537.36 (KHTML, like Gecko) Version/4.0 Chrome/65.0.3325.109 Mobile Safari/537.36 (iPad; iPhone; CPU iPhone OS 13_2_3 like Mac OS X)"
152.32.211.251 - - [30/Jan/2022:10:07:43 +0800] "GET /zz2/address.php?gid=651 HTTP/1.1" 404 2818 "-" "Mozilla/5.0 (Linux; Android 8.1; EML-L29 Build/HUAWEIEML-L29; xx-xx) AppleWebKit/537.36 (KHTML, like Gecko) Version/4.0 Chrome/65.0.3325.109 Mobile Safari/537.36 (iPad; iPhone; CPU iPhone OS 13_2_3 like Mac OS X)"
152.32.211.251 - - [30/Jan/2022:10:07:46 +0800] "GET /static/mobile/user.html HTTP/1.1" 404 2818 "-" "Mozilla/5.0 (Linux; Android 8.1; EML-L29 Build/HUAWEIEML-L29; xx-xx) AppleWebKit/537.36 (KHTML, like Gecko) Version/4.0 Chrome/65.0.3325.109 Mobile Safari/537.36 (iPad; iPhone; CPU iPhone OS 13_2_3 like Mac OS X)"
152.32.211.251 - - [30/Jan/2022:10:07:47 +0800] "GET /api/customerServiceLink HTTP/1.1" 404 2850 "-" "Mozilla/5.0 (Linux; Android 8.1; EML-L29 Build/HUAWEIEML-L29; xx-xx) AppleWebKit/537.36 (KHTML, like Gecko) Version/4.0 Chrome/65.0.3325.109 Mobile Safari/537.36 (iPad; iPhone; CPU iPhone OS 13_2_3 like Mac OS X)"
152.32.211.251 - - [30/Jan/2022:10:07:47 +0800] "GET /static/wap/js/common.js HTTP/1.1" 404 2818 "-" "Mozilla/5.0 (Linux; Android 8.1; EML-L29 Build/HUAWEIEML-L29; xx-xx) AppleWebKit/537.36 (KHTML, like Gecko) Version/4.0 Chrome/65.0.3325.109 Mobile Safari/537.36 (iPad; iPhone; CPU iPhone OS 13_2_3 like Mac OS X)"
152.32.211.251 - - [30/Jan/2022:10:07:48 +0800] "GET /Public/Home/js/common.js HTTP/1.1" 404 2640 "-" "Mozilla/5.0 (Linux; Android 8.1; EML-L29 Build/HUAWEIEML-L29; xx-xx) AppleWebKit/537.36 (KHTML, like Gecko) Version/4.0 Chrome/65.0.3325.109 Mobile Safari/537.36 (iPad; iPhone; CPU iPhone OS 13_2_3 like Mac OS X)"
152.32.211.251 - - [30/Jan/2022:10:07:51 +0800] "GET /assets/app-manifest.json HTTP/1.1" 404 2818 "-" "Mozilla/5.0 (Linux; Android 8.1; EML-L29 Build/HUAWEIEML-L29; xx-xx) AppleWebKit/537.36 (KHTML, like Gecko) Version/4.0 Chrome/65.0.3325.109 Mobile Safari/537.36 (iPad; iPhone; CPU iPhone OS 13_2_3 like Mac OS X)"
152.32.211.251 - - [30/Jan/2022:10:07:53 +0800] "GET /202110/images/public.css HTTP/1.1" 404 2818 "-" "Mozilla/5.0 (Linux; Android 8.1; EML-L29 Build/HUAWEIEML-L29; xx-xx) AppleWebKit/537.36 (KHTML, like Gecko) Version/4.0 Chrome/65.0.3325.109 Mobile Safari/537.36 (iPad; iPhone; CPU iPhone OS 13_2_3 like Mac OS X)"
152.32.211.251 - - [30/Jan/2022:10:07:59 +0800] "GET /saconfig/secure/yunwei.js HTTP/1.1" 404 2818 "-" "Mozilla/5.0 (Linux; Android 8.1; EML-L29 Build/HUAWEIEML-L29; xx-xx) AppleWebKit/537.36 (KHTML, like Gecko) Version/4.0 Chrome/65.0.3325.109 Mobile Safari/537.36 (iPad; iPhone; CPU iPhone OS 13_2_3 like Mac OS X)"
152.32.211.251 - - [30/Jan/2022:10:08:03 +0800] "GET /apiapp/Ygn_Girl.CityList HTTP/1.1" 404 2818 "-" "Mozilla/5.0 (Linux; Android 8.1; EML-L29 Build/HUAWEIEML-L29; xx-xx) AppleWebKit/537.36 (KHTML, like Gecko) Version/4.0 Chrome/65.0.3325.109 Mobile Safari/537.36 (iPad; iPhone; CPU iPhone OS 13_2_3 like Mac OS X)"
152.32.211.251 - - [30/Jan/2022:10:08:05 +0800] "GET /pages/console/js/common.js HTTP/1.1" 404 2818 "-" "Mozilla/5.0 (Linux; Android 8.1; EML-L29 Build/HUAWEIEML-L29; xx-xx) AppleWebKit/537.36 (KHTML, like Gecko) Version/4.0 Chrome/65.0.3325.109 Mobile Safari/537.36 (iPad; iPhone; CPU iPhone OS 13_2_3 like Mac OS X)"
152.32.211.251 - - [30/Jan/2022:10:08:07 +0800] "GET /static/images/login_bg.jpg HTTP/1.1" 404 2818 "-" "Mozilla/5.0 (Linux; Android 8.1; EML-L29 Build/HUAWEIEML-L29; xx-xx) AppleWebKit/537.36 (KHTML, like Gecko) Version/4.0 Chrome/65.0.3325.109 Mobile Safari/537.36 (iPad; iPhone; CPU iPhone OS 13_2_3 like Mac OS X)"
152.32.211.251 - - [30/Jan/2022:10:08:08 +0800] "GET /mobile/static/js/config.js HTTP/1.1" 404 2818 "-" "Mozilla/5.0 (Linux; Android 8.1; EML-L29 Build/HUAWEIEML-L29; xx-xx) AppleWebKit/537.36 (KHTML, like Gecko) Version/4.0 Chrome/65.0.3325.109 Mobile Safari/537.36 (iPad; iPhone; CPU iPhone OS 13_2_3 like Mac OS X)"
152.32.211.251 - - [30/Jan/2022:10:08:09 +0800] "GET /template/tmp1/js/common.js HTTP/1.1" 404 2818 "-" "Mozilla/5.0 (Linux; Android 8.1; EML-L29 Build/HUAWEIEML-L29; xx-xx) AppleWebKit/537.36 (KHTML, like Gecko) Version/4.0 Chrome/65.0.3325.109 Mobile Safari/537.36 (iPad; iPhone; CPU iPhone OS 13_2_3 like Mac OS X)"
152.32.211.251 - - [30/Jan/2022:10:08:09 +0800] "GET /resources/css/headernav.css HTTP/1.1" 404 2640 "-" "Mozilla/5.0 (Linux; Android 8.1; EML-L29 Build/HUAWEIEML-L29; xx-xx) AppleWebKit/537.36 (KHTML, like Gecko) Version/4.0 Chrome/65.0.3325.109 Mobile Safari/537.36 (iPad; iPhone; CPU iPhone OS 13_2_3 like Mac OS X)"
152.32.211.251 - - [30/Jan/2022:10:08:14 +0800] "GET /static/index/css/iindex.css HTTP/1.1" 404 2640 "-" "Mozilla/5.0 (Linux; Android 8.1; EML-L29 Build/HUAWEIEML-L29; xx-xx) AppleWebKit/537.36 (KHTML, like Gecko) Version/4.0 Chrome/65.0.3325.109 Mobile Safari/537.36 (iPad; iPhone; CPU iPhone OS 13_2_3 like Mac OS X)"
152.32.211.251 - - [30/Jan/2022:10:08:15 +0800] "GET /template/js/comm/Confrim.js HTTP/1.1" 404 2818 "-" "Mozilla/5.0 (Linux; Android 8.1; EML-L29 Build/HUAWEIEML-L29; xx-xx) AppleWebKit/537.36 (KHTML, like Gecko) Version/4.0 Chrome/65.0.3325.109 Mobile Safari/537.36 (iPad; iPhone; CPU iPhone OS 13_2_3 like Mac OS X)"
152.32.211.251 - - [30/Jan/2022:10:08:16 +0800] "GET /index.php/Wap/Api/getBanner HTTP/1.1" 404 2818 "-" "Mozilla/5.0 (Linux; Android 8.1; EML-L29 Build/HUAWEIEML-L29; xx-xx) AppleWebKit/537.36 (KHTML, like Gecko) Version/4.0 Chrome/65.0.3325.109 Mobile Safari/537.36 (iPad; iPhone; CPU iPhone OS 13_2_3 like Mac OS X)"
152.32.211.251 - - [30/Jan/2022:10:08:16 +0800] "GET /static/admincp/js/common.js HTTP/1.1" 404 2818 "-" "Mozilla/5.0 (Linux; Android 8.1; EML-L29 Build/HUAWEIEML-L29; xx-xx) AppleWebKit/537.36 (KHTML, like Gecko) Version/4.0 Chrome/65.0.3325.109 Mobile Safari/537.36 (iPad; iPhone; CPU iPhone OS 13_2_3 like Mac OS X)"
