135.90.96.41 - - [24/Feb/2022:02:29:33 +0800] "GET /fonts/material-icon/fonts/Material-Design-Iconic-Font.woff2?v=2.2.0 HTTP/2" 200 38384 "https://mypriv.online/fonts/material-icon/css/material-design-iconic-font.min.css" "Mozilla/5.0 (X11; Linux x86_64) AppleWebKit/537.36 (KHTML, like Gecko) Chrome/93.0.4577.82 Safari/537.36"
135.90.96.41 - - [24/Feb/2022:02:29:33 +0800] "GET /fonts/montserrat/Montserrat-Bold.ttf HTTP/2" 200 261588 "https://mypriv.online/css/style.css" "Mozilla/5.0 (X11; Linux x86_64) AppleWebKit/537.36 (KHTML, like Gecko) Chrome/93.0.4577.82 Safari/537.36"
135.90.96.41 - - [24/Feb/2022:02:29:33 +0800] "GET /fonts/montserrat/Montserrat-Regular.ttf HTTP/2" 200 263192 "https://mypriv.online/css/style.css" "Mozilla/5.0 (X11; Linux x86_64) AppleWebKit/537.36 (KHTML, like Gecko) Chrome/93.0.4577.82 Safari/537.36"
14.192.208.50 - - [24/Feb/2022:02:31:07 +0800] "GET / HTTP/1.1" 200 0 "-" "Mozilla/5.0 (Windows NT 10.0; Win64; x64) AppleWebKit/537.36 (KHTML, like Gecko) Chrome/98.0.4758.102 Safari/537.36"
14.192.208.50 - - [24/Feb/2022:02:31:57 +0800] "GET /telegram HTTP/1.1" 200 0 "-" "Mozilla/5.0 (Windows NT 10.0; Win64; x64) AppleWebKit/537.36 (KHTML, like Gecko) Chrome/98.0.4758.102 Safari/537.36"
14.192.208.50 - - [24/Feb/2022:02:32:16 +0800] "POST /telegram/send-text HTTP/1.1" 302 0 "https://mypriv.online/telegram" "Mozilla/5.0 (Windows NT 10.0; Win64; x64) AppleWebKit/537.36 (KHTML, like Gecko) Chrome/98.0.4758.102 Safari/537.36"
14.192.208.50 - - [24/Feb/2022:02:35:47 +0800] "GET / HTTP/1.1" 200 0 "-" "Mozilla/5.0 (Windows NT 10.0; Win64; x64) AppleWebKit/537.36 (KHTML, like Gecko) Chrome/98.0.4758.102 Safari/537.36"
14.192.208.50 - - [24/Feb/2022:02:37:49 +0800] "GET / HTTP/1.1" 200 0 "-" "Mozilla/5.0 (Windows NT 10.0; Win64; x64) AppleWebKit/537.36 (KHTML, like Gecko) Chrome/98.0.4758.102 Safari/537.36"
14.192.208.50 - - [24/Feb/2022:02:37:55 +0800] "GET /assets/images/service-icon-hover-03.png HTTP/1.1" 200 0 "https://mypriv.online/assets/css/templatemo-chain-app-dev.css" "Mozilla/5.0 (Windows NT 10.0; Win64; x64) AppleWebKit/537.36 (KHTML, like Gecko) Chrome/98.0.4758.102 Safari/537.36"
14.192.208.50 - - [24/Feb/2022:02:40:53 +0800] "GET / HTTP/1.1" 200 0 "-" "Mozilla/5.0 (Windows NT 10.0; Win64; x64) AppleWebKit/537.36 (KHTML, like Gecko) Chrome/98.0.4758.102 Safari/537.36"
14.192.208.50 - - [24/Feb/2022:02:41:27 +0800] "GET / HTTP/1.1" 200 0 "-" "Mozilla/5.0 (Windows NT 10.0; Win64; x64) AppleWebKit/537.36 (KHTML, like Gecko) Chrome/98.0.4758.102 Safari/537.36"
14.192.208.50 - - [24/Feb/2022:02:42:17 +0800] "GET / HTTP/1.1" 200 0 "-" "Mozilla/5.0 (Windows NT 10.0; Win64; x64) AppleWebKit/537.36 (KHTML, like Gecko) Chrome/98.0.4758.102 Safari/537.36"
14.192.208.50 - - [24/Feb/2022:02:42:18 +0800] "GET /assets/images/mypriv-online-telegram.jpg HTTP/1.1" 200 0 "https://mypriv.online/" "Mozilla/5.0 (Windows NT 10.0; Win64; x64) AppleWebKit/537.36 (KHTML, like Gecko) Chrome/98.0.4758.102 Safari/537.36"
14.192.208.50 - - [24/Feb/2022:02:43:00 +0800] "GET / HTTP/1.1" 200 0 "-" "Mozilla/5.0 (Windows NT 10.0; Win64; x64) AppleWebKit/537.36 (KHTML, like Gecko) Chrome/98.0.4758.102 Safari/537.36"
14.192.208.50 - - [24/Feb/2022:02:44:59 +0800] "GET / HTTP/1.1" 200 0 "-" "Mozilla/5.0 (Windows NT 10.0; Win64; x64) AppleWebKit/537.36 (KHTML, like Gecko) Chrome/98.0.4758.102 Safari/537.36"
14.192.208.50 - - [24/Feb/2022:02:46:20 +0800] "GET / HTTP/1.1" 200 0 "-" "Mozilla/5.0 (Windows NT 10.0; Win64; x64) AppleWebKit/537.36 (KHTML, like Gecko) Chrome/98.0.4758.102 Safari/537.36"
14.192.208.50 - - [24/Feb/2022:02:49:56 +0800] "GET / HTTP/1.1" 200 0 "-" "Mozilla/5.0 (Windows NT 10.0; Win64; x64) AppleWebKit/537.36 (KHTML, like Gecko) Chrome/98.0.4758.102 Safari/537.36"
14.192.208.50 - - [24/Feb/2022:02:50:02 +0800] "GET /whatsapp HTTP/1.1" 200 0 "https://mypriv.online/" "Mozilla/5.0 (Windows NT 10.0; Win64; x64) AppleWebKit/537.36 (KHTML, like Gecko) Chrome/98.0.4758.102 Safari/537.36"
14.192.208.50 - - [24/Feb/2022:02:50:37 +0800] "GET / HTTP/1.1" 200 0 "-" "Mozilla/5.0 (Windows NT 10.0; Win64; x64) AppleWebKit/537.36 (KHTML, like Gecko) Chrome/98.0.4758.102 Safari/537.36"
14.192.208.50 - - [24/Feb/2022:02:51:59 +0800] "GET / HTTP/1.1" 200 0 "-" "Mozilla/5.0 (Windows NT 10.0; Win64; x64) AppleWebKit/537.36 (KHTML, like Gecko) Chrome/98.0.4758.102 Safari/537.36"
14.192.208.50 - - [24/Feb/2022:02:52:56 +0800] "GET / HTTP/1.1" 200 0 "-" "Mozilla/5.0 (Windows NT 10.0; Win64; x64) AppleWebKit/537.36 (KHTML, like Gecko) Chrome/98.0.4758.102 Safari/537.36"
14.192.208.50 - - [24/Feb/2022:02:53:04 +0800] "GET /telegram HTTP/1.1" 200 0 "https://mypriv.online/" "Mozilla/5.0 (Windows NT 10.0; Win64; x64) AppleWebKit/537.36 (KHTML, like Gecko) Chrome/98.0.4758.102 Safari/537.36"
14.192.208.50 - - [24/Feb/2022:02:54:06 +0800] "GET / HTTP/1.1" 200 0 "-" "Mozilla/5.0 (Windows NT 10.0; Win64; x64) AppleWebKit/537.36 (KHTML, like Gecko) Chrome/98.0.4758.102 Safari/537.36"
14.192.208.50 - - [24/Feb/2022:02:55:52 +0800] "GET / HTTP/1.1" 200 0 "-" "Mozilla/5.0 (Windows NT 10.0; Win64; x64) AppleWebKit/537.36 (KHTML, like Gecko) Chrome/98.0.4758.102 Safari/537.36"
14.192.208.50 - - [24/Feb/2022:02:56:02 +0800] "GET /whatsapp HTTP/1.1" 200 0 "https://mypriv.online/" "Mozilla/5.0 (Windows NT 10.0; Win64; x64) AppleWebKit/537.36 (KHTML, like Gecko) Chrome/98.0.4758.102 Safari/537.36"
14.192.208.50 - - [24/Feb/2022:02:59:20 +0800] "POST /whatsapp/send-text HTTP/1.1" 200 0 "https://mypriv.online/whatsapp" "Mozilla/5.0 (Windows NT 10.0; Win64; x64) AppleWebKit/537.36 (KHTML, like Gecko) Chrome/98.0.4758.102 Safari/537.36"
54.87.183.102 - - [24/Feb/2022:02:59:23 +0800] "POST /whatsapp-status HTTP/1.1" 404 7032 "-" "TwilioProxy/1.1"
34.201.134.43 - - [24/Feb/2022:03:03:58 +0800] "POST /whatsapp-status HTTP/1.1" 404 7032 "-" "TwilioProxy/1.1"
100.24.45.192 - - [24/Feb/2022:03:04:03 +0800] "POST /whatsapp-status HTTP/1.1" 404 7032 "-" "TwilioProxy/1.1"
14.192.208.50 - - [24/Feb/2022:03:09:55 +0800] "GET / HTTP/1.1" 200 0 "-" "Mozilla/5.0 (Windows NT 10.0; Win64; x64) AppleWebKit/537.36 (KHTML, like Gecko) Chrome/98.0.4758.102 Safari/537.36"
14.192.208.50 - - [24/Feb/2022:03:10:09 +0800] "GET /telegram HTTP/1.1" 200 0 "https://mypriv.online/" "Mozilla/5.0 (Windows NT 10.0; Win64; x64) AppleWebKit/537.36 (KHTML, like Gecko) Chrome/98.0.4758.102 Safari/537.36"
14.192.208.50 - - [24/Feb/2022:03:11:56 +0800] "POST /telegram/send-text HTTP/1.1" 302 0 "https://mypriv.online/telegram" "Mozilla/5.0 (Windows NT 10.0; Win64; x64) AppleWebKit/537.36 (KHTML, like Gecko) Chrome/98.0.4758.102 Safari/537.36"
14.192.208.50 - - [24/Feb/2022:03:24:39 +0800] "GET /telegram HTTP/1.1" 200 0 "https://mypriv.online/" "Mozilla/5.0 (Windows NT 10.0; Win64; x64) AppleWebKit/537.36 (KHTML, like Gecko) Chrome/98.0.4758.102 Safari/537.36"
14.192.208.50 - - [24/Feb/2022:03:26:17 +0800] "POST /telegram/send-text HTTP/1.1" 302 0 "https://mypriv.online/telegram" "Mozilla/5.0 (Windows NT 10.0; Win64; x64) AppleWebKit/537.36 (KHTML, like Gecko) Chrome/98.0.4758.102 Safari/537.36"
58.33.94.134 - - [24/Feb/2022:03:40:34 +0800] "GET / HTTP/1.1" 200 6728 "-" "Mozilla/5.0 (Linux; Android 6.0; Nexus 5 Build/MRA58N) AppleWebKit/537.36 (KHTML, like Gecko) Chrome/83.0.4103.116 Mobile Safari/537.36"
14.192.208.50 - - [24/Feb/2022:03:47:27 +0800] "GET /telegram/curl-test HTTP/1.1" 500 0 "-" "Mozilla/5.0 (Windows NT 10.0; Win64; x64) AppleWebKit/537.36 (KHTML, like Gecko) Chrome/98.0.4758.102 Safari/537.36"
14.192.208.50 - - [24/Feb/2022:03:48:10 +0800] "GET /telegram/curl-test HTTP/1.1" 200 0 "-" "Mozilla/5.0 (Windows NT 10.0; Win64; x64) AppleWebKit/537.36 (KHTML, like Gecko) Chrome/98.0.4758.102 Safari/537.36"
14.192.208.50 - - [24/Feb/2022:03:48:31 +0800] "GET /telegram/curl-test HTTP/1.1" 200 0 "-" "Mozilla/5.0 (Windows NT 10.0; Win64; x64) AppleWebKit/537.36 (KHTML, like Gecko) Chrome/98.0.4758.102 Safari/537.36"
14.192.208.50 - - [24/Feb/2022:04:07:48 +0800] "GET /telegram/curl-telegram HTTP/1.1" 500 0 "-" "Mozilla/5.0 (Windows NT 10.0; Win64; x64) AppleWebKit/537.36 (KHTML, like Gecko) Chrome/98.0.4758.102 Safari/537.36"
14.192.208.50 - - [24/Feb/2022:04:08:18 +0800] "GET /telegram/curl-telegram HTTP/1.1" 200 0 "-" "Mozilla/5.0 (Windows NT 10.0; Win64; x64) AppleWebKit/537.36 (KHTML, like Gecko) Chrome/98.0.4758.102 Safari/537.36"
14.192.208.50 - - [24/Feb/2022:04:08:25 +0800] "GET /telegram/curl-telegram HTTP/1.1" 200 0 "-" "Mozilla/5.0 (Windows NT 10.0; Win64; x64) AppleWebKit/537.36 (KHTML, like Gecko) Chrome/98.0.4758.102 Safari/537.36"
14.192.208.50 - - [24/Feb/2022:04:08:55 +0800] "GET /telegram/curl-test HTTP/1.1" 200 0 "-" "Mozilla/5.0 (Windows NT 10.0; Win64; x64) AppleWebKit/537.36 (KHTML, like Gecko) Chrome/98.0.4758.102 Safari/537.36"
14.192.208.50 - - [24/Feb/2022:04:12:38 +0800] "GET /telegram HTTP/1.1" 200 0 "https://mypriv.online/" "Mozilla/5.0 (Windows NT 10.0; Win64; x64) AppleWebKit/537.36 (KHTML, like Gecko) Chrome/98.0.4758.102 Safari/537.36"
14.192.208.50 - - [24/Feb/2022:04:14:08 +0800] "POST /telegram/send-text HTTP/1.1" 302 0 "https://mypriv.online/telegram" "Mozilla/5.0 (Windows NT 10.0; Win64; x64) AppleWebKit/537.36 (KHTML, like Gecko) Chrome/98.0.4758.102 Safari/537.36"
115.164.206.222 - - [24/Feb/2022:04:27:43 +0800] "GET /favicon.ico HTTP/1.1" 304 0 "https://mypriv.online/telegram" "Mozilla/5.0 (Windows NT 10.0; Win64; x64) AppleWebKit/537.36 (KHTML, like Gecko) Chrome/98.0.4758.102 Safari/537.36"
115.164.206.222 - - [24/Feb/2022:04:27:50 +0800] "GET /telegram/curl-telegram HTTP/1.1" 200 0 "-" "Mozilla/5.0 (Windows NT 10.0; Win64; x64) AppleWebKit/537.36 (KHTML, like Gecko) Chrome/98.0.4758.102 Safari/537.36"
115.164.206.222 - - [24/Feb/2022:04:28:48 +0800] "GET /telegram/curl-telegram HTTP/1.1" 200 0 "-" "Mozilla/5.0 (Windows NT 10.0; Win64; x64) AppleWebKit/537.36 (KHTML, like Gecko) Chrome/98.0.4758.102 Safari/537.36"
115.164.206.222 - - [24/Feb/2022:04:40:28 +0800] "GET /telegram/curl-telegram HTTP/1.1" 200 0 "-" "Mozilla/5.0 (Windows NT 10.0; Win64; x64) AppleWebKit/537.36 (KHTML, like Gecko) Chrome/98.0.4758.102 Safari/537.36"
115.164.206.222 - - [24/Feb/2022:04:43:17 +0800] "GET /telegram/curl-telegram HTTP/1.1" 200 0 "-" "Mozilla/5.0 (Windows NT 10.0; Win64; x64) AppleWebKit/537.36 (KHTML, like Gecko) Chrome/98.0.4758.102 Safari/537.36"
115.164.206.222 - - [24/Feb/2022:04:46:25 +0800] "GET / HTTP/1.1" 200 0 "-" "Mozilla/5.0 (Windows NT 10.0; Win64; x64) AppleWebKit/537.36 (KHTML, like Gecko) Chrome/98.0.4758.102 Safari/537.36"
115.164.206.222 - - [24/Feb/2022:04:46:28 +0800] "GET /telegram HTTP/1.1" 200 0 "https://mypriv.online/" "Mozilla/5.0 (Windows NT 10.0; Win64; x64) AppleWebKit/537.36 (KHTML, like Gecko) Chrome/98.0.4758.102 Safari/537.36"
115.164.206.222 - - [24/Feb/2022:04:46:58 +0800] "POST /telegram/curl-telegram HTTP/1.1" 200 0 "https://mypriv.online/telegram" "Mozilla/5.0 (Windows NT 10.0; Win64; x64) AppleWebKit/537.36 (KHTML, like Gecko) Chrome/98.0.4758.102 Safari/537.36"
115.164.206.222 - - [24/Feb/2022:04:49:18 +0800] "GET / HTTP/1.1" 200 0 "-" "Mozilla/5.0 (Windows NT 10.0; Win64; x64) AppleWebKit/537.36 (KHTML, like Gecko) Chrome/98.0.4758.102 Safari/537.36"
115.164.206.222 - - [24/Feb/2022:04:49:32 +0800] "GET /telegram HTTP/1.1" 200 0 "https://mypriv.online/" "Mozilla/5.0 (Windows NT 10.0; Win64; x64) AppleWebKit/537.36 (KHTML, like Gecko) Chrome/98.0.4758.102 Safari/537.36"
115.164.206.222 - - [24/Feb/2022:04:50:43 +0800] "POST /telegram/curl-telegram HTTP/1.1" 200 0 "https://mypriv.online/telegram" "Mozilla/5.0 (Windows NT 10.0; Win64; x64) AppleWebKit/537.36 (KHTML, like Gecko) Chrome/98.0.4758.102 Safari/537.36"
14.192.208.50 - - [24/Feb/2022:06:05:51 +0800] "GET / HTTP/1.1" 200 0 "-" "Mozilla/5.0 (Windows NT 10.0; Win64; x64) AppleWebKit/537.36 (KHTML, like Gecko) Chrome/98.0.4758.102 Safari/537.36"
14.192.208.50 - - [24/Feb/2022:06:06:01 +0800] "GET /telegram HTTP/1.1" 200 0 "https://mypriv.online/" "Mozilla/5.0 (Windows NT 10.0; Win64; x64) AppleWebKit/537.36 (KHTML, like Gecko) Chrome/98.0.4758.102 Safari/537.36"
14.192.208.50 - - [24/Feb/2022:06:06:49 +0800] "GET / HTTP/1.1" 200 0 "-" "Mozilla/5.0 (Windows NT 10.0; Win64; x64) AppleWebKit/537.36 (KHTML, like Gecko) Chrome/98.0.4758.102 Safari/537.36"
14.192.208.50 - - [24/Feb/2022:06:06:59 +0800] "GET /telegram HTTP/1.1" 200 0 "https://mypriv.online/" "Mozilla/5.0 (Windows NT 10.0; Win64; x64) AppleWebKit/537.36 (KHTML, like Gecko) Chrome/98.0.4758.102 Safari/537.36"
14.192.208.50 - - [24/Feb/2022:06:07:36 +0800] "GET / HTTP/1.1" 200 0 "-" "Mozilla/5.0 (Windows NT 10.0; Win64; x64) AppleWebKit/537.36 (KHTML, like Gecko) Chrome/98.0.4758.102 Safari/537.36"
14.192.208.50 - - [24/Feb/2022:06:07:48 +0800] "GET /telegram HTTP/1.1" 200 0 "https://mypriv.online/" "Mozilla/5.0 (Windows NT 10.0; Win64; x64) AppleWebKit/537.36 (KHTML, like Gecko) Chrome/98.0.4758.102 Safari/537.36"
14.192.208.50 - - [24/Feb/2022:06:08:31 +0800] "GET / HTTP/1.1" 200 0 "-" "Mozilla/5.0 (Windows NT 10.0; Win64; x64) AppleWebKit/537.36 (KHTML, like Gecko) Chrome/98.0.4758.102 Safari/537.36"
14.192.208.50 - - [24/Feb/2022:06:09:01 +0800] "GET / HTTP/1.1" 200 0 "-" "Mozilla/5.0 (Windows NT 10.0; Win64; x64) AppleWebKit/537.36 (KHTML, like Gecko) Chrome/98.0.4758.102 Safari/537.36"
14.192.208.50 - - [24/Feb/2022:06:10:18 +0800] "GET / HTTP/1.1" 200 0 "-" "Mozilla/5.0 (Windows NT 10.0; Win64; x64) AppleWebKit/537.36 (KHTML, like Gecko) Chrome/98.0.4758.102 Safari/537.36"
14.192.208.50 - - [24/Feb/2022:06:10:59 +0800] "GET /whatsapp HTTP/1.1" 200 0 "https://mypriv.online/" "Mozilla/5.0 (Windows NT 10.0; Win64; x64) AppleWebKit/537.36 (KHTML, like Gecko) Chrome/98.0.4758.102 Safari/537.36"
14.192.208.50 - - [24/Feb/2022:06:10:59 +0800] "GET /images/whatsapp100.png HTTP/1.1" 200 0 "https://mypriv.online/whatsapp" "Mozilla/5.0 (Windows NT 10.0; Win64; x64) AppleWebKit/537.36 (KHTML, like Gecko) Chrome/98.0.4758.102 Safari/537.36"
14.192.208.50 - - [24/Feb/2022:06:14:05 +0800] "GET / HTTP/1.1" 200 0 "-" "Mozilla/5.0 (Windows NT 10.0; Win64; x64) AppleWebKit/537.36 (KHTML, like Gecko) Chrome/98.0.4758.102 Safari/537.36"
14.192.208.50 - - [24/Feb/2022:06:14:26 +0800] "GET /whatsapp HTTP/1.1" 200 0 "https://mypriv.online/" "Mozilla/5.0 (Windows NT 10.0; Win64; x64) AppleWebKit/537.36 (KHTML, like Gecko) Chrome/98.0.4758.102 Safari/537.36"
14.192.208.50 - - [24/Feb/2022:06:19:32 +0800] "GET /whatsapp HTTP/1.1" 200 0 "https://mypriv.online/" "Mozilla/5.0 (Windows NT 10.0; Win64; x64) AppleWebKit/537.36 (KHTML, like Gecko) Chrome/98.0.4758.102 Safari/537.36"
120.35.11.210 - - [24/Feb/2022:06:31:09 +0800] "GET / HTTP/1.1" 200 6728 "-" "Mozilla/5.0 (Linux; Android 6.0; Nexus 5 Build/MRA58N) AppleWebKit/537.36 (KHTML, like Gecko) Chrome/83.0.4103.116 Mobile Safari/537.36"
14.192.208.50 - - [24/Feb/2022:06:39:19 +0800] "GET / HTTP/1.1" 200 0 "-" "Mozilla/5.0 (Windows NT 10.0; Win64; x64) AppleWebKit/537.36 (KHTML, like Gecko) Chrome/98.0.4758.102 Safari/537.36"
14.192.208.50 - - [24/Feb/2022:06:39:28 +0800] "GET /whatsapp HTTP/1.1" 200 0 "https://mypriv.online/" "Mozilla/5.0 (Windows NT 10.0; Win64; x64) AppleWebKit/537.36 (KHTML, like Gecko) Chrome/98.0.4758.102 Safari/537.36"
208.109.66.54 - - [24/Feb/2022:13:17:15 +0800] "GET /wp-login.php HTTP/1.1" 404 2747 "http://mypriv.online/wp-login.php" "Mozilla/5.0 (X11; Ubuntu; Linux x86_64; rv:62.0) Gecko/20100101 Firefox/62.0"
13.57.200.250 - - [24/Feb/2022:14:42:18 +0800] "GET / HTTP/1.1" 200 31977 "-" "Mozilla/5.0 (Macintosh; Intel Mac OS X 10_10_1) AppleWebKit/537.36 (KHTML, like Gecko) Chrome/40.0.2214.93 Safari/537.36"
14.192.208.50 - - [24/Feb/2022:14:44:32 +0800] "GET / HTTP/1.1" 200 0 "-" "Mozilla/5.0 (Windows NT 10.0; Win64; x64) AppleWebKit/537.36 (KHTML, like Gecko) Chrome/98.0.4758.102 Safari/537.36"
14.192.208.50 - - [24/Feb/2022:14:44:48 +0800] "GET /whatsapp HTTP/1.1" 200 0 "https://mypriv.online/" "Mozilla/5.0 (Windows NT 10.0; Win64; x64) AppleWebKit/537.36 (KHTML, like Gecko) Chrome/98.0.4758.102 Safari/537.36"
14.192.208.50 - - [24/Feb/2022:14:46:19 +0800] "POST /whatsapp/send-text HTTP/1.1" 200 0 "https://mypriv.online/whatsapp" "Mozilla/5.0 (Windows NT 10.0; Win64; x64) AppleWebKit/537.36 (KHTML, like Gecko) Chrome/98.0.4758.102 Safari/537.36"
3.93.56.56 - - [24/Feb/2022:14:46:25 +0800] "POST /whatsapp-status HTTP/1.1" 404 7032 "-" "TwilioProxy/1.1"
107.23.194.158 - - [24/Feb/2022:14:46:25 +0800] "POST /whatsapp-status HTTP/1.1" 404 7032 "-" "TwilioProxy/1.1"
14.192.208.50 - - [24/Feb/2022:14:49:58 +0800] "GET / HTTP/1.1" 200 0 "-" "Mozilla/5.0 (Windows NT 10.0; Win64; x64) AppleWebKit/537.36 (KHTML, like Gecko) Chrome/98.0.4758.102 Safari/537.36"
14.192.208.50 - - [24/Feb/2022:14:50:05 +0800] "GET /whatsapp HTTP/1.1" 200 0 "https://mypriv.online/" "Mozilla/5.0 (Windows NT 10.0; Win64; x64) AppleWebKit/537.36 (KHTML, like Gecko) Chrome/98.0.4758.102 Safari/537.36"
14.192.208.50 - - [24/Feb/2022:14:51:03 +0800] "POST /whatsapp/send-text HTTP/1.1" 200 0 "https://mypriv.online/whatsapp" "Mozilla/5.0 (Windows NT 10.0; Win64; x64) AppleWebKit/537.36 (KHTML, like Gecko) Chrome/98.0.4758.102 Safari/537.36"
3.93.56.56 - - [24/Feb/2022:14:51:07 +0800] "POST /whatsapp-status HTTP/1.1" 404 7032 "-" "TwilioProxy/1.1"
3.90.205.43 - - [24/Feb/2022:14:51:08 +0800] "POST /whatsapp-status HTTP/1.1" 404 7032 "-" "TwilioProxy/1.1"
54.196.101.58 - - [24/Feb/2022:14:52:09 +0800] "POST /whatsapp-status HTTP/1.1" 404 7032 "-" "TwilioProxy/1.1"
107.21.82.64 - - [24/Feb/2022:14:52:10 +0800] "POST /whatsapp-status HTTP/1.1" 404 7032 "-" "TwilioProxy/1.1"
3.94.81.12 - - [24/Feb/2022:14:52:10 +0800] "POST /whatsapp-status HTTP/1.1" 404 7032 "-" "TwilioProxy/1.1"
120.35.11.210 - - [24/Feb/2022:15:12:01 +0800] "GET / HTTP/1.1" 200 6728 "-" "Mozilla/5.0 (Linux; Android 6.0; Nexus 5 Build/MRA58N) AppleWebKit/537.36 (KHTML, like Gecko) Chrome/83.0.4103.116 Mobile Safari/537.36"
111.31.13.158 - - [24/Feb/2022:18:29:00 +0800] "GET / HTTP/1.1" 200 6728 "-" "Mozilla/5.0 (Linux; Android 6.0; Nexus 5 Build/MRA58N) AppleWebKit/537.36 (KHTML, like Gecko) Chrome/83.0.4103.116 Mobile Safari/537.36"
14.192.208.50 - - [24/Feb/2022:22:22:16 +0800] "GET / HTTP/2" 200 4450 "-" "Mozilla/5.0 (Windows NT 10.0; Win64; x64) AppleWebKit/537.36 (KHTML, like Gecko) Chrome/98.0.4758.102 Safari/537.36"
14.192.208.50 - - [24/Feb/2022:22:22:23 +0800] "GET /whatsapp HTTP/1.1" 200 0 "https://mypriv.online/" "Mozilla/5.0 (Windows NT 10.0; Win64; x64) AppleWebKit/537.36 (KHTML, like Gecko) Chrome/98.0.4758.102 Safari/537.36"
14.192.208.50 - - [24/Feb/2022:22:22:44 +0800] "POST /whatsapp/send-text HTTP/1.1" 200 0 "https://mypriv.online/whatsapp" "Mozilla/5.0 (Windows NT 10.0; Win64; x64) AppleWebKit/537.36 (KHTML, like Gecko) Chrome/98.0.4758.102 Safari/537.36"
44.201.124.146 - - [24/Feb/2022:22:22:47 +0800] "POST /whatsapp-status HTTP/1.1" 404 7032 "-" "TwilioProxy/1.1"
3.82.114.54 - - [24/Feb/2022:22:22:49 +0800] "POST /whatsapp-status HTTP/1.1" 404 7032 "-" "TwilioProxy/1.1"
44.202.249.180 - - [24/Feb/2022:22:22:49 +0800] "POST /whatsapp-status HTTP/1.1" 404 7032 "-" "TwilioProxy/1.1"
14.192.208.50 - - [24/Feb/2022:22:23:49 +0800] "GET /whatsapp HTTP/1.1" 200 0 "https://mypriv.online/" "Mozilla/5.0 (Windows NT 10.0; Win64; x64) AppleWebKit/537.36 (KHTML, like Gecko) Chrome/98.0.4758.102 Safari/537.36"
14.192.208.50 - - [24/Feb/2022:22:28:19 +0800] "POST /whatsapp/send-text HTTP/1.1" 200 0 "https://mypriv.online/whatsapp" "Mozilla/5.0 (Windows NT 10.0; Win64; x64) AppleWebKit/537.36 (KHTML, like Gecko) Chrome/98.0.4758.102 Safari/537.36"
3.83.1.152 - - [24/Feb/2022:22:28:22 +0800] "POST /whatsapp-status HTTP/1.1" 404 7032 "-" "TwilioProxy/1.1"
18.206.154.183 - - [24/Feb/2022:22:28:24 +0800] "POST /whatsapp-status HTTP/1.1" 404 7032 "-" "TwilioProxy/1.1"
3.93.232.170 - - [24/Feb/2022:22:28:46 +0800] "POST /whatsapp-status HTTP/1.1" 404 7032 "-" "TwilioProxy/1.1"
54.177.216.72 - - [24/Feb/2022:22:55:21 +0800] "GET / HTTP/1.1" 200 31977 "-" "Mozilla/5.0 (Macintosh; Intel Mac OS X 10_10_1) AppleWebKit/537.36 (KHTML, like Gecko) Chrome/40.0.2214.93 Safari/537.36"
14.192.208.50 - - [24/Feb/2022:23:11:38 +0800] "GET / HTTP/1.1" 200 0 "-" "Mozilla/5.0 (Windows NT 10.0; Win64; x64) AppleWebKit/537.36 (KHTML, like Gecko) Chrome/98.0.4758.102 Safari/537.36"
14.192.208.50 - - [24/Feb/2022:23:11:50 +0800] "GET /whatsapp HTTP/1.1" 200 0 "https://mypriv.online/" "Mozilla/5.0 (Windows NT 10.0; Win64; x64) AppleWebKit/537.36 (KHTML, like Gecko) Chrome/98.0.4758.102 Safari/537.36"
14.192.208.50 - - [24/Feb/2022:23:12:04 +0800] "POST /whatsapp/send-text HTTP/1.1" 200 0 "https://mypriv.online/whatsapp" "Mozilla/5.0 (Windows NT 10.0; Win64; x64) AppleWebKit/537.36 (KHTML, like Gecko) Chrome/98.0.4758.102 Safari/537.36"
35.153.100.110 - - [24/Feb/2022:23:12:07 +0800] "POST /whatsapp-status HTTP/1.1" 404 7032 "-" "TwilioProxy/1.1"
54.87.218.201 - - [24/Feb/2022:23:12:09 +0800] "POST /whatsapp-status HTTP/1.1" 404 7032 "-" "TwilioProxy/1.1"
34.230.27.104 - - [24/Feb/2022:23:12:17 +0800] "POST /whatsapp-status HTTP/1.1" 404 7032 "-" "TwilioProxy/1.1"
14.192.208.50 - - [25/Feb/2022:01:24:53 +0800] "GET / HTTP/2" 200 4450 "-" "Mozilla/5.0 (Windows NT 10.0; Win64; x64) AppleWebKit/537.36 (KHTML, like Gecko) Chrome/98.0.4758.102 Safari/537.36"
14.192.208.50 - - [25/Feb/2022:01:24:56 +0800] "GET /favicon.ico HTTP/1.1" 304 0 "https://mypriv.online/" "Mozilla/5.0 (Windows NT 10.0; Win64; x64) AppleWebKit/537.36 (KHTML, like Gecko) Chrome/98.0.4758.102 Safari/537.36"
14.192.208.50 - - [25/Feb/2022:01:25:12 +0800] "GET /whatsapp HTTP/1.1" 200 0 "https://mypriv.online/" "Mozilla/5.0 (Windows NT 10.0; Win64; x64) AppleWebKit/537.36 (KHTML, like Gecko) Chrome/98.0.4758.102 Safari/537.36"
14.192.208.50 - - [25/Feb/2022:01:25:33 +0800] "POST /whatsapp/send-text HTTP/1.1" 200 0 "https://mypriv.online/whatsapp" "Mozilla/5.0 (Windows NT 10.0; Win64; x64) AppleWebKit/537.36 (KHTML, like Gecko) Chrome/98.0.4758.102 Safari/537.36"
54.81.41.97 - - [25/Feb/2022:01:25:36 +0800] "POST /whatsapp-status HTTP/1.1" 404 7032 "-" "TwilioProxy/1.1"
54.224.47.138 - - [25/Feb/2022:01:25:41 +0800] "POST /whatsapp-status HTTP/1.1" 404 7032 "-" "TwilioProxy/1.1"
3.94.81.12 - - [25/Feb/2022:01:25:54 +0800] "POST /whatsapp-status HTTP/1.1" 404 7032 "-" "TwilioProxy/1.1"
14.192.208.50 - - [25/Feb/2022:01:26:30 +0800] "GET /telegram HTTP/1.1" 200 0 "https://mypriv.online/" "Mozilla/5.0 (Windows NT 10.0; Win64; x64) AppleWebKit/537.36 (KHTML, like Gecko) Chrome/98.0.4758.102 Safari/537.36"
14.192.208.50 - - [25/Feb/2022:01:27:03 +0800] "POST /telegram/curl-telegram HTTP/1.1" 200 0 "https://mypriv.online/telegram" "Mozilla/5.0 (Windows NT 10.0; Win64; x64) AppleWebKit/537.36 (KHTML, like Gecko) Chrome/98.0.4758.102 Safari/537.36"
14.192.208.50 - - [25/Feb/2022:03:49:33 +0800] "GET / HTTP/2" 500 185388 "-" "Mozilla/5.0 (Windows NT 10.0; Win64; x64) AppleWebKit/537.36 (KHTML, like Gecko) Chrome/98.0.4758.102 Safari/537.36"
14.192.208.50 - - [25/Feb/2022:03:49:36 +0800] "GET /favicon.ico HTTP/1.1" 200 0 "https://www.mypriv.online/" "Mozilla/5.0 (Windows NT 10.0; Win64; x64) AppleWebKit/537.36 (KHTML, like Gecko) Chrome/98.0.4758.102 Safari/537.36"
52.50.166.246 - - [25/Feb/2022:03:53:08 +0800] "GET / HTTP/2" 200 4450 "-" "Mozilla/5.0 (X11; Linux x86_64) AppleWebKit/537.36 (KHTML, like Gecko) HeadlessChrome/78.0.3882.0 Safari/537.36"
52.50.166.246 - - [25/Feb/2022:03:53:09 +0800] "GET /vendor/bootstrap/css/bootstrap.min.css HTTP/2" 200 21225 "https://mypriv.online/" "Mozilla/5.0 (X11; Linux x86_64) AppleWebKit/537.36 (KHTML, like Gecko) HeadlessChrome/78.0.3882.0 Safari/537.36"
52.50.166.246 - - [25/Feb/2022:03:53:09 +0800] "GET /assets/css/owl.css HTTP/2" 200 1240 "https://mypriv.online/" "Mozilla/5.0 (X11; Linux x86_64) AppleWebKit/537.36 (KHTML, like Gecko) HeadlessChrome/78.0.3882.0 Safari/537.36"
52.50.166.246 - - [25/Feb/2022:03:53:09 +0800] "GET /assets/css/animated.css HTTP/2" 200 3809 "https://mypriv.online/" "Mozilla/5.0 (X11; Linux x86_64) AppleWebKit/537.36 (KHTML, like Gecko) HeadlessChrome/78.0.3882.0 Safari/537.36"
52.50.166.246 - - [25/Feb/2022:03:53:09 +0800] "GET /assets/images/heading-line-dec.png HTTP/2" 200 963 "https://mypriv.online/" "Mozilla/5.0 (X11; Linux x86_64) AppleWebKit/537.36 (KHTML, like Gecko) HeadlessChrome/78.0.3882.0 Safari/537.36"
52.50.166.246 - - [25/Feb/2022:03:53:09 +0800] "GET /assets/css/mypriv.css HTTP/2" 200 134 "https://mypriv.online/" "Mozilla/5.0 (X11; Linux x86_64) AppleWebKit/537.36 (KHTML, like Gecko) HeadlessChrome/78.0.3882.0 Safari/537.36"
52.50.166.246 - - [25/Feb/2022:03:53:09 +0800] "GET /assets/css/templatemo-chain-app-dev.css HTTP/2" 200 6573 "https://mypriv.online/" "Mozilla/5.0 (X11; Linux x86_64) AppleWebKit/537.36 (KHTML, like Gecko) HeadlessChrome/78.0.3882.0 Safari/537.36"
52.50.166.246 - - [25/Feb/2022:03:53:09 +0800] "GET /vendor/jquery/jquery.min.js HTTP/2" 200 29665 "https://mypriv.online/" "Mozilla/5.0 (X11; Linux x86_64) AppleWebKit/537.36 (KHTML, like Gecko) HeadlessChrome/78.0.3882.0 Safari/537.36"
52.50.166.246 - - [25/Feb/2022:03:53:09 +0800] "GET /vendor/bootstrap/js/bootstrap.bundle.min.js HTTP/2" 200 22192 "https://mypriv.online/" "Mozilla/5.0 (X11; Linux x86_64) AppleWebKit/537.36 (KHTML, like Gecko) HeadlessChrome/78.0.3882.0 Safari/537.36"
52.50.166.246 - - [25/Feb/2022:03:53:09 +0800] "GET /assets/js/owl-carousel.js HTTP/2" 200 19365 "https://mypriv.online/" "Mozilla/5.0 (X11; Linux x86_64) AppleWebKit/537.36 (KHTML, like Gecko) HeadlessChrome/78.0.3882.0 Safari/537.36"
52.50.166.246 - - [25/Feb/2022:03:53:09 +0800] "GET /assets/images/slider-dec.png HTTP/2" 200 177096 "https://mypriv.online/" "Mozilla/5.0 (X11; Linux x86_64) AppleWebKit/537.36 (KHTML, like Gecko) HeadlessChrome/78.0.3882.0 Safari/537.36"
52.50.166.246 - - [25/Feb/2022:03:53:09 +0800] "GET /assets/js/animation.js HTTP/2" 200 1404 "https://mypriv.online/" "Mozilla/5.0 (X11; Linux x86_64) AppleWebKit/537.36 (KHTML, like Gecko) HeadlessChrome/78.0.3882.0 Safari/537.36"
52.50.166.246 - - [25/Feb/2022:03:53:09 +0800] "GET /assets/js/imagesloaded.js HTTP/2" 200 3366 "https://mypriv.online/" "Mozilla/5.0 (X11; Linux x86_64) AppleWebKit/537.36 (KHTML, like Gecko) HeadlessChrome/78.0.3882.0 Safari/537.36"
52.50.166.246 - - [25/Feb/2022:03:53:09 +0800] "GET /assets/js/custom.js HTTP/2" 200 1370 "https://mypriv.online/" "Mozilla/5.0 (X11; Linux x86_64) AppleWebKit/537.36 (KHTML, like Gecko) HeadlessChrome/78.0.3882.0 Safari/537.36"
52.50.166.246 - - [25/Feb/2022:03:53:09 +0800] "GET /assets/js/popup.js HTTP/2" 200 437 "https://mypriv.online/" "Mozilla/5.0 (X11; Linux x86_64) AppleWebKit/537.36 (KHTML, like Gecko) HeadlessChrome/78.0.3882.0 Safari/537.36"
52.50.166.246 - - [25/Feb/2022:03:53:09 +0800] "GET /assets/images/quote.png HTTP/2" 200 2148 "https://mypriv.online/" "Mozilla/5.0 (X11; Linux x86_64) AppleWebKit/537.36 (KHTML, like Gecko) HeadlessChrome/78.0.3882.0 Safari/537.36"
52.50.166.246 - - [25/Feb/2022:03:53:09 +0800] "GET /assets/images/pricing-table-01.png HTTP/2" 200 8564 "https://mypriv.online/" "Mozilla/5.0 (X11; Linux x86_64) AppleWebKit/537.36 (KHTML, like Gecko) HeadlessChrome/78.0.3882.0 Safari/537.36"
52.50.166.246 - - [25/Feb/2022:03:53:09 +0800] "GET /assets/images/mypriv-online-telegram.jpg HTTP/2" 200 50605 "https://mypriv.online/" "Mozilla/5.0 (X11; Linux x86_64) AppleWebKit/537.36 (KHTML, like Gecko) HeadlessChrome/78.0.3882.0 Safari/537.36"
52.50.166.246 - - [25/Feb/2022:03:53:09 +0800] "GET /assets/images/white-logo.png HTTP/2" 200 2891 "https://mypriv.online/" "Mozilla/5.0 (X11; Linux x86_64) AppleWebKit/537.36 (KHTML, like Gecko) HeadlessChrome/78.0.3882.0 Safari/537.36"
52.50.166.246 - - [25/Feb/2022:03:53:09 +0800] "GET /assets/images/client-image.jpg HTTP/2" 200 5802 "https://mypriv.online/" "Mozilla/5.0 (X11; Linux x86_64) AppleWebKit/537.36 (KHTML, like Gecko) HeadlessChrome/78.0.3882.0 Safari/537.36"
52.50.166.246 - - [25/Feb/2022:03:53:09 +0800] "GET /assets/images/slider-left-dec.png HTTP/2" 200 58966 "https://mypriv.online/assets/css/templatemo-chain-app-dev.css" "Mozilla/5.0 (X11; Linux x86_64) AppleWebKit/537.36 (KHTML, like Gecko) HeadlessChrome/78.0.3882.0 Safari/537.36"
52.50.166.246 - - [25/Feb/2022:03:53:09 +0800] "GET /assets/images/services-left-dec.png HTTP/2" 200 6519 "https://mypriv.online/assets/css/templatemo-chain-app-dev.css" "Mozilla/5.0 (X11; Linux x86_64) AppleWebKit/537.36 (KHTML, like Gecko) HeadlessChrome/78.0.3882.0 Safari/537.36"
52.50.166.246 - - [25/Feb/2022:03:53:09 +0800] "GET /assets/images/services-right-dec.png HTTP/2" 200 6315 "https://mypriv.online/assets/css/templatemo-chain-app-dev.css" "Mozilla/5.0 (X11; Linux x86_64) AppleWebKit/537.36 (KHTML, like Gecko) HeadlessChrome/78.0.3882.0 Safari/537.36"
52.50.166.246 - - [25/Feb/2022:03:53:09 +0800] "GET /assets/images/mypriv-online-whatsapp.jpg HTTP/2" 200 52244 "https://mypriv.online/" "Mozilla/5.0 (X11; Linux x86_64) AppleWebKit/537.36 (KHTML, like Gecko) HeadlessChrome/78.0.3882.0 Safari/537.36"
52.50.166.246 - - [25/Feb/2022:03:53:10 +0800] "GET /assets/images/client-bg.png HTTP/2" 200 5728 "https://mypriv.online/assets/css/templatemo-chain-app-dev.css" "Mozilla/5.0 (X11; Linux x86_64) AppleWebKit/537.36 (KHTML, like Gecko) HeadlessChrome/78.0.3882.0 Safari/537.36"
52.50.166.246 - - [25/Feb/2022:03:53:10 +0800] "GET /assets/images/regular-table-top.png HTTP/2" 200 5900 "https://mypriv.online/assets/css/templatemo-chain-app-dev.css" "Mozilla/5.0 (X11; Linux x86_64) AppleWebKit/537.36 (KHTML, like Gecko) HeadlessChrome/78.0.3882.0 Safari/537.36"
52.50.166.246 - - [25/Feb/2022:03:53:10 +0800] "GET /assets/images/regular-table-bottom.png HTTP/2" 200 5013 "https://mypriv.online/assets/css/templatemo-chain-app-dev.css" "Mozilla/5.0 (X11; Linux x86_64) AppleWebKit/537.36 (KHTML, like Gecko) HeadlessChrome/78.0.3882.0 Safari/537.36"
52.50.166.246 - - [25/Feb/2022:03:53:10 +0800] "GET /assets/images/pro-table-bottom.png HTTP/2" 200 6092 "https://mypriv.online/assets/css/templatemo-chain-app-dev.css" "Mozilla/5.0 (X11; Linux x86_64) AppleWebKit/537.36 (KHTML, like Gecko) HeadlessChrome/78.0.3882.0 Safari/537.36"
52.50.166.246 - - [25/Feb/2022:03:53:10 +0800] "GET /assets/images/pro-table-top.png HTTP/2" 200 7112 "https://mypriv.online/assets/css/templatemo-chain-app-dev.css" "Mozilla/5.0 (X11; Linux x86_64) AppleWebKit/537.36 (KHTML, like Gecko) HeadlessChrome/78.0.3882.0 Safari/537.36"
52.50.166.246 - - [25/Feb/2022:03:53:10 +0800] "GET /assets/images/footer-bg.png HTTP/2" 200 83145 "https://mypriv.online/assets/css/templatemo-chain-app-dev.css" "Mozilla/5.0 (X11; Linux x86_64) AppleWebKit/537.36 (KHTML, like Gecko) HeadlessChrome/78.0.3882.0 Safari/537.36"
14.192.208.50 - - [25/Feb/2022:03:55:45 +0800] "GET / HTTP/1.1" 301 0 "-" "Mozilla/5.0 (Windows NT 10.0; Win64; x64) AppleWebKit/537.36 (KHTML, like Gecko) Chrome/98.0.4758.102 Safari/537.36"
14.192.208.50 - - [25/Feb/2022:03:55:45 +0800] "GET / HTTP/2" 200 4450 "-" "Mozilla/5.0 (Windows NT 10.0; Win64; x64) AppleWebKit/537.36 (KHTML, like Gecko) Chrome/98.0.4758.102 Safari/537.36"
14.192.208.50 - - [25/Feb/2022:03:55:56 +0800] "GET / HTTP/1.1" 200 0 "-" "Mozilla/5.0 (Windows NT 10.0; Win64; x64) AppleWebKit/537.36 (KHTML, like Gecko) Chrome/98.0.4758.102 Safari/537.36"
14.192.208.50 - - [25/Feb/2022:03:56:06 +0800] "GET / HTTP/1.1" 200 0 "-" "Mozilla/5.0 (Windows NT 10.0; Win64; x64) AppleWebKit/537.36 (KHTML, like Gecko) Chrome/98.0.4758.102 Safari/537.36"
14.192.208.50 - - [25/Feb/2022:04:33:18 +0800] "GET / HTTP/2" 200 4450 "-" "Mozilla/5.0 (Windows NT 10.0; Win64; x64) AppleWebKit/537.36 (KHTML, like Gecko) Chrome/98.0.4758.102 Safari/537.36"
66.249.71.135 - - [25/Feb/2022:04:36:01 +0800] "GET /robots.txt HTTP/1.1" 200 512 "-" "Mozilla/5.0 (compatible; Googlebot/2.1; +http://www.google.com/bot.html)"
66.249.71.131 - - [25/Feb/2022:04:36:02 +0800] "GET /assets/css/templatemo-chain-app-dev.css HTTP/1.1" 200 7187 "https://mypriv.online/" "Mozilla/5.0 (compatible; Googlebot/2.1; +http://www.google.com/bot.html)"
66.249.71.137 - - [25/Feb/2022:04:36:02 +0800] "GET / HTTP/1.1" 200 5865 "-" "Mozilla/5.0 (compatible; Googlebot/2.1; +http://www.google.com/bot.html)"
92.226.2.68 - - [25/Feb/2022:04:36:02 +0800] "GET / HTTP/1.1" 200 5828 "-" "Mozilla/5.0 (Windows NT 10.0; Win64; x64) AppleWebKit/537.36 (KHTML, like Gecko) Chrome/97.0.4692.71 Safari/537.36"
74.125.150.73 - - [25/Feb/2022:04:36:03 +0800] "GET / HTTP/1.1" 200 5865 "-" "Mozilla/5.0 (Windows NT 10.0; Win64; x64) AppleWebKit/537.36 (KHTML, like Gecko) Chrome/60.0.3112.113 Safari/537.36 (compatible; Google-Safety; +http://www.google.com/bot.html)"
92.226.2.68 - - [25/Feb/2022:04:36:04 +0800] "GET /assets/css/templatemo-chain-app-dev.css HTTP/1.1" 200 7150 "https://mypriv.online/" "Mozilla/5.0 (Windows NT 10.0; Win64; x64) AppleWebKit/537.36 (KHTML, like Gecko) Chrome/97.0.4692.71 Safari/537.36"
92.226.2.68 - - [25/Feb/2022:04:36:04 +0800] "GET /assets/css/owl.css HTTP/1.1" 200 1817 "https://mypriv.online/" "Mozilla/5.0 (Windows NT 10.0; Win64; x64) AppleWebKit/537.36 (KHTML, like Gecko) Chrome/97.0.4692.71 Safari/537.36"
92.226.2.68 - - [25/Feb/2022:04:36:04 +0800] "GET /assets/css/mypriv.css HTTP/1.1" 200 663 "https://mypriv.online/" "Mozilla/5.0 (Windows NT 10.0; Win64; x64) AppleWebKit/537.36 (KHTML, like Gecko) Chrome/97.0.4692.71 Safari/537.36"
66.249.71.137 - - [25/Feb/2022:04:36:04 +0800] "GET /assets/css/mypriv.css HTTP/1.1" 200 522 "https://mypriv.online/" "Mozilla/5.0 (compatible; Googlebot/2.1; +http://www.google.com/bot.html)"
92.226.2.68 - - [25/Feb/2022:04:36:04 +0800] "GET /assets/css/animated.css HTTP/1.1" 200 4387 "https://mypriv.online/" "Mozilla/5.0 (Windows NT 10.0; Win64; x64) AppleWebKit/537.36 (KHTML, like Gecko) Chrome/97.0.4692.71 Safari/537.36"
92.226.2.68 - - [25/Feb/2022:04:36:04 +0800] "GET /vendor/bootstrap/css/bootstrap.min.css HTTP/1.1" 200 21804 "https://mypriv.online/" "Mozilla/5.0 (Windows NT 10.0; Win64; x64) AppleWebKit/537.36 (KHTML, like Gecko) Chrome/97.0.4692.71 Safari/537.36"
92.226.2.68 - - [25/Feb/2022:04:36:04 +0800] "GET /vendor/jquery/jquery.min.js HTTP/1.1" 200 30258 "https://mypriv.online/" "Mozilla/5.0 (Windows NT 10.0; Win64; x64) AppleWebKit/537.36 (KHTML, like Gecko) Chrome/97.0.4692.71 Safari/537.36"
66.249.71.135 - - [25/Feb/2022:04:36:05 +0800] "GET /vendor/bootstrap/css/bootstrap.min.css HTTP/1.1" 200 21841 "https://mypriv.online/" "Mozilla/5.0 (compatible; Googlebot/2.1; +http://www.google.com/bot.html)"
92.226.2.68 - - [25/Feb/2022:04:36:06 +0800] "GET /assets/js/popup.js HTTP/1.1" 200 1026 "https://mypriv.online/" "Mozilla/5.0 (Windows NT 10.0; Win64; x64) AppleWebKit/537.36 (KHTML, like Gecko) Chrome/97.0.4692.71 Safari/537.36"
92.226.2.68 - - [25/Feb/2022:04:36:06 +0800] "GET /assets/js/owl-carousel.js HTTP/1.1" 200 19958 "https://mypriv.online/" "Mozilla/5.0 (Windows NT 10.0; Win64; x64) AppleWebKit/537.36 (KHTML, like Gecko) Chrome/97.0.4692.71 Safari/537.36"
92.226.2.68 - - [25/Feb/2022:04:36:05 +0800] "GET /vendor/bootstrap/js/bootstrap.bundle.min.js HTTP/1.1" 200 22785 "https://mypriv.online/" "Mozilla/5.0 (Windows NT 10.0; Win64; x64) AppleWebKit/537.36 (KHTML, like Gecko) Chrome/97.0.4692.71 Safari/537.36"
92.226.2.68 - - [25/Feb/2022:04:36:06 +0800] "GET /assets/js/imagesloaded.js HTTP/1.1" 200 3957 "https://mypriv.online/" "Mozilla/5.0 (Windows NT 10.0; Win64; x64) AppleWebKit/537.36 (KHTML, like Gecko) Chrome/97.0.4692.71 Safari/537.36"
92.226.2.68 - - [25/Feb/2022:04:36:06 +0800] "GET /assets/js/animation.js HTTP/1.1" 200 1995 "https://mypriv.online/" "Mozilla/5.0 (Windows NT 10.0; Win64; x64) AppleWebKit/537.36 (KHTML, like Gecko) Chrome/97.0.4692.71 Safari/537.36"
92.226.2.68 - - [25/Feb/2022:04:36:06 +0800] "GET /assets/js/custom.js HTTP/1.1" 200 1960 "https://mypriv.online/" "Mozilla/5.0 (Windows NT 10.0; Win64; x64) AppleWebKit/537.36 (KHTML, like Gecko) Chrome/97.0.4692.71 Safari/537.36"
66.249.71.131 - - [25/Feb/2022:04:36:07 +0800] "GET /assets/css/animated.css HTTP/1.1" 200 4424 "https://mypriv.online/" "Mozilla/5.0 (compatible; Googlebot/2.1; +http://www.google.com/bot.html)"
92.226.2.68 - - [25/Feb/2022:04:36:07 +0800] "GET /assets/images/heading-line-dec.png HTTP/1.1" 200 1494 "https://mypriv.online/" "Mozilla/5.0 (Windows NT 10.0; Win64; x64) AppleWebKit/537.36 (KHTML, like Gecko) Chrome/97.0.4692.71 Safari/537.36"
92.226.2.68 - - [25/Feb/2022:04:36:07 +0800] "GET /assets/images/mypriv-online-whatsapp.jpg HTTP/1.1" 200 52779 "https://mypriv.online/" "Mozilla/5.0 (Windows NT 10.0; Win64; x64) AppleWebKit/537.36 (KHTML, like Gecko) Chrome/97.0.4692.71 Safari/537.36"
92.226.2.68 - - [25/Feb/2022:04:36:07 +0800] "GET /assets/images/mypriv-online-telegram.jpg HTTP/1.1" 200 51140 "https://mypriv.online/" "Mozilla/5.0 (Windows NT 10.0; Win64; x64) AppleWebKit/537.36 (KHTML, like Gecko) Chrome/97.0.4692.71 Safari/537.36"
92.226.2.68 - - [25/Feb/2022:04:36:07 +0800] "GET /assets/images/client-image.jpg HTTP/1.1" 200 6336 "https://mypriv.online/" "Mozilla/5.0 (Windows NT 10.0; Win64; x64) AppleWebKit/537.36 (KHTML, like Gecko) Chrome/97.0.4692.71 Safari/537.36"
92.226.2.68 - - [25/Feb/2022:04:36:07 +0800] "GET /assets/images/quote.png HTTP/1.1" 200 2680 "https://mypriv.online/" "Mozilla/5.0 (Windows NT 10.0; Win64; x64) AppleWebKit/537.36 (KHTML, like Gecko) Chrome/97.0.4692.71 Safari/537.36"
92.226.2.68 - - [25/Feb/2022:04:36:07 +0800] "GET /assets/images/slider-dec.png HTTP/1.1" 200 177632 "https://mypriv.online/" "Mozilla/5.0 (Windows NT 10.0; Win64; x64) AppleWebKit/537.36 (KHTML, like Gecko) Chrome/97.0.4692.71 Safari/537.36"
66.249.71.135 - - [25/Feb/2022:04:36:08 +0800] "GET /assets/css/owl.css HTTP/1.1" 200 1676 "https://mypriv.online/" "Mozilla/5.0 (compatible; Googlebot/2.1; +http://www.google.com/bot.html)"
92.226.2.68 - - [25/Feb/2022:04:36:09 +0800] "GET /assets/images/pricing-table-01.png HTTP/1.1" 200 9097 "https://mypriv.online/" "Mozilla/5.0 (Windows NT 10.0; Win64; x64) AppleWebKit/537.36 (KHTML, like Gecko) Chrome/97.0.4692.71 Safari/537.36"
92.226.2.68 - - [25/Feb/2022:04:36:09 +0800] "GET /assets/images/white-logo.png HTTP/1.1" 200 3423 "https://mypriv.online/" "Mozilla/5.0 (Windows NT 10.0; Win64; x64) AppleWebKit/537.36 (KHTML, like Gecko) Chrome/97.0.4692.71 Safari/537.36"
66.249.71.131 - - [25/Feb/2022:04:36:09 +0800] "GET /assets/images/mypriv-online-whatsapp.jpg HTTP/1.1" 200 52638 "https://mypriv.online/" "Mozilla/5.0 (compatible; Googlebot/2.1; +http://www.google.com/bot.html)"
92.226.2.68 - - [25/Feb/2022:04:36:10 +0800] "GET /assets/images/slider-left-dec.png HTTP/1.1" 200 59500 "https://mypriv.online/assets/css/templatemo-chain-app-dev.css" "Mozilla/5.0 (Windows NT 10.0; Win64; x64) AppleWebKit/537.36 (KHTML, like Gecko) Chrome/97.0.4692.71 Safari/537.36"
92.226.2.68 - - [25/Feb/2022:04:36:10 +0800] "GET /assets/images/services-right-dec.png HTTP/1.1" 200 6848 "https://mypriv.online/assets/css/templatemo-chain-app-dev.css" "Mozilla/5.0 (Windows NT 10.0; Win64; x64) AppleWebKit/537.36 (KHTML, like Gecko) Chrome/97.0.4692.71 Safari/537.36"
92.226.2.68 - - [25/Feb/2022:04:36:10 +0800] "GET /assets/images/regular-table-bottom.png HTTP/1.1" 200 5546 "https://mypriv.online/assets/css/templatemo-chain-app-dev.css" "Mozilla/5.0 (Windows NT 10.0; Win64; x64) AppleWebKit/537.36 (KHTML, like Gecko) Chrome/97.0.4692.71 Safari/537.36"
92.226.2.68 - - [25/Feb/2022:04:36:10 +0800] "GET /assets/images/regular-table-top.png HTTP/1.1" 200 6433 "https://mypriv.online/assets/css/templatemo-chain-app-dev.css" "Mozilla/5.0 (Windows NT 10.0; Win64; x64) AppleWebKit/537.36 (KHTML, like Gecko) Chrome/97.0.4692.71 Safari/537.36"
66.249.71.131 - - [25/Feb/2022:04:36:10 +0800] "GET /assets/images/pricing-table-01.png HTTP/1.1" 200 8956 "https://mypriv.online/" "Mozilla/5.0 (compatible; Googlebot/2.1; +http://www.google.com/bot.html)"
92.226.2.68 - - [25/Feb/2022:04:36:11 +0800] "GET /assets/images/client-bg.png HTTP/1.1" 200 6261 "https://mypriv.online/assets/css/templatemo-chain-app-dev.css" "Mozilla/5.0 (Windows NT 10.0; Win64; x64) AppleWebKit/537.36 (KHTML, like Gecko) Chrome/97.0.4692.71 Safari/537.36"
92.226.2.68 - - [25/Feb/2022:04:36:11 +0800] "GET /assets/images/services-left-dec.png HTTP/1.1" 200 7052 "https://mypriv.online/assets/css/templatemo-chain-app-dev.css" "Mozilla/5.0 (Windows NT 10.0; Win64; x64) AppleWebKit/537.36 (KHTML, like Gecko) Chrome/97.0.4692.71 Safari/537.36"
92.226.2.68 - - [25/Feb/2022:04:36:12 +0800] "GET /assets/images/pro-table-bottom.png HTTP/1.1" 200 6625 "https://mypriv.online/assets/css/templatemo-chain-app-dev.css" "Mozilla/5.0 (Windows NT 10.0; Win64; x64) AppleWebKit/537.36 (KHTML, like Gecko) Chrome/97.0.4692.71 Safari/537.36"
92.226.2.68 - - [25/Feb/2022:04:36:12 +0800] "GET /assets/images/footer-bg.png HTTP/1.1" 200 83680 "https://mypriv.online/assets/css/templatemo-chain-app-dev.css" "Mozilla/5.0 (Windows NT 10.0; Win64; x64) AppleWebKit/537.36 (KHTML, like Gecko) Chrome/97.0.4692.71 Safari/537.36"
66.249.71.131 - - [25/Feb/2022:04:36:12 +0800] "GET /vendor/jquery/jquery.min.js HTTP/1.1" 200 30117 "https://mypriv.online/" "Mozilla/5.0 (compatible; Googlebot/2.1; +http://www.google.com/bot.html)"
92.226.2.68 - - [25/Feb/2022:04:36:12 +0800] "GET /assets/images/pro-table-top.png HTTP/1.1" 200 7645 "https://mypriv.online/assets/css/templatemo-chain-app-dev.css" "Mozilla/5.0 (Windows NT 10.0; Win64; x64) AppleWebKit/537.36 (KHTML, like Gecko) Chrome/97.0.4692.71 Safari/537.36"
66.249.71.131 - - [25/Feb/2022:04:36:13 +0800] "GET /assets/js/animation.js HTTP/1.1" 200 1854 "https://mypriv.online/" "Mozilla/5.0 (compatible; Googlebot/2.1; +http://www.google.com/bot.html)"
66.249.71.131 - - [25/Feb/2022:04:36:14 +0800] "GET /assets/js/owl-carousel.js HTTP/1.1" 200 19817 "https://mypriv.online/" "Mozilla/5.0 (compatible; Googlebot/2.1; +http://www.google.com/bot.html)"
66.249.71.131 - - [25/Feb/2022:04:36:16 +0800] "GET /assets/images/heading-line-dec.png HTTP/1.1" 200 1353 "https://mypriv.online/" "Mozilla/5.0 (compatible; Googlebot/2.1; +http://www.google.com/bot.html)"
66.249.71.131 - - [25/Feb/2022:04:36:17 +0800] "GET /assets/js/custom.js HTTP/1.1" 200 1819 "https://mypriv.online/" "Mozilla/5.0 (compatible; Googlebot/2.1; +http://www.google.com/bot.html)"
66.249.71.131 - - [25/Feb/2022:04:36:18 +0800] "GET /vendor/bootstrap/js/bootstrap.bundle.min.js HTTP/1.1" 200 22644 "https://mypriv.online/" "Mozilla/5.0 (compatible; Googlebot/2.1; +http://www.google.com/bot.html)"
66.249.71.131 - - [25/Feb/2022:04:36:19 +0800] "GET /assets/images/white-logo.png HTTP/1.1" 200 3282 "https://mypriv.online/" "Mozilla/5.0 (compatible; Googlebot/2.1; +http://www.google.com/bot.html)"
66.249.71.131 - - [25/Feb/2022:04:36:20 +0800] "GET /assets/js/imagesloaded.js HTTP/1.1" 200 3816 "https://mypriv.online/" "Mozilla/5.0 (compatible; Googlebot/2.1; +http://www.google.com/bot.html)"
66.249.71.131 - - [25/Feb/2022:04:36:22 +0800] "GET /assets/images/client-image.jpg HTTP/1.1" 200 6195 "https://mypriv.online/" "Mozilla/5.0 (compatible; Googlebot/2.1; +http://www.google.com/bot.html)"
66.249.71.131 - - [25/Feb/2022:04:36:23 +0800] "GET /assets/images/mypriv-online-telegram.jpg HTTP/1.1" 200 50999 "https://mypriv.online/" "Mozilla/5.0 (compatible; Googlebot/2.1; +http://www.google.com/bot.html)"
74.125.150.67 - - [25/Feb/2022:04:36:24 +0800] "GET / HTTP/1.1" 200 5865 "-" "Mozilla/5.0 (Linux; Android 6.0.1; Nexus 5X Build/MMB29P) AppleWebKit/537.36 (KHTML, like Gecko) Chrome/41.0.2272.96 Mobile Safari/537.36 (compatible; Google-Safety; +http://www.google.com/bot.html)"
66.249.71.131 - - [25/Feb/2022:04:36:25 +0800] "GET /assets/css/owl.css HTTP/1.1" 200 1676 "https://mypriv.online/" "Mozilla/5.0 AppleWebKit/537.36 (KHTML, like Gecko; compatible; Googlebot/2.1; +http://www.google.com/bot.html) Chrome/98.0.4758.102 Safari/537.36"
66.249.71.131 - - [25/Feb/2022:04:36:26 +0800] "GET /assets/js/owl-carousel.js HTTP/1.1" 200 19817 "https://mypriv.online/" "Mozilla/5.0 AppleWebKit/537.36 (KHTML, like Gecko; compatible; Googlebot/2.1; +http://www.google.com/bot.html) Chrome/98.0.4758.102 Safari/537.36"
66.249.71.131 - - [25/Feb/2022:04:36:27 +0800] "GET /assets/images/slider-dec.png HTTP/1.1" 200 177491 "https://mypriv.online/" "Mozilla/5.0 (compatible; Googlebot/2.1; +http://www.google.com/bot.html)"
66.249.71.131 - - [25/Feb/2022:04:36:28 +0800] "GET /assets/js/animation.js HTTP/1.1" 200 1854 "https://mypriv.online/" "Mozilla/5.0 AppleWebKit/537.36 (KHTML, like Gecko; compatible; Googlebot/2.1; +http://www.google.com/bot.html) Chrome/98.0.4758.102 Safari/537.36"
66.249.71.131 - - [25/Feb/2022:04:36:30 +0800] "GET /vendor/bootstrap/js/bootstrap.bundle.min.js HTTP/1.1" 200 22644 "https://mypriv.online/" "Mozilla/5.0 AppleWebKit/537.36 (KHTML, like Gecko; compatible; Googlebot/2.1; +http://www.google.com/bot.html) Chrome/98.0.4758.102 Safari/537.36"
66.249.71.131 - - [25/Feb/2022:04:36:32 +0800] "GET /assets/css/animated.css HTTP/1.1" 200 4246 "https://mypriv.online/" "Mozilla/5.0 AppleWebKit/537.36 (KHTML, like Gecko; compatible; Googlebot/2.1; +http://www.google.com/bot.html) Chrome/98.0.4758.102 Safari/537.36"
66.249.71.131 - - [25/Feb/2022:04:36:33 +0800] "GET /assets/images/slider-left-dec.png HTTP/1.1" 200 59359 "https://mypriv.online/assets/css/templatemo-chain-app-dev.css" "Mozilla/5.0 (compatible; Googlebot/2.1; +http://www.google.com/bot.html)"
66.249.71.131 - - [25/Feb/2022:04:36:34 +0800] "GET /assets/css/mypriv.css HTTP/1.1" 200 522 "https://mypriv.online/" "Mozilla/5.0 AppleWebKit/537.36 (KHTML, like Gecko; compatible; Googlebot/2.1; +http://www.google.com/bot.html) Chrome/98.0.4758.102 Safari/537.36"
66.249.71.131 - - [25/Feb/2022:04:36:36 +0800] "GET /assets/js/owl-carousel.js HTTP/1.1" 200 19817 "https://mypriv.online/" "Mozilla/5.0 (Linux; Android 6.0.1; Nexus 5X Build/MMB29P) AppleWebKit/537.36 (KHTML, like Gecko) Chrome/98.0.4758.80 Mobile Safari/537.36 (compatible; Googlebot/2.1; +http://www.google.com/bot.html)"
66.249.71.131 - - [25/Feb/2022:04:36:37 +0800] "GET /assets/images/services-right-dec.png HTTP/1.1" 200 6707 "https://mypriv.online/assets/css/templatemo-chain-app-dev.css" "Mozilla/5.0 (compatible; Googlebot/2.1; +http://www.google.com/bot.html)"
66.249.71.131 - - [25/Feb/2022:04:36:38 +0800] "GET /assets/css/templatemo-chain-app-dev.css HTTP/1.1" 200 7009 "https://mypriv.online/" "Mozilla/5.0 (Linux; Android 6.0.1; Nexus 5X Build/MMB29P) AppleWebKit/537.36 (KHTML, like Gecko) Chrome/98.0.4758.80 Mobile Safari/537.36 (compatible; Googlebot/2.1; +http://www.google.com/bot.html)"
66.249.71.131 - - [25/Feb/2022:04:36:39 +0800] "GET /assets/css/mypriv.css HTTP/1.1" 200 522 "https://mypriv.online/" "Mozilla/5.0 (Linux; Android 6.0.1; Nexus 5X Build/MMB29P) AppleWebKit/537.36 (KHTML, like Gecko) Chrome/98.0.4758.80 Mobile Safari/537.36 (compatible; Googlebot/2.1; +http://www.google.com/bot.html)"
66.249.71.131 - - [25/Feb/2022:04:36:40 +0800] "GET /assets/images/services-left-dec.png HTTP/1.1" 200 6911 "https://mypriv.online/assets/css/templatemo-chain-app-dev.css" "Mozilla/5.0 (compatible; Googlebot/2.1; +http://www.google.com/bot.html)"
66.249.71.131 - - [25/Feb/2022:04:36:42 +0800] "GET /assets/css/animated.css HTTP/1.1" 200 4246 "https://mypriv.online/" "Mozilla/5.0 (Linux; Android 6.0.1; Nexus 5X Build/MMB29P) AppleWebKit/537.36 (KHTML, like Gecko) Chrome/98.0.4758.80 Mobile Safari/537.36 (compatible; Googlebot/2.1; +http://www.google.com/bot.html)"
66.249.71.131 - - [25/Feb/2022:04:36:43 +0800] "GET /assets/images/client-bg.png HTTP/1.1" 200 6120 "https://mypriv.online/assets/css/templatemo-chain-app-dev.css" "Mozilla/5.0 (compatible; Googlebot/2.1; +http://www.google.com/bot.html)"
66.249.71.131 - - [25/Feb/2022:04:36:44 +0800] "GET /assets/images/regular-table-bottom.png HTTP/1.1" 200 5405 "https://mypriv.online/assets/css/templatemo-chain-app-dev.css" "Mozilla/5.0 (compatible; Googlebot/2.1; +http://www.google.com/bot.html)"
66.249.71.131 - - [25/Feb/2022:04:36:45 +0800] "GET /assets/images/regular-table-top.png HTTP/1.1" 200 6292 "https://mypriv.online/assets/css/templatemo-chain-app-dev.css" "Mozilla/5.0 (compatible; Googlebot/2.1; +http://www.google.com/bot.html)"
66.249.71.131 - - [25/Feb/2022:04:36:46 +0800] "GET /assets/images/pro-table-top.png HTTP/1.1" 200 7504 "https://mypriv.online/assets/css/templatemo-chain-app-dev.css" "Mozilla/5.0 (compatible; Googlebot/2.1; +http://www.google.com/bot.html)"
66.249.71.131 - - [25/Feb/2022:04:36:47 +0800] "GET /assets/images/pro-table-bottom.png HTTP/1.1" 200 6484 "https://mypriv.online/assets/css/templatemo-chain-app-dev.css" "Mozilla/5.0 (compatible; Googlebot/2.1; +http://www.google.com/bot.html)"
66.249.71.131 - - [25/Feb/2022:04:36:48 +0800] "GET /assets/images/footer-bg.png HTTP/1.1" 200 83539 "https://mypriv.online/assets/css/templatemo-chain-app-dev.css" "Mozilla/5.0 (compatible; Googlebot/2.1; +http://www.google.com/bot.html)"
138.246.253.24 - - [25/Feb/2022:04:53:15 +0800] "GET /robots.txt HTTP/1.1" 200 512 "-" "Mozilla/5.0 (Windows NT 10.0; Win64; x64) AppleWebKit/537.36 (KHTML, like Gecko) Chrome/88.0.4324.146 Safari/537.36"
14.192.208.50 - - [25/Feb/2022:05:06:03 +0800] "GET / HTTP/1.1" 200 0 "-" "Mozilla/5.0 (Windows NT 10.0; Win64; x64) AppleWebKit/537.36 (KHTML, like Gecko) Chrome/98.0.4758.102 Safari/537.36"
14.192.208.50 - - [25/Feb/2022:05:07:56 +0800] "GET / HTTP/1.1" 200 0 "-" "Mozilla/5.0 (Windows NT 10.0; Win64; x64) AppleWebKit/537.36 (KHTML, like Gecko) Chrome/98.0.4758.102 Safari/537.36"
14.192.208.50 - - [25/Feb/2022:05:08:16 +0800] "GET / HTTP/1.1" 200 0 "-" "Mozilla/5.0 (Windows NT 10.0; Win64; x64) AppleWebKit/537.36 (KHTML, like Gecko) Chrome/98.0.4758.102 Safari/537.36"
14.192.208.50 - - [25/Feb/2022:05:08:39 +0800] "GET / HTTP/1.1" 200 0 "-" "Mozilla/5.0 (Windows NT 10.0; Win64; x64) AppleWebKit/537.36 (KHTML, like Gecko) Chrome/98.0.4758.102 Safari/537.36"
