14.192.208.48 - - [01/Feb/2022:02:46:58 +0800] "GET /post/css/bootstrap.min.css HTTP/1.1" 404 0 "https://mypriv.online/post/placeat-quaerat-commodi-libero-accusantium-sunt-quaerat-id" "Mozilla/5.0 (Windows NT 10.0; Win64; x64) AppleWebKit/537.36 (KHTML, like Gecko) Chrome/97.0.4692.99 Safari/537.36"
14.192.208.48 - - [01/Feb/2022:02:47:03 +0800] "GET /blog?category=web-programming HTTP/1.1" 200 0 "https://mypriv.online/post/placeat-quaerat-commodi-libero-accusantium-sunt-quaerat-id" "Mozilla/5.0 (Windows NT 10.0; Win64; x64) AppleWebKit/537.36 (KHTML, like Gecko) Chrome/97.0.4692.99 Safari/537.36"
14.192.208.48 - - [01/Feb/2022:02:47:09 +0800] "GET /post/placeat-quaerat-commodi-libero-accusantium-sunt-quaerat-id HTTP/1.1" 200 0 "https://mypriv.online/blog?category=web-programming" "Mozilla/5.0 (Windows NT 10.0; Win64; x64) AppleWebKit/537.36 (KHTML, like Gecko) Chrome/97.0.4692.99 Safari/537.36"
14.192.208.48 - - [01/Feb/2022:02:47:09 +0800] "GET /post/css/bootstrap.min.css HTTP/1.1" 404 0 "https://mypriv.online/post/placeat-quaerat-commodi-libero-accusantium-sunt-quaerat-id" "Mozilla/5.0 (Windows NT 10.0; Win64; x64) AppleWebKit/537.36 (KHTML, like Gecko) Chrome/97.0.4692.99 Safari/537.36"
14.192.208.48 - - [01/Feb/2022:02:47:09 +0800] "GET /post/js/bootstrap.bundle.min.js HTTP/1.1" 404 0 "https://mypriv.online/post/placeat-quaerat-commodi-libero-accusantium-sunt-quaerat-id" "Mozilla/5.0 (Windows NT 10.0; Win64; x64) AppleWebKit/537.36 (KHTML, like Gecko) Chrome/97.0.4692.99 Safari/537.36"
14.192.208.48 - - [01/Feb/2022:02:47:18 +0800] "GET /blog HTTP/1.1" 200 0 "https://mypriv.online/post/placeat-quaerat-commodi-libero-accusantium-sunt-quaerat-id" "Mozilla/5.0 (Windows NT 10.0; Win64; x64) AppleWebKit/537.36 (KHTML, like Gecko) Chrome/97.0.4692.99 Safari/537.36"
14.192.208.48 - - [01/Feb/2022:02:47:32 +0800] "GET /dashboard/posts/create HTTP/1.1" 200 0 "https://mypriv.online/dashboard/posts" "Mozilla/5.0 (Windows NT 10.0; Win64; x64) AppleWebKit/537.36 (KHTML, like Gecko) Chrome/97.0.4692.99 Safari/537.36"
14.192.208.48 - - [01/Feb/2022:02:47:43 +0800] "GET /dashboard/posts/checkSlug?title=Percubaan%20Image%20Ke%202 HTTP/1.1" 200 0 "https://mypriv.online/dashboard/posts/create" "Mozilla/5.0 (Windows NT 10.0; Win64; x64) AppleWebKit/537.36 (KHTML, like Gecko) Chrome/97.0.4692.99 Safari/537.36"
14.192.208.48 - - [01/Feb/2022:02:48:07 +0800] "POST /dashboard/posts HTTP/1.1" 302 0 "https://mypriv.online/dashboard/posts/create" "Mozilla/5.0 (Windows NT 10.0; Win64; x64) AppleWebKit/537.36 (KHTML, like Gecko) Chrome/97.0.4692.99 Safari/537.36"
14.192.208.48 - - [01/Feb/2022:02:48:08 +0800] "GET /dashboard/posts HTTP/1.1" 200 0 "https://mypriv.online/dashboard/posts/create" "Mozilla/5.0 (Windows NT 10.0; Win64; x64) AppleWebKit/537.36 (KHTML, like Gecko) Chrome/97.0.4692.99 Safari/537.36"
14.192.208.48 - - [01/Feb/2022:02:48:13 +0800] "GET /blog HTTP/1.1" 200 0 "https://mypriv.online/post/placeat-quaerat-commodi-libero-accusantium-sunt-quaerat-id" "Mozilla/5.0 (Windows NT 10.0; Win64; x64) AppleWebKit/537.36 (KHTML, like Gecko) Chrome/97.0.4692.99 Safari/537.36"
14.192.208.48 - - [01/Feb/2022:02:48:13 +0800] "GET /storage/post-image/city2.jpg HTTP/1.1" 200 0 "https://mypriv.online/blog" "Mozilla/5.0 (Windows NT 10.0; Win64; x64) AppleWebKit/537.36 (KHTML, like Gecko) Chrome/97.0.4692.99 Safari/537.36"
14.192.208.48 - - [01/Feb/2022:02:48:20 +0800] "GET /blog?page=2 HTTP/1.1" 200 0 "https://mypriv.online/blog" "Mozilla/5.0 (Windows NT 10.0; Win64; x64) AppleWebKit/537.36 (KHTML, like Gecko) Chrome/97.0.4692.99 Safari/537.36"
14.192.208.48 - - [01/Feb/2022:02:48:27 +0800] "GET /blog?page=3 HTTP/1.1" 200 0 "https://mypriv.online/blog?page=2" "Mozilla/5.0 (Windows NT 10.0; Win64; x64) AppleWebKit/537.36 (KHTML, like Gecko) Chrome/97.0.4692.99 Safari/537.36"
14.192.208.48 - - [01/Feb/2022:02:48:32 +0800] "GET /blog?page=4 HTTP/1.1" 200 0 "https://mypriv.online/blog?page=3" "Mozilla/5.0 (Windows NT 10.0; Win64; x64) AppleWebKit/537.36 (KHTML, like Gecko) Chrome/97.0.4692.99 Safari/537.36"
14.192.208.48 - - [01/Feb/2022:02:48:36 +0800] "GET /blog?page=2 HTTP/1.1" 200 0 "https://mypriv.online/blog?page=4" "Mozilla/5.0 (Windows NT 10.0; Win64; x64) AppleWebKit/537.36 (KHTML, like Gecko) Chrome/97.0.4692.99 Safari/537.36"
52.19.33.111 - - [01/Feb/2022:03:26:30 +0800] "GET / HTTP/2" 200 796 "-" "Mozilla/5.0 (X11; Linux x86_64) AppleWebKit/537.36 (KHTML, like Gecko) HeadlessChrome/78.0.3882.0 Safari/537.36"
52.19.33.111 - - [01/Feb/2022:03:26:31 +0800] "GET /js/bootstrap.bundle.min.js HTTP/2" 200 22192 "https://mypriv.online/" "Mozilla/5.0 (X11; Linux x86_64) AppleWebKit/537.36 (KHTML, like Gecko) HeadlessChrome/78.0.3882.0 Safari/537.36"
52.19.33.111 - - [01/Feb/2022:03:26:31 +0800] "GET /css/style.css HTTP/2" 200 152 "https://mypriv.online/" "Mozilla/5.0 (X11; Linux x86_64) AppleWebKit/537.36 (KHTML, like Gecko) HeadlessChrome/78.0.3882.0 Safari/537.36"
52.19.33.111 - - [01/Feb/2022:03:26:31 +0800] "GET /css/bootstrap.min.css HTTP/2" 200 21225 "https://mypriv.online/" "Mozilla/5.0 (X11; Linux x86_64) AppleWebKit/537.36 (KHTML, like Gecko) HeadlessChrome/78.0.3882.0 Safari/537.36"
14.192.208.48 - - [01/Feb/2022:03:27:53 +0800] "GET / HTTP/1.1" 200 0 "-" "Mozilla/5.0 (Windows NT 10.0; Win64; x64) AppleWebKit/537.36 (KHTML, like Gecko) Chrome/97.0.4692.99 Safari/537.36"
14.192.208.48 - - [01/Feb/2022:03:27:59 +0800] "GET /blog HTTP/1.1" 200 0 "https://mypriv.online/" "Mozilla/5.0 (Windows NT 10.0; Win64; x64) AppleWebKit/537.36 (KHTML, like Gecko) Chrome/97.0.4692.99 Safari/537.36"
14.192.208.48 - - [01/Feb/2022:03:28:04 +0800] "GET /post/percubaan-image-ke-2 HTTP/1.1" 200 0 "https://mypriv.online/blog" "Mozilla/5.0 (Windows NT 10.0; Win64; x64) AppleWebKit/537.36 (KHTML, like Gecko) Chrome/97.0.4692.99 Safari/537.36"
14.192.208.48 - - [01/Feb/2022:03:28:05 +0800] "GET /post/css/bootstrap.min.css HTTP/1.1" 404 0 "https://mypriv.online/post/percubaan-image-ke-2" "Mozilla/5.0 (Windows NT 10.0; Win64; x64) AppleWebKit/537.36 (KHTML, like Gecko) Chrome/97.0.4692.99 Safari/537.36"
14.192.208.48 - - [01/Feb/2022:03:28:05 +0800] "GET /post/js/bootstrap.bundle.min.js HTTP/1.1" 404 0 "https://mypriv.online/post/percubaan-image-ke-2" "Mozilla/5.0 (Windows NT 10.0; Win64; x64) AppleWebKit/537.36 (KHTML, like Gecko) Chrome/97.0.4692.99 Safari/537.36"
14.192.208.48 - - [01/Feb/2022:03:28:35 +0800] "GET /dashboard HTTP/1.1" 200 0 "https://mypriv.online/blog" "Mozilla/5.0 (Windows NT 10.0; Win64; x64) AppleWebKit/537.36 (KHTML, like Gecko) Chrome/97.0.4692.99 Safari/537.36"
14.192.208.48 - - [01/Feb/2022:03:28:38 +0800] "GET /dashboard/posts HTTP/1.1" 200 0 "https://mypriv.online/dashboard" "Mozilla/5.0 (Windows NT 10.0; Win64; x64) AppleWebKit/537.36 (KHTML, like Gecko) Chrome/97.0.4692.99 Safari/537.36"
14.192.208.48 - - [01/Feb/2022:03:28:41 +0800] "GET /dashboard/posts/ad-quos-velit-odit-ut HTTP/1.1" 200 0 "https://mypriv.online/dashboard/posts" "Mozilla/5.0 (Windows NT 10.0; Win64; x64) AppleWebKit/537.36 (KHTML, like Gecko) Chrome/97.0.4692.99 Safari/537.36"
14.192.208.48 - - [01/Feb/2022:03:28:45 +0800] "GET /dashboard/posts/ad-quos-velit-odit-ut/edit HTTP/1.1" 200 0 "https://mypriv.online/dashboard/posts/ad-quos-velit-odit-ut" "Mozilla/5.0 (Windows NT 10.0; Win64; x64) AppleWebKit/537.36 (KHTML, like Gecko) Chrome/97.0.4692.99 Safari/537.36"
14.192.208.48 - - [01/Feb/2022:03:28:57 +0800] "GET /dashboard/posts/ad-quos-velit-odit-ut/edit HTTP/1.1" 200 0 "https://mypriv.online/dashboard/posts/ad-quos-velit-odit-ut" "Mozilla/5.0 (Windows NT 10.0; Win64; x64) AppleWebKit/537.36 (KHTML, like Gecko) Chrome/97.0.4692.99 Safari/537.36"
14.192.208.48 - - [01/Feb/2022:03:29:59 +0800] "GET /dashboard/posts/ad-quos-velit-odit-ut/edit HTTP/1.1" 200 0 "https://mypriv.online/dashboard/posts/ad-quos-velit-odit-ut" "Mozilla/5.0 (Windows NT 10.0; Win64; x64) AppleWebKit/537.36 (KHTML, like Gecko) Chrome/97.0.4692.99 Safari/537.36"
14.192.208.48 - - [01/Feb/2022:03:31:23 +0800] "POST /dashboard/posts/ad-quos-velit-odit-ut HTTP/1.1" 302 0 "https://mypriv.online/dashboard/posts/ad-quos-velit-odit-ut/edit" "Mozilla/5.0 (Windows NT 10.0; Win64; x64) AppleWebKit/537.36 (KHTML, like Gecko) Chrome/97.0.4692.99 Safari/537.36"
14.192.208.48 - - [01/Feb/2022:03:31:23 +0800] "GET /dashboard/posts HTTP/1.1" 200 0 "https://mypriv.online/dashboard/posts/ad-quos-velit-odit-ut/edit" "Mozilla/5.0 (Windows NT 10.0; Win64; x64) AppleWebKit/537.36 (KHTML, like Gecko) Chrome/97.0.4692.99 Safari/537.36"
14.192.208.48 - - [01/Feb/2022:03:31:30 +0800] "GET /dashboard/posts/ad-quos-velit-odit-ut HTTP/1.1" 200 0 "https://mypriv.online/dashboard/posts" "Mozilla/5.0 (Windows NT 10.0; Win64; x64) AppleWebKit/537.36 (KHTML, like Gecko) Chrome/97.0.4692.99 Safari/537.36"
14.192.208.48 - - [01/Feb/2022:03:31:34 +0800] "GET /dashboard/posts/ad-quos-velit-odit-ut/edit HTTP/1.1" 200 0 "https://mypriv.online/dashboard/posts/ad-quos-velit-odit-ut" "Mozilla/5.0 (Windows NT 10.0; Win64; x64) AppleWebKit/537.36 (KHTML, like Gecko) Chrome/97.0.4692.99 Safari/537.36"
14.192.208.48 - - [01/Feb/2022:03:31:48 +0800] "POST /dashboard/posts/ad-quos-velit-odit-ut HTTP/1.1" 302 0 "https://mypriv.online/dashboard/posts/ad-quos-velit-odit-ut/edit" "Mozilla/5.0 (Windows NT 10.0; Win64; x64) AppleWebKit/537.36 (KHTML, like Gecko) Chrome/97.0.4692.99 Safari/537.36"
14.192.208.48 - - [01/Feb/2022:03:31:49 +0800] "GET /dashboard/posts HTTP/1.1" 200 0 "https://mypriv.online/dashboard/posts/ad-quos-velit-odit-ut/edit" "Mozilla/5.0 (Windows NT 10.0; Win64; x64) AppleWebKit/537.36 (KHTML, like Gecko) Chrome/97.0.4692.99 Safari/537.36"
14.192.208.48 - - [01/Feb/2022:03:31:56 +0800] "GET / HTTP/1.1" 200 0 "-" "Mozilla/5.0 (Windows NT 10.0; Win64; x64) AppleWebKit/537.36 (KHTML, like Gecko) Chrome/97.0.4692.99 Safari/537.36"
14.192.208.48 - - [01/Feb/2022:03:31:59 +0800] "GET /blog HTTP/1.1" 200 0 "https://mypriv.online/" "Mozilla/5.0 (Windows NT 10.0; Win64; x64) AppleWebKit/537.36 (KHTML, like Gecko) Chrome/97.0.4692.99 Safari/537.36"
14.192.208.48 - - [01/Feb/2022:03:32:04 +0800] "GET /blog?page=2 HTTP/1.1" 200 0 "https://mypriv.online/blog" "Mozilla/5.0 (Windows NT 10.0; Win64; x64) AppleWebKit/537.36 (KHTML, like Gecko) Chrome/97.0.4692.99 Safari/537.36"
14.192.208.48 - - [01/Feb/2022:03:32:09 +0800] "GET /blog?page=3 HTTP/1.1" 200 0 "https://mypriv.online/blog?page=2" "Mozilla/5.0 (Windows NT 10.0; Win64; x64) AppleWebKit/537.36 (KHTML, like Gecko) Chrome/97.0.4692.99 Safari/537.36"
14.192.208.48 - - [01/Feb/2022:03:32:09 +0800] "GET /storage/post-image/street4.jpg HTTP/1.1" 200 0 "https://mypriv.online/blog?page=3" "Mozilla/5.0 (Windows NT 10.0; Win64; x64) AppleWebKit/537.36 (KHTML, like Gecko) Chrome/97.0.4692.99 Safari/537.36"
14.192.208.48 - - [01/Feb/2022:03:32:16 +0800] "GET /post/ad-quos-velit-odit-ut HTTP/1.1" 200 0 "https://mypriv.online/blog?page=3" "Mozilla/5.0 (Windows NT 10.0; Win64; x64) AppleWebKit/537.36 (KHTML, like Gecko) Chrome/97.0.4692.99 Safari/537.36"
14.192.208.48 - - [01/Feb/2022:03:32:17 +0800] "GET /post/js/bootstrap.bundle.min.js HTTP/1.1" 404 0 "https://mypriv.online/post/ad-quos-velit-odit-ut" "Mozilla/5.0 (Windows NT 10.0; Win64; x64) AppleWebKit/537.36 (KHTML, like Gecko) Chrome/97.0.4692.99 Safari/537.36"
14.192.208.48 - - [01/Feb/2022:03:32:17 +0800] "GET /post/css/bootstrap.min.css HTTP/1.1" 404 0 "https://mypriv.online/post/ad-quos-velit-odit-ut" "Mozilla/5.0 (Windows NT 10.0; Win64; x64) AppleWebKit/537.36 (KHTML, like Gecko) Chrome/97.0.4692.99 Safari/537.36"
14.192.208.48 - - [01/Feb/2022:03:32:25 +0800] "GET /blog HTTP/1.1" 200 0 "https://mypriv.online/post/ad-quos-velit-odit-ut" "Mozilla/5.0 (Windows NT 10.0; Win64; x64) AppleWebKit/537.36 (KHTML, like Gecko) Chrome/97.0.4692.99 Safari/537.36"
14.192.208.48 - - [01/Feb/2022:03:36:21 +0800] "GET / HTTP/1.1" 200 0 "-" "Mozilla/5.0 (Windows NT 10.0; Win64; x64) AppleWebKit/537.36 (KHTML, like Gecko) Chrome/97.0.4692.99 Safari/537.36"
14.192.208.48 - - [01/Feb/2022:03:36:25 +0800] "POST /logout HTTP/1.1" 302 0 "https://mypriv.online/" "Mozilla/5.0 (Windows NT 10.0; Win64; x64) AppleWebKit/537.36 (KHTML, like Gecko) Chrome/97.0.4692.99 Safari/537.36"
14.192.208.48 - - [01/Feb/2022:03:36:25 +0800] "GET / HTTP/1.1" 200 0 "https://mypriv.online/" "Mozilla/5.0 (Windows NT 10.0; Win64; x64) AppleWebKit/537.36 (KHTML, like Gecko) Chrome/97.0.4692.99 Safari/537.36"
14.192.208.48 - - [01/Feb/2022:03:36:28 +0800] "GET /blog HTTP/1.1" 200 0 "https://mypriv.online/" "Mozilla/5.0 (Windows NT 10.0; Win64; x64) AppleWebKit/537.36 (KHTML, like Gecko) Chrome/97.0.4692.99 Safari/537.36"
14.192.208.48 - - [01/Feb/2022:03:36:35 +0800] "GET /dashboard HTTP/1.1" 302 0 "-" "Mozilla/5.0 (Windows NT 10.0; Win64; x64) AppleWebKit/537.36 (KHTML, like Gecko) Chrome/97.0.4692.99 Safari/537.36"
14.192.208.48 - - [01/Feb/2022:03:36:35 +0800] "GET /login HTTP/1.1" 200 0 "-" "Mozilla/5.0 (Windows NT 10.0; Win64; x64) AppleWebKit/537.36 (KHTML, like Gecko) Chrome/97.0.4692.99 Safari/537.36"
14.192.208.48 - - [01/Feb/2022:03:42:55 +0800] "GET / HTTP/1.1" 404 0 "-" "Mozilla/5.0 (Windows NT 10.0; Win64; x64) AppleWebKit/537.36 (KHTML, like Gecko) Chrome/97.0.4692.99 Safari/537.36"
14.192.208.48 - - [01/Feb/2022:03:43:23 +0800] "GET / HTTP/1.1" 200 0 "-" "Mozilla/5.0 (Windows NT 10.0; Win64; x64) AppleWebKit/537.36 (KHTML, like Gecko) Chrome/97.0.4692.99 Safari/537.36"
120.35.11.210 - - [01/Feb/2022:06:55:31 +0800] "GET / HTTP/1.1" 200 1728 "-" "Mozilla/5.0 (Linux; Android 6.0; Nexus 5 Build/MRA58N) AppleWebKit/537.36 (KHTML, like Gecko) Chrome/83.0.4103.116 Mobile Safari/537.36"
92.118.160.13 - - [01/Feb/2022:13:18:01 +0800] "GET / HTTP/1.1" 200 1845 "http://103.28.91.180:80/" "Go http package"
34.245.186.254 - - [02/Feb/2022:03:09:52 +0800] "GET / HTTP/2" 200 249 "-" "Mozilla/5.0 (X11; Linux x86_64) AppleWebKit/537.36 (KHTML, like Gecko) HeadlessChrome/78.0.3882.0 Safari/537.36"
54.218.199.34 - - [02/Feb/2022:03:48:08 +0800] "GET / HTTP/1.1" 200 1667 "-" "-"
58.33.94.132 - - [02/Feb/2022:06:51:43 +0800] "GET / HTTP/1.1" 200 1728 "-" "Mozilla/5.0 (Linux; Android 6.0; Nexus 5 Build/MRA58N) AppleWebKit/537.36 (KHTML, like Gecko) Chrome/83.0.4103.116 Mobile Safari/537.36"
42.193.45.103 - - [02/Feb/2022:08:35:12 +0800] "GET / HTTP/1.1" 200 1691 "http://mypriv.online/" "Mozilla/5.0 (Linux; Android 6.0; Nexus 5 Build/MRA58N) AppleWebKit/537.36 (KHTML, like Gecko) Chrome/81.0.4044.138 Mobile Safari/537.36"
92.118.160.1 - - [02/Feb/2022:08:44:54 +0800] "GET / HTTP/1.1" 200 1845 "-" "NetSystemsResearch studies the availability of various services across the internet. Our website is netsystemsresearch.com"
159.69.58.136 - - [03/Feb/2022:03:08:21 +0800] "GET / HTTP/2" 200 249 "-" "Mozilla/5.0 (Windows NT 10.0; Win64; x64) AppleWebKit/537.36 (KHTML, like Gecko)' Chrome/59.0.3071.115 Safari/537.36"
120.35.11.210 - - [03/Feb/2022:07:02:22 +0800] "GET / HTTP/1.1" 200 1728 "-" "Mozilla/5.0 (Linux; Android 6.0; Nexus 5 Build/MRA58N) AppleWebKit/537.36 (KHTML, like Gecko) Chrome/83.0.4103.116 Mobile Safari/537.36"
8.210.37.187 - - [03/Feb/2022:09:17:44 +0800] "GET /robots.txt HTTP/1.1" 200 512 "-" "fasthttp"
8.210.37.187 - - [03/Feb/2022:09:17:44 +0800] "GET /sitemap.xml HTTP/1.1" 404 7071 "-" "fasthttp"
8.210.37.187 - - [03/Feb/2022:09:17:49 +0800] "GET / HTTP/1.1" 200 1691 "-" "Mozilla/5.0 (Macintosh; Intel Mac OS X 10_14_6) AppleWebKit/537.36 (KHTML, like Gecko) Chrome/76.0.3809.132 Safari/537.36"
8.210.37.187 - - [03/Feb/2022:09:17:51 +0800] "GET /sitemap.xml HTTP/1.1" 404 7071 "-" "fasthttp"
8.210.37.187 - - [03/Feb/2022:09:17:51 +0800] "GET /robots.txt HTTP/1.1" 200 512 "-" "fasthttp"
188.40.113.31 - - [03/Feb/2022:17:37:23 +0800] "GET / HTTP/1.1" 200 1691 "http://mypriv.online/" "Mozilla/5.0 (Windows NT 10.0; Win64; x64) AppleWebKit/537.36 (KHTML, like Gecko)' Chrome/59.0.3071.115 Safari/537.36"
47.243.97.149 - - [03/Feb/2022:23:15:32 +0800] "GET / HTTP/1.1" 200 1691 "-" "Mozilla/5.0 (Macintosh; Intel Mac OS X 10_14_6) AppleWebKit/537.36 (KHTML, like Gecko) Chrome/76.0.3809.132 Safari/537.36"
47.243.97.149 - - [03/Feb/2022:23:15:37 +0800] "GET /sitemap.xml HTTP/1.1" 404 7071 "-" "fasthttp"
47.243.97.149 - - [03/Feb/2022:23:15:37 +0800] "GET /robots.txt HTTP/1.1" 200 512 "-" "fasthttp"
65.21.206.44 - - [03/Feb/2022:23:50:45 +0800] "GET / HTTP/2" 200 312 "-" "Mozilla/5.0 (Windows NT 10.0; Win64; x64) AppleWebKit/537.36 (KHTML, like Gecko) Chrome/91.0.4472.114 Safari/537.36 Edg/91.0.864.54"
130.255.166.51 - - [04/Feb/2022:03:18:52 +0800] "GET /robots.txt HTTP/1.1" 200 475 "http://mypriv.online/robots.txt" "Mozilla/5.0 (Macintosh; Intel Mac OS X 10_13_6) AppleWebKit/537.36 (KHTML, like Gecko) Chrome/91.0.4472.114 Safari/537.36"
130.255.166.121 - - [04/Feb/2022:03:18:53 +0800] "GET /humans.txt HTTP/1.1" 404 2781 "http://mypriv.online/humans.txt" "Mozilla/5.0 (Macintosh; Intel Mac OS X 10_13_6) AppleWebKit/537.36 (KHTML, like Gecko) Chrome/91.0.4472.114 Safari/537.36"
130.255.166.69 - - [04/Feb/2022:03:18:56 +0800] "GET /ads.txt HTTP/1.1" 404 2781 "http://mypriv.online/ads.txt" "Mozilla/5.0 (Macintosh; Intel Mac OS X 10_13_6) AppleWebKit/537.36 (KHTML, like Gecko) Chrome/91.0.4472.114 Safari/537.36"
130.255.166.79 - - [04/Feb/2022:03:18:58 +0800] "GET / HTTP/1.1" 200 1691 "http://mypriv.online/" "Mozilla/5.0 (Macintosh; Intel Mac OS X 10_13_6) AppleWebKit/537.36 (KHTML, like Gecko) Chrome/91.0.4472.114 Safari/537.36"
58.33.94.133 - - [04/Feb/2022:06:55:04 +0800] "GET / HTTP/1.1" 200 1728 "-" "Mozilla/5.0 (Linux; Android 6.0; Nexus 5 Build/MRA58N) AppleWebKit/537.36 (KHTML, like Gecko) Chrome/83.0.4103.116 Mobile Safari/537.36"
121.5.145.96 - - [04/Feb/2022:07:21:57 +0800] "GET / HTTP/1.1" 200 1691 "-" "Mozilla/5.0 (Linux; Android 6.0; Nexus 5 Build/MRA58N) AppleWebKit/537.36 (KHTML, like Gecko) Chrome/81.0.4044.138 Mobile Safari/537.36"
121.5.145.96 - - [04/Feb/2022:07:22:11 +0800] "GET / HTTP/1.1" 200 1691 "-" "Mozilla/5.0 (Linux; Android 6.0; Nexus 5 Build/MRA58N) AppleWebKit/537.36 (KHTML, like Gecko) Chrome/81.0.4044.138 Mobile Safari/537.36"
121.5.109.55 - - [04/Feb/2022:09:38:46 +0800] "GET / HTTP/1.1" 200 1691 "http://mypriv.online/" "Mozilla/5.0 (Linux; Android 6.0; Nexus 5 Build/MRA58N) AppleWebKit/537.36 (KHTML, like Gecko) Chrome/81.0.4044.138 Mobile Safari/537.36"
121.4.163.148 - - [04/Feb/2022:09:58:22 +0800] "GET / HTTP/1.1" 200 1691 "-" "Mozilla/5.0 (Linux; Android 6.0; Nexus 5 Build/MRA58N) AppleWebKit/537.36 (KHTML, like Gecko) Chrome/81.0.4044.138 Mobile Safari/537.36"
121.4.163.148 - - [04/Feb/2022:09:58:31 +0800] "GET / HTTP/1.1" 200 1691 "-" "Mozilla/5.0 (Linux; Android 6.0; Nexus 5 Build/MRA58N) AppleWebKit/537.36 (KHTML, like Gecko) Chrome/81.0.4044.138 Mobile Safari/537.36"
137.226.113.44 - - [04/Feb/2022:21:58:01 +0800] "GET / HTTP/1.1" 500 0 "-" "Mozilla/5.0 (X11; Linux x86_64; rv:84.0) Gecko/20100101 Firefox/84.0"
137.226.113.44 - - [04/Feb/2022:21:57:59 +0800] "GET / HTTP/2" 500 141925 "-" "Mozilla/5.0 (X11; Linux x86_64; rv:84.0) Gecko/20100101 Firefox/84.0"
138.246.253.24 - - [05/Feb/2022:05:45:34 +0800] "GET /robots.txt HTTP/1.1" 200 512 "-" "Mozilla/5.0 (Windows NT 10.0; Win64; x64) AppleWebKit/537.36 (KHTML, like Gecko) Chrome/88.0.4324.146 Safari/537.36"
120.35.11.210 - - [05/Feb/2022:06:58:29 +0800] "GET / HTTP/1.1" 200 1728 "-" "Mozilla/5.0 (Linux; Android 6.0; Nexus 5 Build/MRA58N) AppleWebKit/537.36 (KHTML, like Gecko) Chrome/83.0.4103.116 Mobile Safari/537.36"
184.169.207.163 - - [05/Feb/2022:07:28:29 +0800] "HEAD / HTTP/1.1" 200 1348 "-" "Mozilla/5.0 (Windows NT 10.0; Win64; x64) AppleWebKit/537.36 (KHTML, like Gecko) Chrome/91.0.4472.124 Safari/537.36"
165.227.220.91 - - [06/Feb/2022:06:16:47 +0800] "GET / HTTP/1.0" 200 1846 "-" "Mozilla/5.0 (compatible; NetcraftSurveyAgent/1.0; +info@netcraft.com)"
159.89.43.18 - - [06/Feb/2022:06:41:59 +0800] "GET / HTTP/1.0" 500 124241 "-" "Mozilla/5.0 (compatible; NetcraftSurveyAgent/1.0; +info@netcraft.com)"
58.33.94.133 - - [06/Feb/2022:07:01:17 +0800] "GET / HTTP/1.1" 200 1728 "-" "Mozilla/5.0 (Linux; Android 6.0; Nexus 5 Build/MRA58N) AppleWebKit/537.36 (KHTML, like Gecko) Chrome/83.0.4103.116 Mobile Safari/537.36"
194.9.191.20 - - [06/Feb/2022:21:41:39 +0800] "GET / HTTP/1.1" 500 127060 "-" "Mozilla/5.0 (compatible; vuhuvBot/1.0; +http://vuhuv.com/bot.html)"
72.13.62.26 - - [07/Feb/2022:04:12:54 +0800] "GET /robots.txt HTTP/1.1" 200 512 "-" "Mozilla/5.0 (compatible; ips-agent)"
72.13.62.26 - - [07/Feb/2022:04:12:55 +0800] "GET / HTTP/1.1" 500 203016 "-" "Mozilla/5.0 (compatible; ips-agent)"
123.233.115.26 - - [07/Feb/2022:06:56:52 +0800] "GET / HTTP/1.1" 200 1728 "-" "Mozilla/5.0 (Linux; Android 6.0; Nexus 5 Build/MRA58N) AppleWebKit/537.36 (KHTML, like Gecko) Chrome/83.0.4103.116 Mobile Safari/537.36"
34.247.93.148 - - [07/Feb/2022:16:17:29 +0800] "GET /robots.txt HTTP/1.1" 200 475 "-" "webprosbot/2.0 (+mailto:abuse-6337@webpros.com)"
34.247.93.148 - - [07/Feb/2022:16:17:30 +0800] "GET / HTTP/1.1" 200 1808 "-" "webprosbot/2.0 (+mailto:abuse-6337@webpros.com)"
81.19.214.5 - - [07/Feb/2022:23:33:07 +0800] "GET / HTTP/1.1" 200 1728 "-" "Mozilla/5.0 (Windows NT 10.0; Win64; x64)"
46.219.204.120 - - [08/Feb/2022:02:43:34 +0800] "HEAD / HTTP/1.1" 200 1348 "http://gabinovps.online" "Mozilla/5.0 (Windows NT 10.0) AppleWebKit/537.36 (KHTML, like Gecko) Chrome/43.0.2376.69 Safari/537.36"
46.219.204.120 - - [08/Feb/2022:02:43:37 +0800] "GET / HTTP/1.1" 200 1845 "http://gabinovps.online" "Mozilla/5.0 (Windows NT 10.0) AppleWebKit/537.36 (KHTML, like Gecko) Chrome/43.0.2376.69 Safari/537.36"
69.63.64.21 - - [08/Feb/2022:02:46:35 +0800] "GET /wp-login.php HTTP/1.1" 404 2781 "http://mypriv.online/wp-login.php" "Mozilla/5.0 (X11; Ubuntu; Linux x86_64; rv:62.0) Gecko/20100101 Firefox/62.0"
58.33.94.133 - - [08/Feb/2022:07:05:05 +0800] "GET / HTTP/1.1" 200 1728 "-" "Mozilla/5.0 (Linux; Android 6.0; Nexus 5 Build/MRA58N) AppleWebKit/537.36 (KHTML, like Gecko) Chrome/83.0.4103.116 Mobile Safari/537.36"
152.32.192.77 - - [08/Feb/2022:13:07:31 +0800] "GET / HTTP/1.1" 200 1728 "-" "Mozilla/5.0 (Linux; Android 8.1; EML-L29 Build/HUAWEIEML-L29; xx-xx) AppleWebKit/537.36 (KHTML, like Gecko) Version/4.0 Chrome/65.0.3325.109 Mobile Safari/537.36 (iPad; iPhone; CPU iPhone OS 13_2_3 like Mac OS X)"
81.69.191.124 - - [08/Feb/2022:14:10:43 +0800] "GET / HTTP/1.1" 200 1691 "-" "Mozilla/5.0 (Linux; Android 6.0; Nexus 5 Build/MRA58N) AppleWebKit/537.36 (KHTML, like Gecko) Chrome/81.0.4044.138 Mobile Safari/537.36"
35.167.158.230 - - [09/Feb/2022:06:16:00 +0800] "GET / HTTP/1.1" 200 1667 "-" "-"
35.167.158.230 - - [09/Feb/2022:06:16:04 +0800] "GET / HTTP/1.1" 200 1667 "-" "-"
45.129.18.204 - - [09/Feb/2022:08:08:17 +0800] "HEAD / HTTP/1.1" 200 1348 "-" "Mozilla/5.0 (Macintosh; Intel Mac OS X 10_9_3) AppleWebKit/537.36 (KHTML, like Gecko) Chrome/35.0.1916.47 Safari/537.36"
42.83.147.34 - - [09/Feb/2022:20:20:05 +0800] "GET / HTTP/1.1" 200 1728 "-" "Mozilla/5.0 (Windows NT 6.1; Win64; x64) AppleWebKit/537.36 (KHTML, like Gecko)Chrome/74.0.3729.169 Safari/537.36"
14.192.208.15 - - [10/Feb/2022:04:31:19 +0800] "GET /kodan HTTP/2" 200 1709 "-" "Mozilla/5.0 (Windows NT 10.0; Win64; x64) AppleWebKit/537.36 (KHTML, like Gecko) Chrome/98.0.4758.87 Safari/537.36"
14.192.208.15 - - [10/Feb/2022:04:31:21 +0800] "GET /js/aes.js HTTP/1.1" 200 0 "https://mypriv.online/kodan" "Mozilla/5.0 (Windows NT 10.0; Win64; x64) AppleWebKit/537.36 (KHTML, like Gecko) Chrome/98.0.4758.87 Safari/537.36"
14.192.208.15 - - [10/Feb/2022:04:31:21 +0800] "GET /js/FileSaver.js HTTP/1.1" 200 0 "https://mypriv.online/kodan" "Mozilla/5.0 (Windows NT 10.0; Win64; x64) AppleWebKit/537.36 (KHTML, like Gecko) Chrome/98.0.4758.87 Safari/537.36"
14.192.208.15 - - [10/Feb/2022:04:31:21 +0800] "GET /favicon.ico HTTP/1.1" 200 0 "https://mypriv.online/kodan" "Mozilla/5.0 (Windows NT 10.0; Win64; x64) AppleWebKit/537.36 (KHTML, like Gecko) Chrome/98.0.4758.87 Safari/537.36"
14.192.208.15 - - [10/Feb/2022:04:32:22 +0800] "GET /kodan HTTP/1.1" 200 0 "https://mypriv.online/kodan" "Mozilla/5.0 (Windows NT 10.0; Win64; x64) AppleWebKit/537.36 (KHTML, like Gecko) Chrome/98.0.4758.87 Safari/537.36"
14.192.208.15 - - [10/Feb/2022:04:33:35 +0800] "GET /kodan HTTP/1.1" 200 0 "https://mypriv.online/kodan" "Mozilla/5.0 (Windows NT 10.0; Win64; x64) AppleWebKit/537.36 (KHTML, like Gecko) Chrome/98.0.4758.87 Safari/537.36"
14.192.208.15 - - [10/Feb/2022:04:34:19 +0800] "GET /kodan HTTP/1.1" 200 0 "https://mypriv.online/kodan" "Mozilla/5.0 (Windows NT 10.0; Win64; x64) AppleWebKit/537.36 (KHTML, like Gecko) Chrome/98.0.4758.87 Safari/537.36"
14.192.208.15 - - [10/Feb/2022:04:35:13 +0800] "GET /kodan HTTP/1.1" 200 0 "https://mypriv.online/kodan" "Mozilla/5.0 (Windows NT 10.0; Win64; x64) AppleWebKit/537.36 (KHTML, like Gecko) Chrome/98.0.4758.87 Safari/537.36"
58.33.94.133 - - [10/Feb/2022:07:01:07 +0800] "GET / HTTP/1.1" 200 1728 "-" "Mozilla/5.0 (Linux; Android 6.0; Nexus 5 Build/MRA58N) AppleWebKit/537.36 (KHTML, like Gecko) Chrome/83.0.4103.116 Mobile Safari/537.36"
58.33.94.132 - - [10/Feb/2022:15:40:55 +0800] "GET / HTTP/1.1" 200 1728 "-" "Mozilla/5.0 (Linux; Android 6.0; Nexus 5 Build/MRA58N) AppleWebKit/537.36 (KHTML, like Gecko) Chrome/83.0.4103.116 Mobile Safari/537.36"
64.246.165.150 - - [10/Feb/2022:16:07:29 +0800] "GET / HTTP/1.1" 500 203371 "-" "Mozilla/5.0 (Macintosh; Intel Mac OS X 10.10; rv:59.0) Gecko/20100101 Firefox/59.0"
34.96.130.11 - - [11/Feb/2022:12:49:00 +0800] "GET / HTTP/1.1" 200 1845 "-" "Expanse indexes the network perimeters of our customers. If you have any questions or concerns, please reach out to: scaninfo@expanseinc.com"
185.119.81.104 - - [11/Feb/2022:18:30:49 +0800] "GET / HTTP/2" 200 312 "http://mypriv.online/" "Mozilla/5.0 (Windows NT 10.0; Win64; x64) AppleWebKit/537.36 (KHTML, like Gecko) Chrome/74.0.3729.169 Safari/537.36"
137.226.113.44 - - [11/Feb/2022:21:53:54 +0800] "GET / HTTP/2" 500 201667 "-" "Mozilla/5.0 (X11; Linux x86_64; rv:84.0) Gecko/20100101 Firefox/84.0"
137.226.113.44 - - [11/Feb/2022:21:53:56 +0800] "GET / HTTP/1.1" 500 0 "-" "Mozilla/5.0 (X11; Linux x86_64; rv:84.0) Gecko/20100101 Firefox/84.0"
138.246.253.24 - - [11/Feb/2022:22:43:24 +0800] "GET /robots.txt HTTP/1.1" 200 512 "-" "Mozilla/5.0 (Windows NT 10.0; Win64; x64) AppleWebKit/537.36 (KHTML, like Gecko) Chrome/88.0.4324.146 Safari/537.36"
178.170.220.92 - - [12/Feb/2022:00:26:22 +0800] "GET / HTTP/1.1" 200 1728 "-" "Mozilla/5.0 (Windows NT 10.0; Win64; x64) AppleWebKit/537.36 (KHTML, like Gecko) Chrome/91.0.4472.164 Safari/537.36"
156.146.41.22 - - [12/Feb/2022:01:22:20 +0800] "GET /index.php/admin/ HTTP/1.1" 301 1150 "-" "Mozilla/5.0 (X11; Ubuntu; Linux x86_64; rv:62.0) Gecko/20100101 Firefox/62.0"
156.146.41.22 - - [12/Feb/2022:01:22:20 +0800] "GET /index.php/admin HTTP/1.1" 404 6893 "-" "Mozilla/5.0 (X11; Ubuntu; Linux x86_64; rv:62.0) Gecko/20100101 Firefox/62.0"
156.146.41.22 - - [12/Feb/2022:01:22:34 +0800] "GET /old/index.php/admin/ HTTP/1.1" 301 1154 "-" "Mozilla/5.0 (X11; Ubuntu; Linux x86_64; rv:62.0) Gecko/20100101 Firefox/62.0"
156.146.41.22 - - [12/Feb/2022:01:22:34 +0800] "GET /old/index.php/admin HTTP/1.1" 404 6893 "-" "Mozilla/5.0 (X11; Ubuntu; Linux x86_64; rv:62.0) Gecko/20100101 Firefox/62.0"
156.146.41.22 - - [12/Feb/2022:01:22:46 +0800] "GET /dev/index.php/admin/ HTTP/1.1" 301 1154 "-" "Mozilla/5.0 (X11; Ubuntu; Linux x86_64; rv:62.0) Gecko/20100101 Firefox/62.0"
156.146.41.22 - - [12/Feb/2022:01:22:46 +0800] "GET /dev/index.php/admin HTTP/1.1" 404 6893 "-" "Mozilla/5.0 (X11; Ubuntu; Linux x86_64; rv:62.0) Gecko/20100101 Firefox/62.0"
156.146.41.22 - - [12/Feb/2022:01:23:02 +0800] "GET /demo/index.php/admin/ HTTP/1.1" 301 1155 "-" "Mozilla/5.0 (X11; Ubuntu; Linux x86_64; rv:62.0) Gecko/20100101 Firefox/62.0"
156.146.41.22 - - [12/Feb/2022:01:23:03 +0800] "GET /demo/index.php/admin HTTP/1.1" 404 6893 "-" "Mozilla/5.0 (X11; Ubuntu; Linux x86_64; rv:62.0) Gecko/20100101 Firefox/62.0"
156.146.41.22 - - [12/Feb/2022:01:23:09 +0800] "GET /test/index.php/admin/ HTTP/1.1" 301 1155 "-" "Mozilla/5.0 (X11; Ubuntu; Linux x86_64; rv:62.0) Gecko/20100101 Firefox/62.0"
156.146.41.22 - - [12/Feb/2022:01:23:09 +0800] "GET /test/index.php/admin HTTP/1.1" 404 6893 "-" "Mozilla/5.0 (X11; Ubuntu; Linux x86_64; rv:62.0) Gecko/20100101 Firefox/62.0"
156.146.41.22 - - [12/Feb/2022:01:23:17 +0800] "GET /shop/index.php/admin/ HTTP/1.1" 301 1155 "-" "Mozilla/5.0 (X11; Ubuntu; Linux x86_64; rv:62.0) Gecko/20100101 Firefox/62.0"
156.146.41.22 - - [12/Feb/2022:01:23:17 +0800] "GET /shop/index.php/admin HTTP/1.1" 404 6893 "-" "Mozilla/5.0 (X11; Ubuntu; Linux x86_64; rv:62.0) Gecko/20100101 Firefox/62.0"
156.146.41.22 - - [12/Feb/2022:01:23:28 +0800] "GET /store/index.php/admin/ HTTP/1.1" 301 1156 "-" "Mozilla/5.0 (X11; Ubuntu; Linux x86_64; rv:62.0) Gecko/20100101 Firefox/62.0"
156.146.41.22 - - [12/Feb/2022:01:23:28 +0800] "GET /store/index.php/admin HTTP/1.1" 404 6893 "-" "Mozilla/5.0 (X11; Ubuntu; Linux x86_64; rv:62.0) Gecko/20100101 Firefox/62.0"
156.146.41.22 - - [12/Feb/2022:01:23:43 +0800] "GET /magento/index.php/admin/ HTTP/1.1" 301 1158 "-" "Mozilla/5.0 (X11; Ubuntu; Linux x86_64; rv:62.0) Gecko/20100101 Firefox/62.0"
156.146.41.22 - - [12/Feb/2022:01:23:43 +0800] "GET /magento/index.php/admin HTTP/1.1" 404 6893 "-" "Mozilla/5.0 (X11; Ubuntu; Linux x86_64; rv:62.0) Gecko/20100101 Firefox/62.0"
156.146.41.22 - - [12/Feb/2022:01:23:44 +0800] "GET /staging/index.php/admin/ HTTP/1.1" 301 1158 "-" "Mozilla/5.0 (X11; Ubuntu; Linux x86_64; rv:62.0) Gecko/20100101 Firefox/62.0"
156.146.41.22 - - [12/Feb/2022:01:23:44 +0800] "GET /staging/index.php/admin HTTP/1.1" 404 6893 "-" "Mozilla/5.0 (X11; Ubuntu; Linux x86_64; rv:62.0) Gecko/20100101 Firefox/62.0"
156.146.41.22 - 27.3907704569233 [12/Feb/2022:01:23:46 +0800] "GET /rss/order/new HTTP/1.1" 404 7071 "-" "Mozilla/5.0 (X11; Ubuntu; Linux x86_64; rv:62.0) Gecko/20100101 Firefox/62.0"
156.146.41.22 - 27.3907704569233 [12/Feb/2022:01:23:46 +0800] "GET /rss/catalog/notifystock HTTP/1.1" 404 7071 "-" "Mozilla/5.0 (X11; Ubuntu; Linux x86_64; rv:62.0) Gecko/20100101 Firefox/62.0"
156.146.41.22 - 59.9963305506385 [12/Feb/2022:01:24:20 +0800] "GET /old/rss/order/new HTTP/1.1" 404 7071 "-" "Mozilla/5.0 (X11; Ubuntu; Linux x86_64; rv:62.0) Gecko/20100101 Firefox/62.0"
156.146.41.22 - 59.9963305506385 [12/Feb/2022:01:24:31 +0800] "GET /old/rss/catalog/notifystock HTTP/1.1" 404 7071 "-" "Mozilla/5.0 (X11; Ubuntu; Linux x86_64; rv:62.0) Gecko/20100101 Firefox/62.0"
156.146.41.22 - 59.9963305506385 [12/Feb/2022:01:24:32 +0800] "GET /old/rss/catalog/review HTTP/1.1" 404 7071 "-" "Mozilla/5.0 (X11; Ubuntu; Linux x86_64; rv:62.0) Gecko/20100101 Firefox/62.0"
156.146.41.22 - 90.4084988078679 [12/Feb/2022:01:24:33 +0800] "GET /dev/rss/order/new HTTP/1.1" 404 7071 "-" "Mozilla/5.0 (X11; Ubuntu; Linux x86_64; rv:62.0) Gecko/20100101 Firefox/62.0"
156.146.41.22 - 90.4084988078679 [12/Feb/2022:01:24:35 +0800] "GET /dev/rss/catalog/notifystock HTTP/1.1" 404 7071 "-" "Mozilla/5.0 (X11; Ubuntu; Linux x86_64; rv:62.0) Gecko/20100101 Firefox/62.0"
156.146.41.22 - 90.4084988078679 [12/Feb/2022:01:24:35 +0800] "GET /dev/rss/catalog/review HTTP/1.1" 404 7071 "-" "Mozilla/5.0 (X11; Ubuntu; Linux x86_64; rv:62.0) Gecko/20100101 Firefox/62.0"
156.146.41.22 - 45.6677691556266 [12/Feb/2022:01:25:31 +0800] "GET /demo/rss/order/new HTTP/1.1" 404 7071 "-" "Mozilla/5.0 (X11; Ubuntu; Linux x86_64; rv:62.0) Gecko/20100101 Firefox/62.0"
156.146.41.22 - 45.6677691556266 [12/Feb/2022:01:25:43 +0800] "GET /demo/rss/catalog/notifystock HTTP/1.1" 404 7071 "-" "Mozilla/5.0 (X11; Ubuntu; Linux x86_64; rv:62.0) Gecko/20100101 Firefox/62.0"
156.146.41.22 - 45.6677691556266 [12/Feb/2022:01:25:43 +0800] "GET /demo/rss/catalog/review HTTP/1.1" 404 7071 "-" "Mozilla/5.0 (X11; Ubuntu; Linux x86_64; rv:62.0) Gecko/20100101 Firefox/62.0"
156.146.41.22 - 32.5221233299423 [12/Feb/2022:01:25:44 +0800] "GET /test/rss/order/new HTTP/1.1" 404 7071 "-" "Mozilla/5.0 (X11; Ubuntu; Linux x86_64; rv:62.0) Gecko/20100101 Firefox/62.0"
156.146.41.22 - 32.5221233299423 [12/Feb/2022:01:25:55 +0800] "GET /test/rss/catalog/notifystock HTTP/1.1" 404 7071 "-" "Mozilla/5.0 (X11; Ubuntu; Linux x86_64; rv:62.0) Gecko/20100101 Firefox/62.0"
156.146.41.22 - 32.5221233299423 [12/Feb/2022:01:26:03 +0800] "GET /test/rss/catalog/review HTTP/1.1" 404 7071 "-" "Mozilla/5.0 (X11; Ubuntu; Linux x86_64; rv:62.0) Gecko/20100101 Firefox/62.0"
156.146.41.22 - 43.8413889250349 [12/Feb/2022:01:26:23 +0800] "GET /shop/rss/order/new HTTP/1.1" 404 7071 "-" "Mozilla/5.0 (X11; Ubuntu; Linux x86_64; rv:62.0) Gecko/20100101 Firefox/62.0"
156.146.41.22 - 43.8413889250349 [12/Feb/2022:01:26:34 +0800] "GET /shop/rss/catalog/notifystock HTTP/1.1" 404 7071 "-" "Mozilla/5.0 (X11; Ubuntu; Linux x86_64; rv:62.0) Gecko/20100101 Firefox/62.0"
156.146.41.22 - 43.8413889250349 [12/Feb/2022:01:26:45 +0800] "GET /shop/rss/catalog/review HTTP/1.1" 404 7071 "-" "Mozilla/5.0 (X11; Ubuntu; Linux x86_64; rv:62.0) Gecko/20100101 Firefox/62.0"
156.146.41.22 - 55.9743623466417 [12/Feb/2022:01:26:46 +0800] "GET /store/rss/order/new HTTP/1.1" 404 7071 "-" "Mozilla/5.0 (X11; Ubuntu; Linux x86_64; rv:62.0) Gecko/20100101 Firefox/62.0"
156.146.41.22 - 55.9743623466417 [12/Feb/2022:01:26:57 +0800] "GET /store/rss/catalog/notifystock HTTP/1.1" 404 7071 "-" "Mozilla/5.0 (X11; Ubuntu; Linux x86_64; rv:62.0) Gecko/20100101 Firefox/62.0"
156.146.41.22 - 55.9743623466417 [12/Feb/2022:01:26:58 +0800] "GET /store/rss/catalog/review HTTP/1.1" 404 7071 "-" "Mozilla/5.0 (X11; Ubuntu; Linux x86_64; rv:62.0) Gecko/20100101 Firefox/62.0"
156.146.41.22 - 81.6661220599215 [12/Feb/2022:01:27:49 +0800] "GET /magento/rss/order/new HTTP/1.1" 404 7071 "-" "Mozilla/5.0 (X11; Ubuntu; Linux x86_64; rv:62.0) Gecko/20100101 Firefox/62.0"
156.146.41.22 - 81.6661220599215 [12/Feb/2022:01:27:55 +0800] "GET /magento/rss/catalog/notifystock HTTP/1.1" 404 7071 "-" "Mozilla/5.0 (X11; Ubuntu; Linux x86_64; rv:62.0) Gecko/20100101 Firefox/62.0"
156.146.41.22 - 81.6661220599215 [12/Feb/2022:01:27:56 +0800] "GET /magento/rss/catalog/review HTTP/1.1" 404 7071 "-" "Mozilla/5.0 (X11; Ubuntu; Linux x86_64; rv:62.0) Gecko/20100101 Firefox/62.0"
156.146.41.22 - 39.8088079438303 [12/Feb/2022:01:28:07 +0800] "GET /staging/rss/order/new HTTP/1.1" 404 7071 "-" "Mozilla/5.0 (X11; Ubuntu; Linux x86_64; rv:62.0) Gecko/20100101 Firefox/62.0"
156.146.41.22 - 39.8088079438303 [12/Feb/2022:01:28:13 +0800] "GET /staging/rss/catalog/notifystock HTTP/1.1" 404 7071 "-" "Mozilla/5.0 (X11; Ubuntu; Linux x86_64; rv:62.0) Gecko/20100101 Firefox/62.0"
156.146.41.22 - 39.8088079438303 [12/Feb/2022:01:28:24 +0800] "GET /staging/rss/catalog/review HTTP/1.1" 404 7071 "-" "Mozilla/5.0 (X11; Ubuntu; Linux x86_64; rv:62.0) Gecko/20100101 Firefox/62.0"
156.146.41.22 - - [12/Feb/2022:01:28:25 +0800] "GET /downloader/index.php HTTP/1.1" 404 7071 "-" "Mozilla/5.0 (X11; Ubuntu; Linux x86_64; rv:62.0) Gecko/20100101 Firefox/62.0"
156.146.41.22 - - [12/Feb/2022:01:28:42 +0800] "GET /old/downloader/index.php HTTP/1.1" 404 7071 "-" "Mozilla/5.0 (X11; Ubuntu; Linux x86_64; rv:62.0) Gecko/20100101 Firefox/62.0"
156.146.41.22 - - [12/Feb/2022:01:28:53 +0800] "GET /dev/downloader/index.php HTTP/1.1" 404 7071 "-" "Mozilla/5.0 (X11; Ubuntu; Linux x86_64; rv:62.0) Gecko/20100101 Firefox/62.0"
156.146.41.22 - - [12/Feb/2022:01:29:08 +0800] "GET /demo/downloader/index.php HTTP/1.1" 404 7071 "-" "Mozilla/5.0 (X11; Ubuntu; Linux x86_64; rv:62.0) Gecko/20100101 Firefox/62.0"
156.146.41.22 - - [12/Feb/2022:01:29:14 +0800] "GET /test/downloader/index.php HTTP/1.1" 404 7071 "-" "Mozilla/5.0 (X11; Ubuntu; Linux x86_64; rv:62.0) Gecko/20100101 Firefox/62.0"
156.146.41.22 - - [12/Feb/2022:01:29:17 +0800] "GET /shop/downloader/index.php HTTP/1.1" 404 7071 "-" "Mozilla/5.0 (X11; Ubuntu; Linux x86_64; rv:62.0) Gecko/20100101 Firefox/62.0"
156.146.41.22 - - [12/Feb/2022:01:29:27 +0800] "GET /store/downloader/index.php HTTP/1.1" 404 7071 "-" "Mozilla/5.0 (X11; Ubuntu; Linux x86_64; rv:62.0) Gecko/20100101 Firefox/62.0"
156.146.41.22 - - [12/Feb/2022:01:29:32 +0800] "GET /magento/downloader/index.php HTTP/1.1" 404 7071 "-" "Mozilla/5.0 (X11; Ubuntu; Linux x86_64; rv:62.0) Gecko/20100101 Firefox/62.0"
156.146.41.22 - - [12/Feb/2022:01:29:43 +0800] "GET /staging/downloader/index.php HTTP/1.1" 404 7071 "-" "Mozilla/5.0 (X11; Ubuntu; Linux x86_64; rv:62.0) Gecko/20100101 Firefox/62.0"
156.146.41.22 - - [12/Feb/2022:01:29:49 +0800] "GET /errors/503.php HTTP/1.1" 404 7071 "-" "Mozilla/5.0 (X11; Ubuntu; Linux x86_64; rv:62.0) Gecko/20100101 Firefox/62.0"
156.146.41.22 - - [12/Feb/2022:01:30:02 +0800] "GET /old/errors/503.php HTTP/1.1" 404 7071 "-" "Mozilla/5.0 (X11; Ubuntu; Linux x86_64; rv:62.0) Gecko/20100101 Firefox/62.0"
156.146.41.22 - - [12/Feb/2022:01:30:08 +0800] "GET /dev/errors/503.php HTTP/1.1" 404 7071 "-" "Mozilla/5.0 (X11; Ubuntu; Linux x86_64; rv:62.0) Gecko/20100101 Firefox/62.0"
156.146.41.22 - - [12/Feb/2022:01:30:28 +0800] "GET /demo/errors/503.php HTTP/1.1" 404 7071 "-" "Mozilla/5.0 (X11; Ubuntu; Linux x86_64; rv:62.0) Gecko/20100101 Firefox/62.0"
156.146.41.22 - - [12/Feb/2022:01:30:34 +0800] "GET /test/errors/503.php HTTP/1.1" 404 7071 "-" "Mozilla/5.0 (X11; Ubuntu; Linux x86_64; rv:62.0) Gecko/20100101 Firefox/62.0"
156.146.41.22 - - [12/Feb/2022:01:30:38 +0800] "GET /shop/errors/503.php HTTP/1.1" 404 7071 "-" "Mozilla/5.0 (X11; Ubuntu; Linux x86_64; rv:62.0) Gecko/20100101 Firefox/62.0"
156.146.41.22 - - [12/Feb/2022:01:30:44 +0800] "GET /store/errors/503.php HTTP/1.1" 404 7071 "-" "Mozilla/5.0 (X11; Ubuntu; Linux x86_64; rv:62.0) Gecko/20100101 Firefox/62.0"
156.146.41.22 - - [12/Feb/2022:01:31:04 +0800] "GET /magento/errors/503.php HTTP/1.1" 404 7071 "-" "Mozilla/5.0 (X11; Ubuntu; Linux x86_64; rv:62.0) Gecko/20100101 Firefox/62.0"
156.146.41.22 - - [12/Feb/2022:01:31:05 +0800] "GET /staging/errors/503.php HTTP/1.1" 404 7071 "-" "Mozilla/5.0 (X11; Ubuntu; Linux x86_64; rv:62.0) Gecko/20100101 Firefox/62.0"
62.28.184.124 - - [12/Feb/2022:02:47:35 +0800] "GET /wp-login.php HTTP/1.1" 404 2781 "http://mypriv.online/wp-login.php" "Mozilla/5.0 (X11; Ubuntu; Linux x86_64; rv:62.0) Gecko/20100101 Firefox/62.0"
120.35.11.210 - - [12/Feb/2022:07:01:55 +0800] "GET / HTTP/1.1" 200 1728 "-" "Mozilla/5.0 (Linux; Android 6.0; Nexus 5 Build/MRA58N) AppleWebKit/537.36 (KHTML, like Gecko) Chrome/83.0.4103.116 Mobile Safari/537.36"
3.96.48.221 - - [12/Feb/2022:20:48:36 +0800] "GET / HTTP/1.1" 200 1728 "-" "Mozilla/5.0 (Windows NT 10.0; Win64; x64; rv:91.0) Gecko/20100101 Firefox/91.0"
58.33.94.134 - - [13/Feb/2022:00:14:07 +0800] "GET / HTTP/1.1" 200 1728 "-" "Mozilla/5.0 (Linux; Android 6.0; Nexus 5 Build/MRA58N) AppleWebKit/537.36 (KHTML, like Gecko) Chrome/83.0.4103.116 Mobile Safari/537.36"
47.105.86.21 - - [13/Feb/2022:03:26:56 +0800] "GET /wp-login.php HTTP/1.1" 404 2781 "http://mypriv.online/wp-login.php" "Mozilla/5.0 (X11; Ubuntu; Linux x86_64; rv:62.0) Gecko/20100101 Firefox/62.0"
65.21.206.44 - - [13/Feb/2022:06:47:07 +0800] "GET / HTTP/2" 200 312 "-" "Mozilla/5.0 (Windows NT 10.0; Win64; x64) AppleWebKit/537.36 (KHTML, like Gecko) Chrome/91.0.4472.114 Safari/537.36 Edg/91.0.864.54"
58.33.94.132 - - [13/Feb/2022:07:04:16 +0800] "GET / HTTP/1.1" 200 1728 "-" "Mozilla/5.0 (Linux; Android 6.0; Nexus 5 Build/MRA58N) AppleWebKit/537.36 (KHTML, like Gecko) Chrome/83.0.4103.116 Mobile Safari/537.36"
58.33.94.133 - - [13/Feb/2022:12:46:56 +0800] "GET / HTTP/1.1" 200 1728 "-" "Mozilla/5.0 (Linux; Android 6.0; Nexus 5 Build/MRA58N) AppleWebKit/537.36 (KHTML, like Gecko) Chrome/83.0.4103.116 Mobile Safari/537.36"
81.19.214.5 - - [14/Feb/2022:05:39:19 +0800] "GET / HTTP/1.1" 200 1728 "-" "Mozilla/5.0 (Windows NT 10.0; Win64; x64)"
123.233.115.26 - - [14/Feb/2022:07:06:41 +0800] "GET / HTTP/1.1" 200 1728 "-" "Mozilla/5.0 (Linux; Android 6.0; Nexus 5 Build/MRA58N) AppleWebKit/537.36 (KHTML, like Gecko) Chrome/83.0.4103.116 Mobile Safari/537.36"
14.192.215.46 - - [14/Feb/2022:07:27:23 +0800] "GET /kodan HTTP/2" 200 1720 "-" "Mozilla/5.0 (Windows NT 10.0; Win64; x64) AppleWebKit/537.36 (KHTML, like Gecko) Chrome/98.0.4758.87 Safari/537.36"
14.192.215.46 - - [14/Feb/2022:07:27:24 +0800] "GET /js/aes.js HTTP/1.1" 200 0 "https://mypriv.online/kodan" "Mozilla/5.0 (Windows NT 10.0; Win64; x64) AppleWebKit/537.36 (KHTML, like Gecko) Chrome/98.0.4758.87 Safari/537.36"
14.192.215.46 - - [14/Feb/2022:07:27:24 +0800] "GET /js/FileSaver.js HTTP/1.1" 200 0 "https://mypriv.online/kodan" "Mozilla/5.0 (Windows NT 10.0; Win64; x64) AppleWebKit/537.36 (KHTML, like Gecko) Chrome/98.0.4758.87 Safari/537.36"
14.192.215.46 - - [14/Feb/2022:07:27:25 +0800] "GET /favicon.ico HTTP/1.1" 304 0 "https://mypriv.online/kodan" "Mozilla/5.0 (Windows NT 10.0; Win64; x64) AppleWebKit/537.36 (KHTML, like Gecko) Chrome/98.0.4758.87 Safari/537.36"
124.117.250.220 - - [14/Feb/2022:13:03:10 +0800] "GET / HTTP/1.1" 200 1728 "-" "Mozilla/5.0 (Linux; Android 6.0; Nexus 5 Build/MRA58N) AppleWebKit/537.36 (KHTML, like Gecko) Chrome/83.0.4103.116 Mobile Safari/537.36"
92.118.160.1 - - [14/Feb/2022:13:26:29 +0800] "GET / HTTP/1.1" 200 1845 "-" "NetSystemsResearch studies the availability of various services across the internet. Our website is netsystemsresearch.com"
123.233.115.26 - - [15/Feb/2022:07:06:10 +0800] "GET / HTTP/1.1" 200 1728 "-" "Mozilla/5.0 (Linux; Android 6.0; Nexus 5 Build/MRA58N) AppleWebKit/537.36 (KHTML, like Gecko) Chrome/83.0.4103.116 Mobile Safari/537.36"
104.237.5.111 - - [15/Feb/2022:18:16:17 +0800] "GET / HTTP/1.1" 403 992 "-" "Mozilla/5.0 (compatible; Googlebot/2.1; +http://www.google.com/bot.html)"
111.31.13.158 - - [15/Feb/2022:22:53:05 +0800] "GET / HTTP/1.1" 200 1728 "-" "Mozilla/5.0 (Linux; Android 6.0; Nexus 5 Build/MRA58N) AppleWebKit/537.36 (KHTML, like Gecko) Chrome/83.0.4103.116 Mobile Safari/537.36"
54.188.105.111 - - [16/Feb/2022:05:11:40 +0800] "GET / HTTP/1.1" 200 1667 "-" "-"
54.188.105.111 - - [16/Feb/2022:05:11:45 +0800] "GET / HTTP/1.1" 200 1667 "-" "-"
124.117.250.220 - - [16/Feb/2022:07:14:05 +0800] "GET / HTTP/1.1" 200 1728 "-" "Mozilla/5.0 (Linux; Android 6.0; Nexus 5 Build/MRA58N) AppleWebKit/537.36 (KHTML, like Gecko) Chrome/83.0.4103.116 Mobile Safari/537.36"
14.192.215.46 - - [16/Feb/2022:07:57:25 +0800] "GET / HTTP/2" 200 249 "-" "Mozilla/5.0 (Windows NT 10.0; Win64; x64) AppleWebKit/537.36 (KHTML, like Gecko) Chrome/98.0.4758.87 Safari/537.36"
185.119.81.104 - - [16/Feb/2022:09:39:41 +0800] "GET / HTTP/2" 200 312 "http://mypriv.online/" "Mozilla/5.0 (Windows NT 10.0; Win64; x64) AppleWebKit/537.36 (KHTML, like Gecko) Chrome/74.0.3729.169 Safari/537.36"
42.83.147.34 - - [17/Feb/2022:04:59:26 +0800] "GET / HTTP/1.1" 200 1728 "-" "Mozilla/5.0 (Windows NT 6.1; Win64; x64) AppleWebKit/537.36 (KHTML, like Gecko)Chrome/74.0.3729.169 Safari/537.36"
120.35.11.210 - - [17/Feb/2022:06:31:38 +0800] "GET / HTTP/1.1" 200 1728 "-" "Mozilla/5.0 (Linux; Android 6.0; Nexus 5 Build/MRA58N) AppleWebKit/537.36 (KHTML, like Gecko) Chrome/83.0.4103.116 Mobile Safari/537.36"
111.31.13.158 - - [17/Feb/2022:09:42:18 +0800] "GET / HTTP/1.1" 200 1728 "-" "Mozilla/5.0 (Linux; Android 6.0; Nexus 5 Build/MRA58N) AppleWebKit/537.36 (KHTML, like Gecko) Chrome/83.0.4103.116 Mobile Safari/537.36"
130.255.166.11 - - [17/Feb/2022:12:23:51 +0800] "GET /robots.txt HTTP/1.1" 200 475 "http://mypriv.online/robots.txt" "Mozilla/5.0 (Macintosh; Intel Mac OS X 10_13_6) AppleWebKit/537.36 (KHTML, like Gecko) Chrome/91.0.4472.114 Safari/537.36"
130.255.166.122 - - [17/Feb/2022:12:23:53 +0800] "GET /humans.txt HTTP/1.1" 404 2781 "http://mypriv.online/humans.txt" "Mozilla/5.0 (Macintosh; Intel Mac OS X 10_13_6) AppleWebKit/537.36 (KHTML, like Gecko) Chrome/91.0.4472.114 Safari/537.36"
130.255.166.98 - - [17/Feb/2022:12:23:57 +0800] "GET / HTTP/1.1" 200 1691 "http://mypriv.online/" "Mozilla/5.0 (Macintosh; Intel Mac OS X 10_13_6) AppleWebKit/537.36 (KHTML, like Gecko) Chrome/91.0.4472.114 Safari/537.36"
62.182.157.251 - - [17/Feb/2022:13:14:01 +0800] "GET / HTTP/1.1" 200 1728 "http://mypriv.online/" "Mozilla/5.0 (Windows NT 10.0; Win64; x64; rv:94.0) Gecko/20100101 Firefox/94.0"
120.35.11.210 - - [18/Feb/2022:06:30:46 +0800] "GET / HTTP/1.1" 200 1728 "-" "Mozilla/5.0 (Linux; Android 6.0; Nexus 5 Build/MRA58N) AppleWebKit/537.36 (KHTML, like Gecko) Chrome/83.0.4103.116 Mobile Safari/537.36"
120.35.11.210 - - [18/Feb/2022:12:03:13 +0800] "GET / HTTP/1.1" 200 1728 "-" "Mozilla/5.0 (Linux; Android 6.0; Nexus 5 Build/MRA58N) AppleWebKit/537.36 (KHTML, like Gecko) Chrome/83.0.4103.116 Mobile Safari/537.36"
138.246.253.24 - - [18/Feb/2022:18:30:06 +0800] "GET /robots.txt HTTP/1.1" 200 512 "-" "Mozilla/5.0 (Windows NT 10.0; Win64; x64) AppleWebKit/537.36 (KHTML, like Gecko) Chrome/88.0.4324.146 Safari/537.36"
45.129.18.167 - - [18/Feb/2022:21:46:33 +0800] "HEAD / HTTP/1.1" 200 1348 "-" "Mozilla/5.0 (Macintosh; Intel Mac OS X 10_9_3) AppleWebKit/537.36 (KHTML, like Gecko) Chrome/35.0.1916.47 Safari/537.36"
137.226.113.44 - - [18/Feb/2022:22:03:08 +0800] "GET / HTTP/1.1" 500 0 "-" "Mozilla/5.0 (X11; Linux x86_64; rv:84.0) Gecko/20100101 Firefox/84.0"
120.35.11.210 - - [19/Feb/2022:06:51:18 +0800] "GET / HTTP/1.1" 200 1728 "-" "Mozilla/5.0 (Linux; Android 6.0; Nexus 5 Build/MRA58N) AppleWebKit/537.36 (KHTML, like Gecko) Chrome/83.0.4103.116 Mobile Safari/537.36"
14.192.215.46 - - [19/Feb/2022:08:26:06 +0800] "GET / HTTP/2" 200 249 "-" "Mozilla/5.0 (Windows NT 10.0; Win64; x64) AppleWebKit/537.36 (KHTML, like Gecko) Chrome/98.0.4758.102 Safari/537.36"
14.192.215.46 - - [19/Feb/2022:08:26:10 +0800] "GET /kodan HTTP/1.1" 200 0 "-" "Mozilla/5.0 (Windows NT 10.0; Win64; x64) AppleWebKit/537.36 (KHTML, like Gecko) Chrome/98.0.4758.102 Safari/537.36"
14.192.215.46 - - [19/Feb/2022:08:26:10 +0800] "GET /js/aes.js HTTP/1.1" 200 0 "https://mypriv.online/kodan" "Mozilla/5.0 (Windows NT 10.0; Win64; x64) AppleWebKit/537.36 (KHTML, like Gecko) Chrome/98.0.4758.102 Safari/537.36"
14.192.215.46 - - [19/Feb/2022:08:26:10 +0800] "GET /js/FileSaver.js HTTP/1.1" 200 0 "https://mypriv.online/kodan" "Mozilla/5.0 (Windows NT 10.0; Win64; x64) AppleWebKit/537.36 (KHTML, like Gecko) Chrome/98.0.4758.102 Safari/537.36"
14.192.215.46 - - [19/Feb/2022:08:26:11 +0800] "GET /favicon.ico HTTP/1.1" 200 0 "https://mypriv.online/kodan" "Mozilla/5.0 (Windows NT 10.0; Win64; x64) AppleWebKit/537.36 (KHTML, like Gecko) Chrome/98.0.4758.102 Safari/537.36"
35.211.235.38 - - [19/Feb/2022:10:30:24 +0800] "GET / HTTP/1.1" 200 1691 "-" "Mozilla/5.0 (Windows NT 10.0; Win64; x64) AppleWebKit/537.36 (KHTML, like Gecko; compatible; BW/1.1; bit.ly/2W6Px8S; 62d59b802e) Chrome/84.0.4147.105 Safari/537.36"
35.211.235.38 - - [19/Feb/2022:10:30:29 +0800] "GET /robots.txt HTTP/1.1" 200 475 "-" "Mozilla/5.0 (Windows NT 10.0; Win64; x64) AppleWebKit/537.36 (KHTML, like Gecko; compatible; BW/1.1; bit.ly/2W6Px8S; 62d59b802e) Chrome/84.0.4147.105 Safari/537.36"
120.35.11.210 - - [19/Feb/2022:19:16:42 +0800] "GET / HTTP/1.1" 200 1728 "-" "Mozilla/5.0 (Linux; Android 6.0; Nexus 5 Build/MRA58N) AppleWebKit/537.36 (KHTML, like Gecko) Chrome/83.0.4103.116 Mobile Safari/537.36"
92.118.160.1 - - [19/Feb/2022:19:40:43 +0800] "GET / HTTP/1.1" 200 1845 "-" "NetSystemsResearch studies the availability of various services across the internet. Our website is netsystemsresearch.com"
14.192.213.27 - - [19/Feb/2022:23:17:34 +0800] "GET /kodan HTTP/2" 200 1720 "-" "Mozilla/5.0 (Windows NT 10.0; Win64; x64) AppleWebKit/537.36 (KHTML, like Gecko) Chrome/98.0.4758.102 Safari/537.36"
14.192.213.27 - - [19/Feb/2022:23:17:35 +0800] "GET /js/aes.js HTTP/1.1" 200 0 "https://mypriv.online/kodan" "Mozilla/5.0 (Windows NT 10.0; Win64; x64) AppleWebKit/537.36 (KHTML, like Gecko) Chrome/98.0.4758.102 Safari/537.36"
14.192.213.27 - - [19/Feb/2022:23:17:35 +0800] "GET /js/FileSaver.js HTTP/1.1" 200 0 "https://mypriv.online/kodan" "Mozilla/5.0 (Windows NT 10.0; Win64; x64) AppleWebKit/537.36 (KHTML, like Gecko) Chrome/98.0.4758.102 Safari/537.36"
14.192.213.27 - - [19/Feb/2022:23:17:36 +0800] "GET /favicon.ico HTTP/1.1" 200 0 "https://mypriv.online/kodan" "Mozilla/5.0 (Windows NT 10.0; Win64; x64) AppleWebKit/537.36 (KHTML, like Gecko) Chrome/98.0.4758.102 Safari/537.36"
14.192.213.27 - - [19/Feb/2022:23:21:27 +0800] "GET /kodan HTTP/1.1" 200 0 "https://mypriv.online/kodan" "Mozilla/5.0 (Windows NT 10.0; Win64; x64) AppleWebKit/537.36 (KHTML, like Gecko) Chrome/98.0.4758.102 Safari/537.36"
14.192.213.27 - - [19/Feb/2022:23:22:16 +0800] "GET /kodan HTTP/1.1" 200 0 "https://mypriv.online/kodan" "Mozilla/5.0 (Windows NT 10.0; Win64; x64) AppleWebKit/537.36 (KHTML, like Gecko) Chrome/98.0.4758.102 Safari/537.36"
14.192.213.27 - - [19/Feb/2022:23:24:58 +0800] "GET /kodan HTTP/1.1" 200 0 "https://mypriv.online/kodan" "Mozilla/5.0 (Windows NT 10.0; Win64; x64) AppleWebKit/537.36 (KHTML, like Gecko) Chrome/98.0.4758.102 Safari/537.36"
14.192.213.27 - - [19/Feb/2022:23:26:20 +0800] "GET /kodan HTTP/1.1" 200 0 "https://mypriv.online/kodan" "Mozilla/5.0 (Windows NT 10.0; Win64; x64) AppleWebKit/537.36 (KHTML, like Gecko) Chrome/98.0.4758.102 Safari/537.36"
14.192.213.27 - - [19/Feb/2022:23:29:00 +0800] "GET /kodan HTTP/1.1" 200 0 "https://mypriv.online/kodan" "Mozilla/5.0 (Windows NT 10.0; Win64; x64) AppleWebKit/537.36 (KHTML, like Gecko) Chrome/98.0.4758.102 Safari/537.36"
14.192.213.27 - - [19/Feb/2022:23:31:47 +0800] "GET /kodan HTTP/1.1" 200 0 "https://mypriv.online/kodan" "Mozilla/5.0 (Windows NT 10.0; Win64; x64) AppleWebKit/537.36 (KHTML, like Gecko) Chrome/98.0.4758.102 Safari/537.36"
14.192.213.27 - - [19/Feb/2022:23:36:37 +0800] "GET /kodan HTTP/1.1" 200 0 "https://mypriv.online/kodan" "Mozilla/5.0 (Windows NT 10.0; Win64; x64) AppleWebKit/537.36 (KHTML, like Gecko) Chrome/98.0.4758.102 Safari/537.36"
14.192.213.27 - - [19/Feb/2022:23:37:07 +0800] "GET /kodan HTTP/1.1" 200 0 "https://mypriv.online/kodan" "Mozilla/5.0 (Windows NT 10.0; Win64; x64) AppleWebKit/537.36 (KHTML, like Gecko) Chrome/98.0.4758.102 Safari/537.36"
